Archive member included to satisfy reference by file (symbol)

C:\Users\zhangrun\OneDrive\my_doc\project\graduate_design\graduatedesign\code\stm32\fft_process\CMSIS_DSP\GCC\libarm_cortexM7lfdp_math.a(arm_cfft_radix4_init_f32.o)
                              ./FFT/fft.o (arm_cfft_radix4_init_f32)
C:\Users\zhangrun\OneDrive\my_doc\project\graduate_design\graduatedesign\code\stm32\fft_process\CMSIS_DSP\GCC\libarm_cortexM7lfdp_math.a(arm_cfft_radix4_f32.o)
                              ./FFT/fft.o (arm_cfft_radix4_f32)
C:\Users\zhangrun\OneDrive\my_doc\project\graduate_design\graduatedesign\code\stm32\fft_process\CMSIS_DSP\GCC\libarm_cortexM7lfdp_math.a(arm_bitreversal.o)
                              C:\Users\zhangrun\OneDrive\my_doc\project\graduate_design\graduatedesign\code\stm32\fft_process\CMSIS_DSP\GCC\libarm_cortexM7lfdp_math.a(arm_cfft_radix4_f32.o) (arm_bitreversal_f32)
C:\Users\zhangrun\OneDrive\my_doc\project\graduate_design\graduatedesign\code\stm32\fft_process\CMSIS_DSP\GCC\libarm_cortexM7lfdp_math.a(arm_cmplx_mag_f32.o)
                              ./FFT/fft.o (arm_cmplx_mag_f32)
C:\Users\zhangrun\OneDrive\my_doc\project\graduate_design\graduatedesign\code\stm32\fft_process\CMSIS_DSP\GCC\libarm_cortexM7lfdp_math.a(arm_common_tables.o)
                              C:\Users\zhangrun\OneDrive\my_doc\project\graduate_design\graduatedesign\code\stm32\fft_process\CMSIS_DSP\GCC\libarm_cortexM7lfdp_math.a(arm_cfft_radix4_init_f32.o) (twiddleCoef_4096)
c:/myprogram/st/stm32cubeide_1.8.0/stm32cubeide/plugins/com.st.stm32cube.ide.mcu.externaltools.gnu-tools-for-stm32.10.3-2021.10.win32_1.0.0.202111181127/tools/bin/../lib/gcc/arm-none-eabi/10.3.1/../../../../arm-none-eabi/lib/thumb/v7e-m+dp/hard\libc_nano.a(lib_a-errno.o)
                              ./Core/Src/syscalls.o (__errno)
c:/myprogram/st/stm32cubeide_1.8.0/stm32cubeide/plugins/com.st.stm32cube.ide.mcu.externaltools.gnu-tools-for-stm32.10.3-2021.10.win32_1.0.0.202111181127/tools/bin/../lib/gcc/arm-none-eabi/10.3.1/../../../../arm-none-eabi/lib/thumb/v7e-m+dp/hard\libc_nano.a(lib_a-exit.o)
                              c:/myprogram/st/stm32cubeide_1.8.0/stm32cubeide/plugins/com.st.stm32cube.ide.mcu.externaltools.gnu-tools-for-stm32.10.3-2021.10.win32_1.0.0.202111181127/tools/bin/../lib/gcc/arm-none-eabi/10.3.1/../../../../arm-none-eabi/lib/thumb/v7e-m+dp/hard/crt0.o (exit)
c:/myprogram/st/stm32cubeide_1.8.0/stm32cubeide/plugins/com.st.stm32cube.ide.mcu.externaltools.gnu-tools-for-stm32.10.3-2021.10.win32_1.0.0.202111181127/tools/bin/../lib/gcc/arm-none-eabi/10.3.1/../../../../arm-none-eabi/lib/thumb/v7e-m+dp/hard\libc_nano.a(lib_a-impure.o)
                              c:/myprogram/st/stm32cubeide_1.8.0/stm32cubeide/plugins/com.st.stm32cube.ide.mcu.externaltools.gnu-tools-for-stm32.10.3-2021.10.win32_1.0.0.202111181127/tools/bin/../lib/gcc/arm-none-eabi/10.3.1/../../../../arm-none-eabi/lib/thumb/v7e-m+dp/hard\libc_nano.a(lib_a-exit.o) (_global_impure_ptr)
c:/myprogram/st/stm32cubeide_1.8.0/stm32cubeide/plugins/com.st.stm32cube.ide.mcu.externaltools.gnu-tools-for-stm32.10.3-2021.10.win32_1.0.0.202111181127/tools/bin/../lib/gcc/arm-none-eabi/10.3.1/../../../../arm-none-eabi/lib/thumb/v7e-m+dp/hard\libc_nano.a(lib_a-init.o)
                              c:/myprogram/st/stm32cubeide_1.8.0/stm32cubeide/plugins/com.st.stm32cube.ide.mcu.externaltools.gnu-tools-for-stm32.10.3-2021.10.win32_1.0.0.202111181127/tools/bin/../lib/gcc/arm-none-eabi/10.3.1/../../../../arm-none-eabi/lib/thumb/v7e-m+dp/hard/crt0.o (__libc_init_array)
c:/myprogram/st/stm32cubeide_1.8.0/stm32cubeide/plugins/com.st.stm32cube.ide.mcu.externaltools.gnu-tools-for-stm32.10.3-2021.10.win32_1.0.0.202111181127/tools/bin/../lib/gcc/arm-none-eabi/10.3.1/../../../../arm-none-eabi/lib/thumb/v7e-m+dp/hard\libc_nano.a(lib_a-memcpy-stub.o)
                              ./USB_DEVICE/App/usbd_cdc_if.o (memcpy)
c:/myprogram/st/stm32cubeide_1.8.0/stm32cubeide/plugins/com.st.stm32cube.ide.mcu.externaltools.gnu-tools-for-stm32.10.3-2021.10.win32_1.0.0.202111181127/tools/bin/../lib/gcc/arm-none-eabi/10.3.1/../../../../arm-none-eabi/lib/thumb/v7e-m+dp/hard\libc_nano.a(lib_a-memset.o)
                              c:/myprogram/st/stm32cubeide_1.8.0/stm32cubeide/plugins/com.st.stm32cube.ide.mcu.externaltools.gnu-tools-for-stm32.10.3-2021.10.win32_1.0.0.202111181127/tools/bin/../lib/gcc/arm-none-eabi/10.3.1/../../../../arm-none-eabi/lib/thumb/v7e-m+dp/hard/crt0.o (memset)
c:/myprogram/st/stm32cubeide_1.8.0/stm32cubeide/plugins/com.st.stm32cube.ide.mcu.externaltools.gnu-tools-for-stm32.10.3-2021.10.win32_1.0.0.202111181127/tools/bin/../lib/gcc/arm-none-eabi/10.3.1/../../../../arm-none-eabi/lib/thumb/v7e-m+dp/hard\libc_nano.a(lib_a-vsnprintf.o)
                              ./USB_DEVICE/App/usbd_cdc_if.o (vsnprintf)
[...]
Memory Configuration

Name             Origin             Length             Attributes
FLASH            0x0000000008000000 0x0000000000020000 xr
DTCMRAM          0x0000000020000000 0x0000000000020000 xrw
RAM_D1           0x0000000024000000 0x0000000000080000 xrw
RAM_D2           0x0000000030000000 0x0000000000048000 xrw
RAM_D3           0x0000000038000000 0x0000000000010000 xrw
ITCMRAM          0x0000000000000000 0x0000000000010000 xrw
*default*        0x0000000000000000 0xffffffffffffffff

Linker script and memory map

LOAD c:/myprogram/st/stm32cubeide_1.8.0/stm32cubeide/plugins/com.st.stm32cube.ide.mcu.externaltools.gnu-tools-for-stm32.10.3-2021.10.win32_1.0.0.202111181127/tools/bin/../lib/gcc/arm-none-eabi/10.3.1/thumb/v7e-m+dp/hard/crti.o
LOAD c:/myprogram/st/stm32cubeide_1.8.0/stm32cubeide/plugins/com.st.stm32cube.ide.mcu.externaltools.gnu-tools-for-stm32.10.3-2021.10.win32_1.0.0.202111181127/tools/bin/../lib/gcc/arm-none-eabi/10.3.1/thumb/v7e-m+dp/hard/crtbegin.o
LOAD c:/myprogram/st/stm32cubeide_1.8.0/stm32cubeide/plugins/com.st.stm32cube.ide.mcu.externaltools.gnu-tools-for-stm32.10.3-2021.10.win32_1.0.0.202111181127/tools/bin/../lib/gcc/arm-none-eabi/10.3.1/../../../../arm-none-eabi/lib/thumb/v7e-m+dp/hard/crt0.o
LOAD ./Core/Src/gpio.o
LOAD ./Core/Src/main.o
LOAD ./Core/Src/stm32h7xx_hal_msp.o
LOAD ./Core/Src/stm32h7xx_it.o
LOAD ./Core/Src/syscalls.o
LOAD ./Core/Src/sysmem.o
LOAD ./Core/Src/system_stm32h7xx.o
LOAD ./Core/Startup/startup_stm32h750vbtx.o
LOAD ./Drivers/STM32H7xx_HAL_Driver/Src/stm32h7xx_hal.o
LOAD ./Drivers/STM32H7xx_HAL_Driver/Src/stm32h7xx_hal_cortex.o
LOAD ./Drivers/STM32H7xx_HAL_Driver/Src/stm32h7xx_hal_dma.o
LOAD ./Drivers/STM32H7xx_HAL_Driver/Src/stm32h7xx_hal_dma_ex.o
LOAD ./Drivers/STM32H7xx_HAL_Driver/Src/stm32h7xx_hal_exti.o
LOAD ./Drivers/STM32H7xx_HAL_Driver/Src/stm32h7xx_hal_flash.o
LOAD ./Drivers/STM32H7xx_HAL_Driver/Src/stm32h7xx_hal_flash_ex.o
LOAD ./Drivers/STM32H7xx_HAL_Driver/Src/stm32h7xx_hal_gpio.o
LOAD ./Drivers/STM32H7xx_HAL_Driver/Src/stm32h7xx_hal_hsem.o
LOAD ./Drivers/STM32H7xx_HAL_Driver/Src/stm32h7xx_hal_i2c.o
LOAD ./Drivers/STM32H7xx_HAL_Driver/Src/stm32h7xx_hal_i2c_ex.o
LOAD ./Drivers/STM32H7xx_HAL_Driver/Src/stm32h7xx_hal_mdma.o
LOAD ./Drivers/STM32H7xx_HAL_Driver/Src/stm32h7xx_hal_pcd.o
LOAD ./Drivers/STM32H7xx_HAL_Driver/Src/stm32h7xx_hal_pcd_ex.o
LOAD ./Drivers/STM32H7xx_HAL_Driver/Src/stm32h7xx_hal_pwr.o
LOAD ./Drivers/STM32H7xx_HAL_Driver/Src/stm32h7xx_hal_pwr_ex.o
LOAD ./Drivers/STM32H7xx_HAL_Driver/Src/stm32h7xx_hal_rcc.o
LOAD ./Drivers/STM32H7xx_HAL_Driver/Src/stm32h7xx_hal_rcc_ex.o
LOAD ./Drivers/STM32H7xx_HAL_Driver/Src/stm32h7xx_hal_tim.o
LOAD ./Drivers/STM32H7xx_HAL_Driver/Src/stm32h7xx_hal_tim_ex.o
LOAD ./Drivers/STM32H7xx_HAL_Driver/Src/stm32h7xx_ll_usb.o
LOAD ./FFT/fft.o
LOAD ./Middlewares/ST/STM32_USB_Device_Library/Class/CDC/Src/usbd_cdc.o
LOAD ./Middlewares/ST/STM32_USB_Device_Library/Core/Src/usbd_core.o
LOAD ./Middlewares/ST/STM32_USB_Device_Library/Core/Src/usbd_ctlreq.o
LOAD ./Middlewares/ST/STM32_USB_Device_Library/Core/Src/usbd_ioreq.o
LOAD ./USB_DEVICE/App/usb_device.o
LOAD ./USB_DEVICE/App/usbd_cdc_if.o
LOAD ./USB_DEVICE/App/usbd_desc.o
LOAD ./USB_DEVICE/Target/usbd_conf.o
LOAD C:\Users\zhangrun\OneDrive\my_doc\project\graduate_design\graduatedesign\code\stm32\fft_process\CMSIS_DSP\GCC\libarm_cortexM7lfdp_math.a
START GROUP
LOAD c:/myprogram/st/stm32cubeide_1.8.0/stm32cubeide/plugins/com.st.stm32cube.ide.mcu.externaltools.gnu-tools-for-stm32.10.3-2021.10.win32_1.0.0.202111181127/tools/bin/../lib/gcc/arm-none-eabi/10.3.1/../../../../arm-none-eabi/lib/thumb/v7e-m+dp/hard\libc_nano.a
LOAD c:/myprogram/st/stm32cubeide_1.8.0/stm32cubeide/plugins/com.st.stm32cube.ide.mcu.externaltools.gnu-tools-for-stm32.10.3-2021.10.win32_1.0.0.202111181127/tools/bin/../lib/gcc/arm-none-eabi/10.3.1/../../../../arm-none-eabi/lib/thumb/v7e-m+dp/hard\libm.a
END GROUP
START GROUP
LOAD c:/myprogram/st/stm32cubeide_1.8.0/stm32cubeide/plugins/com.st.stm32cube.ide.mcu.externaltools.gnu-tools-for-stm32.10.3-2021.10.win32_1.0.0.202111181127/tools/bin/../lib/gcc/arm-none-eabi/10.3.1/thumb/v7e-m+dp/hard\libgcc.a
LOAD c:/myprogram/st/stm32cubeide_1.8.0/stm32cubeide/plugins/com.st.stm32cube.ide.mcu.externaltools.gnu-tools-for-stm32.10.3-2021.10.win32_1.0.0.202111181127/tools/bin/../lib/gcc/arm-none-eabi/10.3.1/../../../../arm-none-eabi/lib/thumb/v7e-m+dp/hard\libc_nano.a
END GROUP
START GROUP
LOAD c:/myprogram/st/stm32cubeide_1.8.0/stm32cubeide/plugins/com.st.stm32cube.ide.mcu.externaltools.gnu-tools-for-stm32.10.3-2021.10.win32_1.0.0.202111181127/tools/bin/../lib/gcc/arm-none-eabi/10.3.1/thumb/v7e-m+dp/hard\libgcc.a
LOAD c:/myprogram/st/stm32cubeide_1.8.0/stm32cubeide/plugins/com.st.stm32cube.ide.mcu.externaltools.gnu-tools-for-stm32.10.3-2021.10.win32_1.0.0.202111181127/tools/bin/../lib/gcc/arm-none-eabi/10.3.1/../../../../arm-none-eabi/lib/thumb/v7e-m+dp/hard\libc_nano.a
LOAD c:/myprogram/st/stm32cubeide_1.8.0/stm32cubeide/plugins/com.st.stm32cube.ide.mcu.externaltools.gnu-tools-for-stm32.10.3-2021.10.win32_1.0.0.202111181127/tools/bin/../lib/gcc/arm-none-eabi/10.3.1/../../../../arm-none-eabi/lib/thumb/v7e-m+dp/hard\libnosys.a
END GROUP
START GROUP
LOAD c:/myprogram/st/stm32cubeide_1.8.0/stm32cubeide/plugins/com.st.stm32cube.ide.mcu.externaltools.gnu-tools-for-stm32.10.3-2021.10.win32_1.0.0.202111181127/tools/bin/../lib/gcc/arm-none-eabi/10.3.1/thumb/v7e-m+dp/hard\libgcc.a
LOAD c:/myprogram/st/stm32cubeide_1.8.0/stm32cubeide/plugins/com.st.stm32cube.ide.mcu.externaltools.gnu-tools-for-stm32.10.3-2021.10.win32_1.0.0.202111181127/tools/bin/../lib/gcc/arm-none-eabi/10.3.1/../../../../arm-none-eabi/lib/thumb/v7e-m+dp/hard\libc_nano.a
LOAD c:/myprogram/st/stm32cubeide_1.8.0/stm32cubeide/plugins/com.st.stm32cube.ide.mcu.externaltools.gnu-tools-for-stm32.10.3-2021.10.win32_1.0.0.202111181127/tools/bin/../lib/gcc/arm-none-eabi/10.3.1/../../../../arm-none-eabi/lib/thumb/v7e-m+dp/hard\libnosys.a
END GROUP
LOAD c:/myprogram/st/stm32cubeide_1.8.0/stm32cubeide/plugins/com.st.stm32cube.ide.mcu.externaltools.gnu-tools-for-stm32.10.3-2021.10.win32_1.0.0.202111181127/tools/bin/../lib/gcc/arm-none-eabi/10.3.1/thumb/v7e-m+dp/hard/crtend.o
LOAD c:/myprogram/st/stm32cubeide_1.8.0/stm32cubeide/plugins/com.st.stm32cube.ide.mcu.externaltools.gnu-tools-for-stm32.10.3-2021.10.win32_1.0.0.202111181127/tools/bin/../lib/gcc/arm-none-eabi/10.3.1/thumb/v7e-m+dp/hard/crtn.o
                0x0000000024080000                _estack = (ORIGIN (RAM_D1) + LENGTH (RAM_D1))
                0x0000000000001000                _Min_Heap_Size = 0x1000
                0x0000000000000400                _Min_Stack_Size = 0x400

.isr_vector     0x0000000008000000      0x298
                0x0000000008000000                . = ALIGN (0x4)
 *(.isr_vector)
 .isr_vector    0x0000000008000000      0x298 ./Core/Startup/startup_stm32h750vbtx.o
                0x0000000008000000                g_pfnVectors
                0x0000000008000298                . = ALIGN (0x4)

.text           0x00000000080002a0     0x9f08
                0x00000000080002a0                . = ALIGN (0x4)
 *(.text)
 .text          0x00000000080002a0       0x40 c:/myprogram/st/stm32cubeide_1.8.0/stm32cubeide/plugins/com.st.stm32cube.ide.mcu.externaltools.gnu-tools-for-stm32.10.3-2021.10.win32_1.0.0.202111181127/tools/bin/../lib/gcc/arm-none-eabi/10.3.1/thumb/v7e-m+dp/hard/crtbegin.o
 .text          0x00000000080002e0       0xa0 c:/myprogram/st/stm32cubeide_1.8.0/stm32cubeide/plugins/com.st.stm32cube.ide.mcu.externaltools.gnu-tools-for-stm32.10.3-2021.10.win32_1.0.0.202111181127/tools/bin/../lib/gcc/arm-none-eabi/10.3.1/../../../../arm-none-eabi/lib/thumb/v7e-m+dp/hard\libc_nano.a(lib_a-memchr.o)
                0x00000000080002e0                memchr
 *(.text*)
 .text.MX_GPIO_Init
                0x0000000008000380       0xd4 ./Core/Src/gpio.o
                0x0000000008000380                MX_GPIO_Init
 .text.main     0x0000000008000454       0x16 ./Core/Src/main.o
                0x0000000008000454                main
 *fill*         0x000000000800046a        0x2 
 .text.SystemClock_Config
                0x000000000800046c       0xf8 ./Core/Src/main.o
                0x000000000800046c                SystemClock_Config
 .text.Error_Handler
                0x0000000008000564        0xa ./Core/Src/main.o
                0x0000000008000564                Error_Handler
 *fill*         0x000000000800056e        0x2 
 .text.HAL_MspInit
                0x0000000008000570       0x34 ./Core/Src/stm32h7xx_hal_msp.o
                0x0000000008000570                HAL_MspInit
 .text.NMI_Handler
                0x00000000080005a4        0x6 ./Core/Src/stm32h7xx_it.o
                0x00000000080005a4                NMI_Handler
 .text.HardFault_Handler
                0x00000000080005aa        0x6 ./Core/Src/stm32h7xx_it.o
                0x00000000080005aa                HardFault_Handler
 .text.MemManage_Handler
                0x00000000080005b0        0x6 ./Core/Src/stm32h7xx_it.o
                0x00000000080005b0                MemManage_Handler
 .text.BusFault_Handler
                0x00000000080005b6        0x6 ./Core/Src/stm32h7xx_it.o
                0x00000000080005b6                BusFault_Handler
 .text.UsageFault_Handler
                0x00000000080005bc        0x6 ./Core/Src/stm32h7xx_it.o
                0x00000000080005bc                UsageFault_Handler
 .text.SVC_Handler
                0x00000000080005c2        0xe ./Core/Src/stm32h7xx_it.o
                0x00000000080005c2                SVC_Handler
 .text.DebugMon_Handler
                0x00000000080005d0        0xe ./Core/Src/stm32h7xx_it.o
                0x00000000080005d0                DebugMon_Handler
 .text.PendSV_Handler
                0x00000000080005de        0xe ./Core/Src/stm32h7xx_it.o
                0x00000000080005de                PendSV_Handler
 .text.SysTick_Handler
                0x00000000080005ec        0xc ./Core/Src/stm32h7xx_it.o
                0x00000000080005ec                SysTick_Handler
 .text.EXTI15_10_IRQHandler
                0x00000000080005f8       0x10 ./Core/Src/stm32h7xx_it.o
                0x00000000080005f8                EXTI15_10_IRQHandler
 .text.OTG_FS_IRQHandler
                0x0000000008000608       0x14 ./Core/Src/stm32h7xx_it.o
                0x0000000008000608                OTG_FS_IRQHandler
 .text.HAL_GPIO_EXTI_Callback
                0x000000000800061c       0x1e ./Core/Src/stm32h7xx_it.o
                0x000000000800061c                HAL_GPIO_EXTI_Callback
 *fill*         0x000000000800063a        0x2 
 .text._sbrk    0x000000000800063c       0x6c ./Core/Src/sysmem.o
                0x000000000800063c                _sbrk
 .text.SystemInit
                0x00000000080006a8      0x110 ./Core/Src/system_stm32h7xx.o
                0x00000000080006a8                SystemInit
 .text.Reset_Handler
                0x00000000080007b8       0x50 ./Core/Startup/startup_stm32h750vbtx.o
                0x00000000080007b8                Reset_Handler
 .text.Default_Handler
                0x0000000008000808        0x2 ./Core/Startup/startup_stm32h750vbtx.o
                0x0000000008000808                RTC_Alarm_IRQHandler
                0x0000000008000808                HASH_RNG_IRQHandler
                0x0000000008000808                EXTI2_IRQHandler
                0x0000000008000808                TIM8_CC_IRQHandler
                0x0000000008000808                HRTIM1_Master_IRQHandler
                0x0000000008000808                UART8_IRQHandler
                0x0000000008000808                SPI4_IRQHandler
                0x0000000008000808                TIM1_CC_IRQHandler
                0x0000000008000808                BDMA_Channel6_IRQHandler
                0x0000000008000808                DMA2_Stream5_IRQHandler
                0x0000000008000808                HRTIM1_FLT_IRQHandler
                0x0000000008000808                JPEG_IRQHandler
                0x0000000008000808                DMA1_Stream5_IRQHandler
                0x0000000008000808                BDMA_Channel1_IRQHandler
                0x0000000008000808                HRTIM1_TIMD_IRQHandler
                0x0000000008000808                TAMP_STAMP_IRQHandler
                0x0000000008000808                EXTI3_IRQHandler
                0x0000000008000808                LPTIM4_IRQHandler
                0x0000000008000808                TIM8_TRG_COM_TIM14_IRQHandler
                0x0000000008000808                LPTIM2_IRQHandler
                0x0000000008000808                DFSDM1_FLT1_IRQHandler
                0x0000000008000808                DMAMUX2_OVR_IRQHandler
                0x0000000008000808                TIM8_UP_TIM13_IRQHandler
                0x0000000008000808                I2C3_ER_IRQHandler
                0x0000000008000808                DFSDM1_FLT2_IRQHandler
                0x0000000008000808                MDMA_IRQHandler
                0x0000000008000808                LPTIM3_IRQHandler
                0x0000000008000808                HSEM1_IRQHandler
                0x0000000008000808                EXTI0_IRQHandler
                0x0000000008000808                I2C2_EV_IRQHandler
                0x0000000008000808                DMA1_Stream2_IRQHandler
                0x0000000008000808                FPU_IRQHandler
                0x0000000008000808                OTG_HS_WKUP_IRQHandler
                0x0000000008000808                FDCAN1_IT1_IRQHandler
                0x0000000008000808                LTDC_ER_IRQHandler
                0x0000000008000808                DMA2_Stream2_IRQHandler
                0x0000000008000808                HRTIM1_TIME_IRQHandler
                0x0000000008000808                SPI1_IRQHandler
                0x0000000008000808                TIM6_DAC_IRQHandler
                0x0000000008000808                DCMI_IRQHandler
                0x0000000008000808                HRTIM1_TIMC_IRQHandler
                0x0000000008000808                DMA2_Stream3_IRQHandler
                0x0000000008000808                SAI2_IRQHandler
                0x0000000008000808                DFSDM1_FLT3_IRQHandler
                0x0000000008000808                USART6_IRQHandler
                0x0000000008000808                TIM17_IRQHandler
                0x0000000008000808                USART3_IRQHandler
                0x0000000008000808                BDMA_Channel7_IRQHandler
                0x0000000008000808                CRYP_IRQHandler
                0x0000000008000808                LPTIM5_IRQHandler
                0x0000000008000808                UART5_IRQHandler
                0x0000000008000808                ADC3_IRQHandler
                0x0000000008000808                DMA2_Stream0_IRQHandler
                0x0000000008000808                TIM4_IRQHandler
                0x0000000008000808                BDMA_Channel2_IRQHandler
                0x0000000008000808                QUADSPI_IRQHandler
                0x0000000008000808                I2C1_EV_IRQHandler
                0x0000000008000808                DMA1_Stream6_IRQHandler
                0x0000000008000808                DMAMUX1_OVR_IRQHandler
                0x0000000008000808                DMA1_Stream1_IRQHandler
                0x0000000008000808                TIM16_IRQHandler
                0x0000000008000808                UART4_IRQHandler
                0x0000000008000808                BDMA_Channel5_IRQHandler
                0x0000000008000808                TIM3_IRQHandler
                0x0000000008000808                RCC_IRQHandler
                0x0000000008000808                TIM8_BRK_TIM12_IRQHandler
                0x0000000008000808                TIM1_TRG_COM_IRQHandler
                0x0000000008000808                Default_Handler
                0x0000000008000808                ECC_IRQHandler
                0x0000000008000808                CEC_IRQHandler
                0x0000000008000808                BDMA_Channel0_IRQHandler
                0x0000000008000808                ADC_IRQHandler
                0x0000000008000808                DMA1_Stream7_IRQHandler
                0x0000000008000808                HRTIM1_TIMA_IRQHandler
                0x0000000008000808                SPI5_IRQHandler
                0x0000000008000808                TIM7_IRQHandler
                0x0000000008000808                SDMMC1_IRQHandler
                0x0000000008000808                TIM5_IRQHandler
                0x0000000008000808                DMA2_Stream7_IRQHandler
                0x0000000008000808                TIM15_IRQHandler
                0x0000000008000808                PVD_AVD_IRQHandler
                0x0000000008000808                I2C3_EV_IRQHandler
                0x0000000008000808                EXTI9_5_IRQHandler
                0x0000000008000808                RTC_WKUP_IRQHandler
                0x0000000008000808                LTDC_IRQHandler
                0x0000000008000808                SAI3_IRQHandler
                0x0000000008000808                ETH_WKUP_IRQHandler
                0x0000000008000808                SPDIF_RX_IRQHandler
                0x0000000008000808                SPI2_IRQHandler
                0x0000000008000808                OTG_HS_EP1_IN_IRQHandler
                0x0000000008000808                DMA1_Stream0_IRQHandler
                0x0000000008000808                CRS_IRQHandler
                0x0000000008000808                EXTI4_IRQHandler
                0x0000000008000808                HRTIM1_TIMB_IRQHandler
                0x0000000008000808                FDCAN2_IT1_IRQHandler
                0x0000000008000808                ETH_IRQHandler
                0x0000000008000808                TIM1_UP_IRQHandler
                0x0000000008000808                BDMA_Channel4_IRQHandler
                0x0000000008000808                OTG_HS_EP1_OUT_IRQHandler
                0x0000000008000808                WWDG_IRQHandler
                0x0000000008000808                SPI6_IRQHandler
                0x0000000008000808                MDIOS_IRQHandler
                0x0000000008000808                I2C4_EV_IRQHandler
                0x0000000008000808                FDCAN2_IT0_IRQHandler
                0x0000000008000808                LPUART1_IRQHandler
                0x0000000008000808                FDCAN1_IT0_IRQHandler
                0x0000000008000808                TIM2_IRQHandler
                0x0000000008000808                OTG_FS_WKUP_IRQHandler
                0x0000000008000808                OTG_HS_IRQHandler
                0x0000000008000808                DMA2D_IRQHandler
                0x0000000008000808                TIM1_BRK_IRQHandler
                0x0000000008000808                EXTI1_IRQHandler
                0x0000000008000808                SDMMC2_IRQHandler
                0x0000000008000808                OTG_FS_EP1_OUT_IRQHandler
                0x0000000008000808                BDMA_Channel3_IRQHandler
                0x0000000008000808                UART7_IRQHandler
                0x0000000008000808                MDIOS_WKUP_IRQHandler
                0x0000000008000808                USART2_IRQHandler
                0x0000000008000808                DFSDM1_FLT0_IRQHandler
                0x0000000008000808                SAI4_IRQHandler
                0x0000000008000808                I2C2_ER_IRQHandler
                0x0000000008000808                DMA2_Stream1_IRQHandler
                0x0000000008000808                FLASH_IRQHandler
                0x0000000008000808                DMA2_Stream4_IRQHandler
                0x0000000008000808                USART1_IRQHandler
                0x0000000008000808                SPI3_IRQHandler
                0x0000000008000808                WAKEUP_PIN_IRQHandler
                0x0000000008000808                DMA1_Stream4_IRQHandler
                0x0000000008000808                OTG_FS_EP1_IN_IRQHandler
                0x0000000008000808                I2C1_ER_IRQHandler
                0x0000000008000808                FMC_IRQHandler
                0x0000000008000808                FDCAN_CAL_IRQHandler
                0x0000000008000808                SWPMI1_IRQHandler
                0x0000000008000808                COMP1_IRQHandler
                0x0000000008000808                LPTIM1_IRQHandler
                0x0000000008000808                I2C4_ER_IRQHandler
                0x0000000008000808                DMA2_Stream6_IRQHandler
                0x0000000008000808                SAI1_IRQHandler
                0x0000000008000808                DMA1_Stream3_IRQHandler
 *fill*         0x000000000800080a        0x2 
 .text.HAL_Init
                0x000000000800080c       0x78 ./Drivers/STM32H7xx_HAL_Driver/Src/stm32h7xx_hal.o
                0x000000000800080c                HAL_Init
 .text.HAL_InitTick
                0x0000000008000884       0x6c ./Drivers/STM32H7xx_HAL_Driver/Src/stm32h7xx_hal.o
                0x0000000008000884                HAL_InitTick
 .text.HAL_IncTick
                0x00000000080008f0       0x28 ./Drivers/STM32H7xx_HAL_Driver/Src/stm32h7xx_hal.o
                0x00000000080008f0                HAL_IncTick
 .text.HAL_GetTick
                0x0000000008000918       0x18 ./Drivers/STM32H7xx_HAL_Driver/Src/stm32h7xx_hal.o
                0x0000000008000918                HAL_GetTick
 .text.HAL_Delay
                0x0000000008000930       0x48 ./Drivers/STM32H7xx_HAL_Driver/Src/stm32h7xx_hal.o
                0x0000000008000930                HAL_Delay
 .text.HAL_GetREVID
                0x0000000008000978       0x18 ./Drivers/STM32H7xx_HAL_Driver/Src/stm32h7xx_hal.o
                0x0000000008000978                HAL_GetREVID
 .text.__NVIC_SetPriorityGrouping
                0x0000000008000990       0x48 ./Drivers/STM32H7xx_HAL_Driver/Src/stm32h7xx_hal_cortex.o
 .text.__NVIC_GetPriorityGrouping
                0x00000000080009d8       0x1c ./Drivers/STM32H7xx_HAL_Driver/Src/stm32h7xx_hal_cortex.o
 .text.__NVIC_EnableIRQ
                0x00000000080009f4       0x3c ./Drivers/STM32H7xx_HAL_Driver/Src/stm32h7xx_hal_cortex.o
 .text.__NVIC_SetPriority
                0x0000000008000a30       0x54 ./Drivers/STM32H7xx_HAL_Driver/Src/stm32h7xx_hal_cortex.o
 .text.NVIC_EncodePriority
                0x0000000008000a84       0x66 ./Drivers/STM32H7xx_HAL_Driver/Src/stm32h7xx_hal_cortex.o
 *fill*         0x0000000008000aea        0x2 
 .text.SysTick_Config
                0x0000000008000aec       0x44 ./Drivers/STM32H7xx_HAL_Driver/Src/stm32h7xx_hal_cortex.o
 .text.HAL_NVIC_SetPriorityGrouping
                0x0000000008000b30       0x16 ./Drivers/STM32H7xx_HAL_Driver/Src/stm32h7xx_hal_cortex.o
                0x0000000008000b30                HAL_NVIC_SetPriorityGrouping
 .text.HAL_NVIC_SetPriority
                0x0000000008000b46       0x34 ./Drivers/STM32H7xx_HAL_Driver/Src/stm32h7xx_hal_cortex.o
                0x0000000008000b46                HAL_NVIC_SetPriority
 .text.HAL_NVIC_EnableIRQ
                0x0000000008000b7a       0x1c ./Drivers/STM32H7xx_HAL_Driver/Src/stm32h7xx_hal_cortex.o
                0x0000000008000b7a                HAL_NVIC_EnableIRQ
 .text.HAL_SYSTICK_Config
                0x0000000008000b96       0x18 ./Drivers/STM32H7xx_HAL_Driver/Src/stm32h7xx_hal_cortex.o
                0x0000000008000b96                HAL_SYSTICK_Config
 *fill*         0x0000000008000bae        0x2 
 .text.HAL_GPIO_Init
                0x0000000008000bb0      0x360 ./Drivers/STM32H7xx_HAL_Driver/Src/stm32h7xx_hal_gpio.o
                0x0000000008000bb0                HAL_GPIO_Init
 .text.HAL_GPIO_WritePin
                0x0000000008000f10       0x32 ./Drivers/STM32H7xx_HAL_Driver/Src/stm32h7xx_hal_gpio.o
                0x0000000008000f10                HAL_GPIO_WritePin
 .text.HAL_GPIO_EXTI_IRQHandler
                0x0000000008000f42       0x34 ./Drivers/STM32H7xx_HAL_Driver/Src/stm32h7xx_hal_gpio.o
                0x0000000008000f42                HAL_GPIO_EXTI_IRQHandler
 .text.HAL_PCD_Init
                0x0000000008000f76      0x248 ./Drivers/STM32H7xx_HAL_Driver/Src/stm32h7xx_hal_pcd.o
                0x0000000008000f76                HAL_PCD_Init
 .text.HAL_PCD_Start
                0x00000000080011be       0x66 ./Drivers/STM32H7xx_HAL_Driver/Src/stm32h7xx_hal_pcd.o
                0x00000000080011be                HAL_PCD_Start
 .text.HAL_PCD_IRQHandler
                0x0000000008001224      0x998 ./Drivers/STM32H7xx_HAL_Driver/Src/stm32h7xx_hal_pcd.o
                0x0000000008001224                HAL_PCD_IRQHandler
 .text.HAL_PCD_SetAddress
                0x0000000008001bbc       0x4a ./Drivers/STM32H7xx_HAL_Driver/Src/stm32h7xx_hal_pcd.o
                0x0000000008001bbc                HAL_PCD_SetAddress
 .text.HAL_PCD_EP_Open
                0x0000000008001c06       0xd0 ./Drivers/STM32H7xx_HAL_Driver/Src/stm32h7xx_hal_pcd.o
                0x0000000008001c06                HAL_PCD_EP_Open
 .text.HAL_PCD_EP_Close
                0x0000000008001cd6       0x94 ./Drivers/STM32H7xx_HAL_Driver/Src/stm32h7xx_hal_pcd.o
                0x0000000008001cd6                HAL_PCD_EP_Close
 .text.HAL_PCD_EP_Receive
                0x0000000008001d6a       0x96 ./Drivers/STM32H7xx_HAL_Driver/Src/stm32h7xx_hal_pcd.o
                0x0000000008001d6a                HAL_PCD_EP_Receive
 .text.HAL_PCD_EP_GetRxCount
                0x0000000008001e00       0x30 ./Drivers/STM32H7xx_HAL_Driver/Src/stm32h7xx_hal_pcd.o
                0x0000000008001e00                HAL_PCD_EP_GetRxCount
 .text.HAL_PCD_EP_Transmit
                0x0000000008001e30       0x94 ./Drivers/STM32H7xx_HAL_Driver/Src/stm32h7xx_hal_pcd.o
                0x0000000008001e30                HAL_PCD_EP_Transmit
 .text.HAL_PCD_EP_SetStall
                0x0000000008001ec4       0xc8 ./Drivers/STM32H7xx_HAL_Driver/Src/stm32h7xx_hal_pcd.o
                0x0000000008001ec4                HAL_PCD_EP_SetStall
 .text.HAL_PCD_EP_ClrStall
                0x0000000008001f8c       0xac ./Drivers/STM32H7xx_HAL_Driver/Src/stm32h7xx_hal_pcd.o
                0x0000000008001f8c                HAL_PCD_EP_ClrStall
 .text.HAL_PCD_EP_Abort
                0x0000000008002038       0x62 ./Drivers/STM32H7xx_HAL_Driver/Src/stm32h7xx_hal_pcd.o
                0x0000000008002038                HAL_PCD_EP_Abort
 .text.PCD_WriteEmptyTxFifo
                0x000000000800209a      0x11a ./Drivers/STM32H7xx_HAL_Driver/Src/stm32h7xx_hal_pcd.o
 .text.PCD_EP_OutXfrComplete_int
                0x00000000080021b4      0x1d0 ./Drivers/STM32H7xx_HAL_Driver/Src/stm32h7xx_hal_pcd.o
 .text.PCD_EP_OutSetupPacket_int
                0x0000000008002384       0x8c ./Drivers/STM32H7xx_HAL_Driver/Src/stm32h7xx_hal_pcd.o
 .text.HAL_PCDEx_SetTxFiFo
                0x0000000008002410       0x8e ./Drivers/STM32H7xx_HAL_Driver/Src/stm32h7xx_hal_pcd_ex.o
                0x0000000008002410                HAL_PCDEx_SetTxFiFo
 .text.HAL_PCDEx_SetRxFiFo
                0x000000000800249e       0x22 ./Drivers/STM32H7xx_HAL_Driver/Src/stm32h7xx_hal_pcd_ex.o
                0x000000000800249e                HAL_PCDEx_SetRxFiFo
 .text.HAL_PCDEx_ActivateLPM
                0x00000000080024c0       0x48 ./Drivers/STM32H7xx_HAL_Driver/Src/stm32h7xx_hal_pcd_ex.o
                0x00000000080024c0                HAL_PCDEx_ActivateLPM
 .text.HAL_PCDEx_LPM_Callback
                0x0000000008002508       0x18 ./Drivers/STM32H7xx_HAL_Driver/Src/stm32h7xx_hal_pcd_ex.o
                0x0000000008002508                HAL_PCDEx_LPM_Callback
 .text.HAL_PWREx_ConfigSupply
                0x0000000008002520       0x74 ./Drivers/STM32H7xx_HAL_Driver/Src/stm32h7xx_hal_pwr_ex.o
                0x0000000008002520                HAL_PWREx_ConfigSupply
 .text.HAL_PWREx_EnableUSBVoltageDetector
                0x0000000008002594       0x20 ./Drivers/STM32H7xx_HAL_Driver/Src/stm32h7xx_hal_pwr_ex.o
                0x0000000008002594                HAL_PWREx_EnableUSBVoltageDetector
 .text.HAL_RCC_OscConfig
                0x00000000080025b4      0x85c ./Drivers/STM32H7xx_HAL_Driver/Src/stm32h7xx_hal_rcc.o
                0x00000000080025b4                HAL_RCC_OscConfig
 .text.HAL_RCC_ClockConfig
                0x0000000008002e10      0x36c ./Drivers/STM32H7xx_HAL_Driver/Src/stm32h7xx_hal_rcc.o
                0x0000000008002e10                HAL_RCC_ClockConfig
 .text.HAL_RCC_GetSysClockFreq
                0x000000000800317c      0x2f4 ./Drivers/STM32H7xx_HAL_Driver/Src/stm32h7xx_hal_rcc.o
                0x000000000800317c                HAL_RCC_GetSysClockFreq
 .text.HAL_RCC_GetHCLKFreq
                0x0000000008003470       0x60 ./Drivers/STM32H7xx_HAL_Driver/Src/stm32h7xx_hal_rcc.o
                0x0000000008003470                HAL_RCC_GetHCLKFreq
 .text.HAL_RCCEx_PeriphCLKConfig
                0x00000000080034d0      0xe8c ./Drivers/STM32H7xx_HAL_Driver/Src/stm32h7xx_hal_rcc_ex.o
                0x00000000080034d0                HAL_RCCEx_PeriphCLKConfig
 .text.RCCEx_PLL2_Config
                0x000000000800435c      0x164 ./Drivers/STM32H7xx_HAL_Driver/Src/stm32h7xx_hal_rcc_ex.o
 .text.RCCEx_PLL3_Config
                0x00000000080044c0      0x164 ./Drivers/STM32H7xx_HAL_Driver/Src/stm32h7xx_hal_rcc_ex.o
 .text.USB_CoreInit
                0x0000000008004624       0xdc ./Drivers/STM32H7xx_HAL_Driver/Src/stm32h7xx_ll_usb.o
                0x0000000008004624                USB_CoreInit
 .text.USB_SetTurnaroundTime
                0x0000000008004700      0x144 ./Drivers/STM32H7xx_HAL_Driver/Src/stm32h7xx_ll_usb.o
                0x0000000008004700                USB_SetTurnaroundTime
 .text.USB_EnableGlobalInt
                0x0000000008004844       0x22 ./Drivers/STM32H7xx_HAL_Driver/Src/stm32h7xx_ll_usb.o
                0x0000000008004844                USB_EnableGlobalInt
 .text.USB_DisableGlobalInt
                0x0000000008004866       0x22 ./Drivers/STM32H7xx_HAL_Driver/Src/stm32h7xx_ll_usb.o
                0x0000000008004866                USB_DisableGlobalInt
 .text.USB_SetCurrentMode
                0x0000000008004888       0x98 ./Drivers/STM32H7xx_HAL_Driver/Src/stm32h7xx_ll_usb.o
                0x0000000008004888                USB_SetCurrentMode
 .text.USB_DevInit
                0x0000000008004920      0x2bc ./Drivers/STM32H7xx_HAL_Driver/Src/stm32h7xx_ll_usb.o
                0x0000000008004920                USB_DevInit
 .text.USB_FlushTxFifo
                0x0000000008004bdc       0x68 ./Drivers/STM32H7xx_HAL_Driver/Src/stm32h7xx_ll_usb.o
                0x0000000008004bdc                USB_FlushTxFifo
 .text.USB_FlushRxFifo
                0x0000000008004c44       0x60 ./Drivers/STM32H7xx_HAL_Driver/Src/stm32h7xx_ll_usb.o
                0x0000000008004c44                USB_FlushRxFifo
 .text.USB_SetDevSpeed
                0x0000000008004ca4       0x32 ./Drivers/STM32H7xx_HAL_Driver/Src/stm32h7xx_ll_usb.o
                0x0000000008004ca4                USB_SetDevSpeed
 .text.USB_GetDevSpeed
                0x0000000008004cd6       0x4a ./Drivers/STM32H7xx_HAL_Driver/Src/stm32h7xx_ll_usb.o
                0x0000000008004cd6                USB_GetDevSpeed
 .text.USB_ActivateEndpoint
                0x0000000008004d20      0x110 ./Drivers/STM32H7xx_HAL_Driver/Src/stm32h7xx_ll_usb.o
                0x0000000008004d20                USB_ActivateEndpoint
 .text.USB_DeactivateEndpoint
                0x0000000008004e30      0x1b8 ./Drivers/STM32H7xx_HAL_Driver/Src/stm32h7xx_ll_usb.o
                0x0000000008004e30                USB_DeactivateEndpoint
 .text.USB_EPStartXfer
                0x0000000008004fe8      0x4a0 ./Drivers/STM32H7xx_HAL_Driver/Src/stm32h7xx_ll_usb.o
                0x0000000008004fe8                USB_EPStartXfer
 .text.USB_EP0StartXfer
                0x0000000008005488      0x2b8 ./Drivers/STM32H7xx_HAL_Driver/Src/stm32h7xx_ll_usb.o
                0x0000000008005488                USB_EP0StartXfer
 .text.USB_EPStopXfer
                0x0000000008005740      0x154 ./Drivers/STM32H7xx_HAL_Driver/Src/stm32h7xx_ll_usb.o
                0x0000000008005740                USB_EPStopXfer
 .text.USB_WritePacket
                0x0000000008005894       0x7c ./Drivers/STM32H7xx_HAL_Driver/Src/stm32h7xx_ll_usb.o
                0x0000000008005894                USB_WritePacket
 .text.USB_ReadPacket
                0x0000000008005910       0xb0 ./Drivers/STM32H7xx_HAL_Driver/Src/stm32h7xx_ll_usb.o
                0x0000000008005910                USB_ReadPacket
 .text.USB_EPSetStall
                0x00000000080059c0       0xdc ./Drivers/STM32H7xx_HAL_Driver/Src/stm32h7xx_ll_usb.o
                0x00000000080059c0                USB_EPSetStall
 .text.USB_EPClearStall
                0x0000000008005a9c       0xcc ./Drivers/STM32H7xx_HAL_Driver/Src/stm32h7xx_ll_usb.o
                0x0000000008005a9c                USB_EPClearStall
 .text.USB_SetDevAddress
                0x0000000008005b68       0x4c ./Drivers/STM32H7xx_HAL_Driver/Src/stm32h7xx_ll_usb.o
                0x0000000008005b68                USB_SetDevAddress
 .text.USB_DevConnect
                0x0000000008005bb4       0x42 ./Drivers/STM32H7xx_HAL_Driver/Src/stm32h7xx_ll_usb.o
                0x0000000008005bb4                USB_DevConnect
 .text.USB_DevDisconnect
                0x0000000008005bf6       0x42 ./Drivers/STM32H7xx_HAL_Driver/Src/stm32h7xx_ll_usb.o
                0x0000000008005bf6                USB_DevDisconnect
 .text.USB_ReadInterrupts
                0x0000000008005c38       0x26 ./Drivers/STM32H7xx_HAL_Driver/Src/stm32h7xx_ll_usb.o
                0x0000000008005c38                USB_ReadInterrupts
 .text.USB_ReadDevAllOutEpInterrupt
                0x0000000008005c5e       0x34 ./Drivers/STM32H7xx_HAL_Driver/Src/stm32h7xx_ll_usb.o
                0x0000000008005c5e                USB_ReadDevAllOutEpInterrupt
 .text.USB_ReadDevAllInEpInterrupt
                0x0000000008005c92       0x34 ./Drivers/STM32H7xx_HAL_Driver/Src/stm32h7xx_ll_usb.o
                0x0000000008005c92                USB_ReadDevAllInEpInterrupt
 .text.USB_ReadDevOutEPInterrupt
                0x0000000008005cc6       0x3c ./Drivers/STM32H7xx_HAL_Driver/Src/stm32h7xx_ll_usb.o
                0x0000000008005cc6                USB_ReadDevOutEPInterrupt
 .text.USB_ReadDevInEPInterrupt
                0x0000000008005d02       0x5c ./Drivers/STM32H7xx_HAL_Driver/Src/stm32h7xx_ll_usb.o
                0x0000000008005d02                USB_ReadDevInEPInterrupt
 .text.USB_GetMode
                0x0000000008005d5e       0x1c ./Drivers/STM32H7xx_HAL_Driver/Src/stm32h7xx_ll_usb.o
                0x0000000008005d5e                USB_GetMode
 *fill*         0x0000000008005d7a        0x2 
 .text.USB_ActivateSetup
                0x0000000008005d7c       0x48 ./Drivers/STM32H7xx_HAL_Driver/Src/stm32h7xx_ll_usb.o
                0x0000000008005d7c                USB_ActivateSetup
 .text.USB_EP0_OutStart
                0x0000000008005dc4       0xbc ./Drivers/STM32H7xx_HAL_Driver/Src/stm32h7xx_ll_usb.o
                0x0000000008005dc4                USB_EP0_OutStart
 .text.USB_CoreReset
                0x0000000008005e80       0x68 ./Drivers/STM32H7xx_HAL_Driver/Src/stm32h7xx_ll_usb.o
 .text.fft_start
                0x0000000008005ee8       0xcc ./FFT/fft.o
                0x0000000008005ee8                fft_start
 .text.find_fft_max
                0x0000000008005fb4       0x5c ./FFT/fft.o
                0x0000000008005fb4                find_fft_max
 .text.caculate_range
                0x0000000008006010       0xcc ./FFT/fft.o
                0x0000000008006010                caculate_range
 .text.USBD_CDC_Init
                0x00000000080060dc      0x1f0 ./Middlewares/ST/STM32_USB_Device_Library/Class/CDC/Src/usbd_cdc.o
 .text.USBD_CDC_DeInit
                0x00000000080062cc      0x104 ./Middlewares/ST/STM32_USB_Device_Library/Class/CDC/Src/usbd_cdc.o
 .text.USBD_CDC_Setup
                0x00000000080063d0      0x1b8 ./Middlewares/ST/STM32_USB_Device_Library/Class/CDC/Src/usbd_cdc.o
 .text.USBD_CDC_DataIn
                0x0000000008006588       0xfe ./Middlewares/ST/STM32_USB_Device_Library/Class/CDC/Src/usbd_cdc.o
 .text.USBD_CDC_DataOut
                0x0000000008006686       0x70 ./Middlewares/ST/STM32_USB_Device_Library/Class/CDC/Src/usbd_cdc.o
 .text.USBD_CDC_EP0_RxReady
                0x00000000080066f6       0x76 ./Middlewares/ST/STM32_USB_Device_Library/Class/CDC/Src/usbd_cdc.o
 .text.USBD_CDC_GetFSCfgDesc
                0x000000000800676c       0x70 ./Middlewares/ST/STM32_USB_Device_Library/Class/CDC/Src/usbd_cdc.o
 .text.USBD_CDC_GetHSCfgDesc
                0x00000000080067dc       0x70 ./Middlewares/ST/STM32_USB_Device_Library/Class/CDC/Src/usbd_cdc.o
 .text.USBD_CDC_GetOtherSpeedCfgDesc
                0x000000000800684c       0x70 ./Middlewares/ST/STM32_USB_Device_Library/Class/CDC/Src/usbd_cdc.o
 .text.USBD_CDC_GetDeviceQualifierDescriptor
                0x00000000080068bc       0x20 ./Middlewares/ST/STM32_USB_Device_Library/Class/CDC/Src/usbd_cdc.o
                0x00000000080068bc                USBD_CDC_GetDeviceQualifierDescriptor
 .text.USBD_CDC_RegisterInterface
                0x00000000080068dc       0x34 ./Middlewares/ST/STM32_USB_Device_Library/Class/CDC/Src/usbd_cdc.o
                0x00000000080068dc                USBD_CDC_RegisterInterface
 .text.USBD_CDC_SetTxBuffer
                0x0000000008006910       0x44 ./Middlewares/ST/STM32_USB_Device_Library/Class/CDC/Src/usbd_cdc.o
                0x0000000008006910                USBD_CDC_SetTxBuffer
 .text.USBD_CDC_SetRxBuffer
                0x0000000008006954       0x3a ./Middlewares/ST/STM32_USB_Device_Library/Class/CDC/Src/usbd_cdc.o
                0x0000000008006954                USBD_CDC_SetRxBuffer
 *fill*         0x000000000800698e        0x2 
 .text.USBD_CDC_TransmitPacket
                0x0000000008006990       0x8c ./Middlewares/ST/STM32_USB_Device_Library/Class/CDC/Src/usbd_cdc.o
                0x0000000008006990                USBD_CDC_TransmitPacket
 .text.USBD_CDC_ReceivePacket
                0x0000000008006a1c       0x6c ./Middlewares/ST/STM32_USB_Device_Library/Class/CDC/Src/usbd_cdc.o
                0x0000000008006a1c                USBD_CDC_ReceivePacket
 .text.USBD_Init
                0x0000000008006a88       0x60 ./Middlewares/ST/STM32_USB_Device_Library/Core/Src/usbd_core.o
                0x0000000008006a88                USBD_Init
 .text.USBD_RegisterClass
                0x0000000008006ae8       0x6c ./Middlewares/ST/STM32_USB_Device_Library/Core/Src/usbd_core.o
                0x0000000008006ae8                USBD_RegisterClass
 .text.USBD_Start
                0x0000000008006b54       0x18 ./Middlewares/ST/STM32_USB_Device_Library/Core/Src/usbd_core.o
                0x0000000008006b54                USBD_Start
 .text.USBD_RunTestMode
                0x0000000008006b6c       0x16 ./Middlewares/ST/STM32_USB_Device_Library/Core/Src/usbd_core.o
                0x0000000008006b6c                USBD_RunTestMode
 .text.USBD_SetClassConfig
                0x0000000008006b82       0x38 ./Middlewares/ST/STM32_USB_Device_Library/Core/Src/usbd_core.o
                0x0000000008006b82                USBD_SetClassConfig
 .text.USBD_ClrClassConfig
                0x0000000008006bba       0x34 ./Middlewares/ST/STM32_USB_Device_Library/Core/Src/usbd_core.o
                0x0000000008006bba                USBD_ClrClassConfig
 .text.USBD_LL_SetupStage
                0x0000000008006bee       0xaa ./Middlewares/ST/STM32_USB_Device_Library/Core/Src/usbd_core.o
                0x0000000008006bee                USBD_LL_SetupStage
 .text.USBD_LL_DataOutStage
                0x0000000008006c98      0x166 ./Middlewares/ST/STM32_USB_Device_Library/Core/Src/usbd_core.o
                0x0000000008006c98                USBD_LL_DataOutStage
 .text.USBD_LL_DataInStage
                0x0000000008006dfe      0x164 ./Middlewares/ST/STM32_USB_Device_Library/Core/Src/usbd_core.o
                0x0000000008006dfe                USBD_LL_DataInStage
 .text.USBD_LL_Reset
                0x0000000008006f62       0xa4 ./Middlewares/ST/STM32_USB_Device_Library/Core/Src/usbd_core.o
                0x0000000008006f62                USBD_LL_Reset
 .text.USBD_LL_SetSpeed
                0x0000000008007006       0x20 ./Middlewares/ST/STM32_USB_Device_Library/Core/Src/usbd_core.o
                0x0000000008007006                USBD_LL_SetSpeed
 .text.USBD_LL_Suspend
                0x0000000008007026       0x2c ./Middlewares/ST/STM32_USB_Device_Library/Core/Src/usbd_core.o
                0x0000000008007026                USBD_LL_Suspend
 .text.USBD_LL_Resume
                0x0000000008007052       0x30 ./Middlewares/ST/STM32_USB_Device_Library/Core/Src/usbd_core.o
                0x0000000008007052                USBD_LL_Resume
 .text.USBD_LL_SOF
                0x0000000008007082       0x40 ./Middlewares/ST/STM32_USB_Device_Library/Core/Src/usbd_core.o
                0x0000000008007082                USBD_LL_SOF
 .text.USBD_LL_IsoINIncomplete
                0x00000000080070c2       0x64 ./Middlewares/ST/STM32_USB_Device_Library/Core/Src/usbd_core.o
                0x00000000080070c2                USBD_LL_IsoINIncomplete
 .text.USBD_LL_IsoOUTIncomplete
                0x0000000008007126       0x64 ./Middlewares/ST/STM32_USB_Device_Library/Core/Src/usbd_core.o
                0x0000000008007126                USBD_LL_IsoOUTIncomplete
 .text.USBD_LL_DevConnected
                0x000000000800718a       0x16 ./Middlewares/ST/STM32_USB_Device_Library/Core/Src/usbd_core.o
                0x000000000800718a                USBD_LL_DevConnected
 .text.USBD_LL_DevDisconnected
                0x00000000080071a0       0x46 ./Middlewares/ST/STM32_USB_Device_Library/Core/Src/usbd_core.o
                0x00000000080071a0                USBD_LL_DevDisconnected
 .text.USBD_CoreFindIF
                0x00000000080071e6       0x1a ./Middlewares/ST/STM32_USB_Device_Library/Core/Src/usbd_core.o
                0x00000000080071e6                USBD_CoreFindIF
 .text.USBD_CoreFindEP
                0x0000000008007200       0x1a ./Middlewares/ST/STM32_USB_Device_Library/Core/Src/usbd_core.o
                0x0000000008007200                USBD_CoreFindEP
 .text.USBD_GetEpDesc
                0x000000000800721a       0x74 ./Middlewares/ST/STM32_USB_Device_Library/Core/Src/usbd_core.o
                0x000000000800721a                USBD_GetEpDesc
 .text.USBD_GetNextDesc
                0x000000000800728e       0x3a ./Middlewares/ST/STM32_USB_Device_Library/Core/Src/usbd_core.o
                0x000000000800728e                USBD_GetNextDesc
 .text.SWAPBYTE
                0x00000000080072c8       0x3c ./Middlewares/ST/STM32_USB_Device_Library/Core/Src/usbd_ctlreq.o
 .text.USBD_StdDevReq
                0x0000000008007304       0xe4 ./Middlewares/ST/STM32_USB_Device_Library/Core/Src/usbd_ctlreq.o
                0x0000000008007304                USBD_StdDevReq
 .text.USBD_StdItfReq
                0x00000000080073e8       0xd8 ./Middlewares/ST/STM32_USB_Device_Library/Core/Src/usbd_ctlreq.o
                0x00000000080073e8                USBD_StdItfReq
 .text.USBD_StdEPReq
                0x00000000080074c0      0x33a ./Middlewares/ST/STM32_USB_Device_Library/Core/Src/usbd_ctlreq.o
                0x00000000080074c0                USBD_StdEPReq
 *fill*         0x00000000080077fa        0x2 
 .text.USBD_GetDescriptor
                0x00000000080077fc      0x2d4 ./Middlewares/ST/STM32_USB_Device_Library/Core/Src/usbd_ctlreq.o
 .text.USBD_SetAddress
                0x0000000008007ad0       0x88 ./Middlewares/ST/STM32_USB_Device_Library/Core/Src/usbd_ctlreq.o
 .text.USBD_SetConfig
                0x0000000008007b58      0x154 ./Middlewares/ST/STM32_USB_Device_Library/Core/Src/usbd_ctlreq.o
 .text.USBD_GetConfig
                0x0000000008007cac       0x6c ./Middlewares/ST/STM32_USB_Device_Library/Core/Src/usbd_ctlreq.o
 .text.USBD_GetStatus
                0x0000000008007d18       0x68 ./Middlewares/ST/STM32_USB_Device_Library/Core/Src/usbd_ctlreq.o
 .text.USBD_SetFeature
                0x0000000008007d80       0x52 ./Middlewares/ST/STM32_USB_Device_Library/Core/Src/usbd_ctlreq.o
 .text.USBD_ClrFeature
                0x0000000008007dd2       0x44 ./Middlewares/ST/STM32_USB_Device_Library/Core/Src/usbd_ctlreq.o
 .text.USBD_ParseSetupRequest
                0x0000000008007e16       0x74 ./Middlewares/ST/STM32_USB_Device_Library/Core/Src/usbd_ctlreq.o
                0x0000000008007e16                USBD_ParseSetupRequest
 .text.USBD_CtlError
                0x0000000008007e8a       0x22 ./Middlewares/ST/STM32_USB_Device_Library/Core/Src/usbd_ctlreq.o
                0x0000000008007e8a                USBD_CtlError
 .text.USBD_GetString
                0x0000000008007eac       0x8c ./Middlewares/ST/STM32_USB_Device_Library/Core/Src/usbd_ctlreq.o
                0x0000000008007eac                USBD_GetString
 .text.USBD_GetLen
                0x0000000008007f38       0x34 ./Middlewares/ST/STM32_USB_Device_Library/Core/Src/usbd_ctlreq.o
 .text.USBD_CtlSendData
                0x0000000008007f6c       0x36 ./Middlewares/ST/STM32_USB_Device_Library/Core/Src/usbd_ioreq.o
                0x0000000008007f6c                USBD_CtlSendData
 .text.USBD_CtlContinueSendData
                0x0000000008007fa2       0x22 ./Middlewares/ST/STM32_USB_Device_Library/Core/Src/usbd_ioreq.o
                0x0000000008007fa2                USBD_CtlContinueSendData
 .text.USBD_CtlPrepareRx
                0x0000000008007fc4       0x3a ./Middlewares/ST/STM32_USB_Device_Library/Core/Src/usbd_ioreq.o
                0x0000000008007fc4                USBD_CtlPrepareRx
 .text.USBD_CtlContinueRx
                0x0000000008007ffe       0x22 ./Middlewares/ST/STM32_USB_Device_Library/Core/Src/usbd_ioreq.o
                0x0000000008007ffe                USBD_CtlContinueRx
 .text.USBD_CtlSendStatus
                0x0000000008008020       0x26 ./Middlewares/ST/STM32_USB_Device_Library/Core/Src/usbd_ioreq.o
                0x0000000008008020                USBD_CtlSendStatus
 .text.USBD_CtlReceiveStatus
                0x0000000008008046       0x26 ./Middlewares/ST/STM32_USB_Device_Library/Core/Src/usbd_ioreq.o
                0x0000000008008046                USBD_CtlReceiveStatus
 .text.MX_USB_DEVICE_Init
                0x000000000800806c       0x64 ./USB_DEVICE/App/usb_device.o
                0x000000000800806c                MX_USB_DEVICE_Init
 .text.CDC_Init_FS
                0x00000000080080d0       0x28 ./USB_DEVICE/App/usbd_cdc_if.o
 .text.CDC_DeInit_FS
                0x00000000080080f8       0x10 ./USB_DEVICE/App/usbd_cdc_if.o
 .text.CDC_Control_FS
                0x0000000008008108       0xbc ./USB_DEVICE/App/usbd_cdc_if.o
 .text.CDC_Receive_FS
                0x00000000080081c4       0xa8 ./USB_DEVICE/App/usbd_cdc_if.o
 .text.CDC_Transmit_FS
                0x000000000800826c       0x4c ./USB_DEVICE/App/usbd_cdc_if.o
                0x000000000800826c                CDC_Transmit_FS
 .text.CDC_TransmitCplt_FS
                0x00000000080082b8       0x22 ./USB_DEVICE/App/usbd_cdc_if.o
 *fill*         0x00000000080082da        0x2 
 .text.usb_debug
                0x00000000080082dc       0x40 ./USB_DEVICE/App/usbd_cdc_if.o
                0x00000000080082dc                usb_debug
 .text.find_head
                0x000000000800831c       0xac ./USB_DEVICE/App/usbd_cdc_if.o
                0x000000000800831c                find_head
 .text.find_tail
                0x00000000080083c8       0x9c ./USB_DEVICE/App/usbd_cdc_if.o
                0x00000000080083c8                find_tail
 .text.USBD_FS_DeviceDescriptor
                0x0000000008008464       0x24 ./USB_DEVICE/App/usbd_desc.o
                0x0000000008008464                USBD_FS_DeviceDescriptor
 .text.USBD_FS_LangIDStrDescriptor
                0x0000000008008488       0x24 ./USB_DEVICE/App/usbd_desc.o
                0x0000000008008488                USBD_FS_LangIDStrDescriptor
 .text.USBD_FS_ProductStrDescriptor
                0x00000000080084ac       0x3c ./USB_DEVICE/App/usbd_desc.o
                0x00000000080084ac                USBD_FS_ProductStrDescriptor
 .text.USBD_FS_ManufacturerStrDescriptor
                0x00000000080084e8       0x28 ./USB_DEVICE/App/usbd_desc.o
                0x00000000080084e8                USBD_FS_ManufacturerStrDescriptor
 .text.USBD_FS_SerialStrDescriptor
                0x0000000008008510       0x24 ./USB_DEVICE/App/usbd_desc.o
                0x0000000008008510                USBD_FS_SerialStrDescriptor
 .text.USBD_FS_ConfigStrDescriptor
                0x0000000008008534       0x3c ./USB_DEVICE/App/usbd_desc.o
                0x0000000008008534                USBD_FS_ConfigStrDescriptor
 .text.USBD_FS_InterfaceStrDescriptor
                0x0000000008008570       0x3c ./USB_DEVICE/App/usbd_desc.o
                0x0000000008008570                USBD_FS_InterfaceStrDescriptor
 .text.Get_SerialNum
                0x00000000080085ac       0x58 ./USB_DEVICE/App/usbd_desc.o
 .text.IntToUnicode
                0x0000000008008604       0x7e ./USB_DEVICE/App/usbd_desc.o
 *fill*         0x0000000008008682        0x2 
 .text.HAL_PCD_MspInit
                0x0000000008008684       0xe4 ./USB_DEVICE/Target/usbd_conf.o
                0x0000000008008684                HAL_PCD_MspInit
 .text.HAL_PCD_SetupStageCallback
                0x0000000008008768       0x24 ./USB_DEVICE/Target/usbd_conf.o
                0x0000000008008768                HAL_PCD_SetupStageCallback
 .text.HAL_PCD_DataOutStageCallback
                0x000000000800878c       0x36 ./USB_DEVICE/Target/usbd_conf.o
                0x000000000800878c                HAL_PCD_DataOutStageCallback
 .text.HAL_PCD_DataInStageCallback
                0x00000000080087c2       0x34 ./USB_DEVICE/Target/usbd_conf.o
                0x00000000080087c2                HAL_PCD_DataInStageCallback
 .text.HAL_PCD_SOFCallback
                0x00000000080087f6       0x1c ./USB_DEVICE/Target/usbd_conf.o
                0x00000000080087f6                HAL_PCD_SOFCallback
 .text.HAL_PCD_ResetCallback
                0x0000000008008812       0x50 ./USB_DEVICE/Target/usbd_conf.o
                0x0000000008008812                HAL_PCD_ResetCallback
 *fill*         0x0000000008008862        0x2 
 .text.HAL_PCD_SuspendCallback
                0x0000000008008864       0x4c ./USB_DEVICE/Target/usbd_conf.o
                0x0000000008008864                HAL_PCD_SuspendCallback
 .text.HAL_PCD_ResumeCallback
                0x00000000080088b0       0x1c ./USB_DEVICE/Target/usbd_conf.o
                0x00000000080088b0                HAL_PCD_ResumeCallback
 .text.HAL_PCD_ISOOUTIncompleteCallback
                0x00000000080088cc       0x24 ./USB_DEVICE/Target/usbd_conf.o
                0x00000000080088cc                HAL_PCD_ISOOUTIncompleteCallback
 .text.HAL_PCD_ISOINIncompleteCallback
                0x00000000080088f0       0x24 ./USB_DEVICE/Target/usbd_conf.o
                0x00000000080088f0                HAL_PCD_ISOINIncompleteCallback
 .text.HAL_PCD_ConnectCallback
                0x0000000008008914       0x1c ./USB_DEVICE/Target/usbd_conf.o
                0x0000000008008914                HAL_PCD_ConnectCallback
 .text.HAL_PCD_DisconnectCallback
                0x0000000008008930       0x1c ./USB_DEVICE/Target/usbd_conf.o
                0x0000000008008930                HAL_PCD_DisconnectCallback
 .text.USBD_LL_Init
                0x000000000800894c       0xa0 ./USB_DEVICE/Target/usbd_conf.o
                0x000000000800894c                USBD_LL_Init
 .text.USBD_LL_Start
                0x00000000080089ec       0x36 ./USB_DEVICE/Target/usbd_conf.o
                0x00000000080089ec                USBD_LL_Start
 .text.USBD_LL_OpenEP
                0x0000000008008a22       0x4c ./USB_DEVICE/Target/usbd_conf.o
                0x0000000008008a22                USBD_LL_OpenEP
 .text.USBD_LL_CloseEP
                0x0000000008008a6e       0x3e ./USB_DEVICE/Target/usbd_conf.o
                0x0000000008008a6e                USBD_LL_CloseEP
 .text.USBD_LL_StallEP
                0x0000000008008aac       0x3e ./USB_DEVICE/Target/usbd_conf.o
                0x0000000008008aac                USBD_LL_StallEP
 .text.USBD_LL_ClearStallEP
                0x0000000008008aea       0x3e ./USB_DEVICE/Target/usbd_conf.o
                0x0000000008008aea                USBD_LL_ClearStallEP
 .text.USBD_LL_IsStallEP
                0x0000000008008b28       0x58 ./USB_DEVICE/Target/usbd_conf.o
                0x0000000008008b28                USBD_LL_IsStallEP
 .text.USBD_LL_SetUSBAddress
                0x0000000008008b80       0x3e ./USB_DEVICE/Target/usbd_conf.o
                0x0000000008008b80                USBD_LL_SetUSBAddress
 .text.USBD_LL_Transmit
                0x0000000008008bbe       0x42 ./USB_DEVICE/Target/usbd_conf.o
                0x0000000008008bbe                USBD_LL_Transmit
 .text.USBD_LL_PrepareReceive
                0x0000000008008c00       0x42 ./USB_DEVICE/Target/usbd_conf.o
                0x0000000008008c00                USBD_LL_PrepareReceive
 .text.USBD_LL_GetRxDataSize
                0x0000000008008c42       0x26 ./USB_DEVICE/Target/usbd_conf.o
                0x0000000008008c42                USBD_LL_GetRxDataSize
 .text.USBD_static_malloc
                0x0000000008008c68       0x1c ./USB_DEVICE/Target/usbd_conf.o
                0x0000000008008c68                USBD_static_malloc
 .text.USBD_static_free
                0x0000000008008c84       0x14 ./USB_DEVICE/Target/usbd_conf.o
                0x0000000008008c84                USBD_static_free
 .text.USBD_Get_USB_Status
                0x0000000008008c98       0x58 ./USB_DEVICE/Target/usbd_conf.o
                0x0000000008008c98                USBD_Get_USB_Status
 .text.arm_cfft_radix4_init_f32
                0x0000000008008cf0       0xbc C:\Users\zhangrun\OneDrive\my_doc\project\graduate_design\graduatedesign\code\stm32\fft_process\CMSIS_DSP\GCC\libarm_cortexM7lfdp_math.a(arm_cfft_radix4_init_f32.o)
                0x0000000008008cf0                arm_cfft_radix4_init_f32
 .text.arm_radix4_butterfly_f32
                0x0000000008008dac      0x34c C:\Users\zhangrun\OneDrive\my_doc\project\graduate_design\graduatedesign\code\stm32\fft_process\CMSIS_DSP\GCC\libarm_cortexM7lfdp_math.a(arm_cfft_radix4_f32.o)
                0x0000000008008dac                arm_radix4_butterfly_f32
 .text.arm_radix4_butterfly_inverse_f32
                0x00000000080090f8      0x378 C:\Users\zhangrun\OneDrive\my_doc\project\graduate_design\graduatedesign\code\stm32\fft_process\CMSIS_DSP\GCC\libarm_cortexM7lfdp_math.a(arm_cfft_radix4_f32.o)
                0x00000000080090f8                arm_radix4_butterfly_inverse_f32
 .text.arm_cfft_radix4_f32
                0x0000000008009470       0x40 C:\Users\zhangrun\OneDrive\my_doc\project\graduate_design\graduatedesign\code\stm32\fft_process\CMSIS_DSP\GCC\libarm_cortexM7lfdp_math.a(arm_cfft_radix4_f32.o)
                0x0000000008009470                arm_cfft_radix4_f32
 .text.arm_bitreversal_f32
                0x00000000080094b0       0xe0 C:\Users\zhangrun\OneDrive\my_doc\project\graduate_design\graduatedesign\code\stm32\fft_process\CMSIS_DSP\GCC\libarm_cortexM7lfdp_math.a(arm_bitreversal.o)
                0x00000000080094b0                arm_bitreversal_f32
 .text.arm_cmplx_mag_f32
                0x0000000008009590      0x248 C:\Users\zhangrun\OneDrive\my_doc\project\graduate_design\graduatedesign\code\stm32\fft_process\CMSIS_DSP\GCC\libarm_cortexM7lfdp_math.a(arm_cmplx_mag_f32.o)
                0x0000000008009590                arm_cmplx_mag_f32
 .text.__errno  0x00000000080097d8        0xc c:/myprogram/st/stm32cubeide_1.8.0/stm32cubeide/plugins/com.st.stm32cube.ide.mcu.externaltools.gnu-tools-for-stm32.10.3-2021.10.win32_1.0.0.202111181127/tools/bin/../lib/gcc/arm-none-eabi/10.3.1/../../../../arm-none-eabi/lib/thumb/v7e-m+dp/hard\libc_nano.a(lib_a-errno.o)
                0x00000000080097d8                __errno
 .text.__libc_init_array
                0x00000000080097e4       0x48 c:/myprogram/st/stm32cubeide_1.8.0/stm32cubeide/plugins/com.st.stm32cube.ide.mcu.externaltools.gnu-tools-for-stm32.10.3-2021.10.win32_1.0.0.202111181127/tools/bin/../lib/gcc/arm-none-eabi/10.3.1/../../../../arm-none-eabi/lib/thumb/v7e-m+dp/hard\libc_nano.a(lib_a-init.o)
                0x00000000080097e4                __libc_init_array
 .text.memcpy   0x000000000800982c       0x1c c:/myprogram/st/stm32cubeide_1.8.0/stm32cubeide/plugins/com.st.stm32cube.ide.mcu.externaltools.gnu-tools-for-stm32.10.3-2021.10.win32_1.0.0.202111181127/tools/bin/../lib/gcc/arm-none-eabi/10.3.1/../../../../arm-none-eabi/lib/thumb/v7e-m+dp/hard\libc_nano.a(lib_a-memcpy-stub.o)
                0x000000000800982c                memcpy
 .text.memset   0x0000000008009848       0x10 c:/myprogram/st/stm32cubeide_1.8.0/stm32cubeide/plugins/com.st.stm32cube.ide.mcu.externaltools.gnu-tools-for-stm32.10.3-2021.10.win32_1.0.0.202111181127/tools/bin/../lib/gcc/arm-none-eabi/10.3.1/../../../../arm-none-eabi/lib/thumb/v7e-m+dp/hard\libc_nano.a(lib_a-memset.o)
                0x0000000008009848                memset
 .text._vsnprintf_r
                0x0000000008009858       0x56 c:/myprogram/st/stm32cubeide_1.8.0/stm32cubeide/plugins/com.st.stm32cube.ide.mcu.externaltools.gnu-tools-for-stm32.10.3-2021.10.win32_1.0.0.202111181127/tools/bin/../lib/gcc/arm-none-eabi/10.3.1/../../../../arm-none-eabi/lib/thumb/v7e-m+dp/hard\libc_nano.a(lib_a-vsnprintf.o)
                0x0000000008009858                _vsniprintf_r
                0x0000000008009858                _vsnprintf_r
 *fill*         0x00000000080098ae        0x2 
 .text.vsnprintf
                0x00000000080098b0       0x1c c:/myprogram/st/stm32cubeide_1.8.0/stm32cubeide/plugins/com.st.stm32cube.ide.mcu.externaltools.gnu-tools-for-stm32.10.3-2021.10.win32_1.0.0.202111181127/tools/bin/../lib/gcc/arm-none-eabi/10.3.1/../../../../arm-none-eabi/lib/thumb/v7e-m+dp/hard\libc_nano.a(lib_a-vsnprintf.o)
                0x00000000080098b0                vsniprintf
                0x00000000080098b0                vsnprintf
 .text.__ssputs_r
                0x00000000080098cc       0xb6 c:/myprogram/st/stm32cubeide_1.8.0/stm32cubeide/plugins/com.st.stm32cube.ide.mcu.externaltools.gnu-tools-for-stm32.10.3-2021.10.win32_1.0.0.202111181127/tools/bin/../lib/gcc/arm-none-eabi/10.3.1/../../../../arm-none-eabi/lib/thumb/v7e-m+dp/hard\libc_nano.a(lib_a-nano-svfprintf.o)
                0x00000000080098cc                __ssputs_r
 *fill*         0x0000000008009982        0x2 
 .text._svfprintf_r
                0x0000000008009984      0x200 c:/myprogram/st/stm32cubeide_1.8.0/stm32cubeide/plugins/com.st.stm32cube.ide.mcu.externaltools.gnu-tools-for-stm32.10.3-2021.10.win32_1.0.0.202111181127/tools/bin/../lib/gcc/arm-none-eabi/10.3.1/../../../../arm-none-eabi/lib/thumb/v7e-m+dp/hard\libc_nano.a(lib_a-nano-svfprintf.o)
                0x0000000008009984                _svfiprintf_r
                0x0000000008009984                _svfprintf_r
 .text._printf_common
                0x0000000008009b84       0xda c:/myprogram/st/stm32cubeide_1.8.0/stm32cubeide/plugins/com.st.stm32cube.ide.mcu.externaltools.gnu-tools-for-stm32.10.3-2021.10.win32_1.0.0.202111181127/tools/bin/../lib/gcc/arm-none-eabi/10.3.1/../../../../arm-none-eabi/lib/thumb/v7e-m+dp/hard\libc_nano.a(lib_a-nano-vfprintf_i.o)
                0x0000000008009b84                _printf_common
 *fill*         0x0000000008009c5e        0x2 
 .text._printf_i
                0x0000000008009c60      0x24c c:/myprogram/st/stm32cubeide_1.8.0/stm32cubeide/plugins/com.st.stm32cube.ide.mcu.externaltools.gnu-tools-for-stm32.10.3-2021.10.win32_1.0.0.202111181127/tools/bin/../lib/gcc/arm-none-eabi/10.3.1/../../../../arm-none-eabi/lib/thumb/v7e-m+dp/hard\libc_nano.a(lib_a-nano-vfprintf_i.o)
                0x0000000008009c60                _printf_i
 .text.memmove  0x0000000008009eac       0x34 c:/myprogram/st/stm32cubeide_1.8.0/stm32cubeide/plugins/com.st.stm32cube.ide.mcu.externaltools.gnu-tools-for-stm32.10.3-2021.10.win32_1.0.0.202111181127/tools/bin/../lib/gcc/arm-none-eabi/10.3.1/../../../../arm-none-eabi/lib/thumb/v7e-m+dp/hard\libc_nano.a(lib_a-memmove.o)
                0x0000000008009eac                memmove
 .text._free_r  0x0000000008009ee0       0x98 c:/myprogram/st/stm32cubeide_1.8.0/stm32cubeide/plugins/com.st.stm32cube.ide.mcu.externaltools.gnu-tools-for-stm32.10.3-2021.10.win32_1.0.0.202111181127/tools/bin/../lib/gcc/arm-none-eabi/10.3.1/../../../../arm-none-eabi/lib/thumb/v7e-m+dp/hard\libc_nano.a(lib_a-nano-freer.o)
                0x0000000008009ee0                _free_r
 .text.sbrk_aligned
                0x0000000008009f78       0x40 c:/myprogram/st/stm32cubeide_1.8.0/stm32cubeide/plugins/com.st.stm32cube.ide.mcu.externaltools.gnu-tools-for-stm32.10.3-2021.10.win32_1.0.0.202111181127/tools/bin/../lib/gcc/arm-none-eabi/10.3.1/../../../../arm-none-eabi/lib/thumb/v7e-m+dp/hard\libc_nano.a(lib_a-nano-mallocr.o)
 .text._malloc_r
                0x0000000008009fb8       0xe8 c:/myprogram/st/stm32cubeide_1.8.0/stm32cubeide/plugins/com.st.stm32cube.ide.mcu.externaltools.gnu-tools-for-stm32.10.3-2021.10.win32_1.0.0.202111181127/tools/bin/../lib/gcc/arm-none-eabi/10.3.1/../../../../arm-none-eabi/lib/thumb/v7e-m+dp/hard\libc_nano.a(lib_a-nano-mallocr.o)
                0x0000000008009fb8                _malloc_r
 .text._realloc_r
                0x000000000800a0a0       0x5e c:/myprogram/st/stm32cubeide_1.8.0/stm32cubeide/plugins/com.st.stm32cube.ide.mcu.externaltools.gnu-tools-for-stm32.10.3-2021.10.win32_1.0.0.202111181127/tools/bin/../lib/gcc/arm-none-eabi/10.3.1/../../../../arm-none-eabi/lib/thumb/v7e-m+dp/hard\libc_nano.a(lib_a-nano-reallocr.o)
                0x000000000800a0a0                _realloc_r
 *fill*         0x000000000800a0fe        0x2 
 .text._sbrk_r  0x000000000800a100       0x20 c:/myprogram/st/stm32cubeide_1.8.0/stm32cubeide/plugins/com.st.stm32cube.ide.mcu.externaltools.gnu-tools-for-stm32.10.3-2021.10.win32_1.0.0.202111181127/tools/bin/../lib/gcc/arm-none-eabi/10.3.1/../../../../arm-none-eabi/lib/thumb/v7e-m+dp/hard\libc_nano.a(lib_a-sbrkr.o)
                0x000000000800a100                _sbrk_r
 .text.__malloc_lock
                0x000000000800a120        0xc c:/myprogram/st/stm32cubeide_1.8.0/stm32cubeide/plugins/com.st.stm32cube.ide.mcu.externaltools.gnu-tools-for-stm32.10.3-2021.10.win32_1.0.0.202111181127/tools/bin/../lib/gcc/arm-none-eabi/10.3.1/../../../../arm-none-eabi/lib/thumb/v7e-m+dp/hard\libc_nano.a(lib_a-mlock.o)
                0x000000000800a120                __malloc_lock
 .text.__malloc_unlock
                0x000000000800a12c        0xc c:/myprogram/st/stm32cubeide_1.8.0/stm32cubeide/plugins/com.st.stm32cube.ide.mcu.externaltools.gnu-tools-for-stm32.10.3-2021.10.win32_1.0.0.202111181127/tools/bin/../lib/gcc/arm-none-eabi/10.3.1/../../../../arm-none-eabi/lib/thumb/v7e-m+dp/hard\libc_nano.a(lib_a-mlock.o)
                0x000000000800a12c                __malloc_unlock
 .text._malloc_usable_size_r
                0x000000000800a138       0x10 c:/myprogram/st/stm32cubeide_1.8.0/stm32cubeide/plugins/com.st.stm32cube.ide.mcu.externaltools.gnu-tools-for-stm32.10.3-2021.10.win32_1.0.0.202111181127/tools/bin/../lib/gcc/arm-none-eabi/10.3.1/../../../../arm-none-eabi/lib/thumb/v7e-m+dp/hard\libc_nano.a(lib_a-nano-msizer.o)
                0x000000000800a138                _malloc_usable_size_r
 .text.__retarget_lock_acquire_recursive
                0x000000000800a148        0x2 c:/myprogram/st/stm32cubeide_1.8.0/stm32cubeide/plugins/com.st.stm32cube.ide.mcu.externaltools.gnu-tools-for-stm32.10.3-2021.10.win32_1.0.0.202111181127/tools/bin/../lib/gcc/arm-none-eabi/10.3.1/../../../../arm-none-eabi/lib/thumb/v7e-m+dp/hard\libc_nano.a(lib_a-lock.o)
                0x000000000800a148                __retarget_lock_acquire_recursive
 .text.__retarget_lock_release_recursive
                0x000000000800a14a        0x2 c:/myprogram/st/stm32cubeide_1.8.0/stm32cubeide/plugins/com.st.stm32cube.ide.mcu.externaltools.gnu-tools-for-stm32.10.3-2021.10.win32_1.0.0.202111181127/tools/bin/../lib/gcc/arm-none-eabi/10.3.1/../../../../arm-none-eabi/lib/thumb/v7e-m+dp/hard\libc_nano.a(lib_a-lock.o)
                0x000000000800a14a                __retarget_lock_release_recursive
 .text.sqrtf    0x000000000800a14c       0x3c c:/myprogram/st/stm32cubeide_1.8.0/stm32cubeide/plugins/com.st.stm32cube.ide.mcu.externaltools.gnu-tools-for-stm32.10.3-2021.10.win32_1.0.0.202111181127/tools/bin/../lib/gcc/arm-none-eabi/10.3.1/../../../../arm-none-eabi/lib/thumb/v7e-m+dp/hard\libm.a(lib_a-wf_sqrt.o)
                0x000000000800a14c                sqrtf
 .text.__ieee754_sqrtf
                0x000000000800a188        0x6 c:/myprogram/st/stm32cubeide_1.8.0/stm32cubeide/plugins/com.st.stm32cube.ide.mcu.externaltools.gnu-tools-for-stm32.10.3-2021.10.win32_1.0.0.202111181127/tools/bin/../lib/gcc/arm-none-eabi/10.3.1/../../../../arm-none-eabi/lib/thumb/v7e-m+dp/hard\libm.a(lib_a-ef_sqrt.o)
                0x000000000800a188                __ieee754_sqrtf
 *(.glue_7)
 .glue_7        0x000000000800a18e        0x0 linker stubs
 *(.glue_7t)
 .glue_7t       0x000000000800a18e        0x0 linker stubs
 *(.eh_frame)
 *fill*         0x000000000800a18e        0x2 
 .eh_frame      0x000000000800a190        0x0 c:/myprogram/st/stm32cubeide_1.8.0/stm32cubeide/plugins/com.st.stm32cube.ide.mcu.externaltools.gnu-tools-for-stm32.10.3-2021.10.win32_1.0.0.202111181127/tools/bin/../lib/gcc/arm-none-eabi/10.3.1/thumb/v7e-m+dp/hard/crtbegin.o
 *(.init)
 .init          0x000000000800a190        0x4 c:/myprogram/st/stm32cubeide_1.8.0/stm32cubeide/plugins/com.st.stm32cube.ide.mcu.externaltools.gnu-tools-for-stm32.10.3-2021.10.win32_1.0.0.202111181127/tools/bin/../lib/gcc/arm-none-eabi/10.3.1/thumb/v7e-m+dp/hard/crti.o
                0x000000000800a190                _init
 .init          0x000000000800a194        0x8 c:/myprogram/st/stm32cubeide_1.8.0/stm32cubeide/plugins/com.st.stm32cube.ide.mcu.externaltools.gnu-tools-for-stm32.10.3-2021.10.win32_1.0.0.202111181127/tools/bin/../lib/gcc/arm-none-eabi/10.3.1/thumb/v7e-m+dp/hard/crtn.o
 *(.fini)
 .fini          0x000000000800a19c        0x4 c:/myprogram/st/stm32cubeide_1.8.0/stm32cubeide/plugins/com.st.stm32cube.ide.mcu.externaltools.gnu-tools-for-stm32.10.3-2021.10.win32_1.0.0.202111181127/tools/bin/../lib/gcc/arm-none-eabi/10.3.1/thumb/v7e-m+dp/hard/crti.o
                0x000000000800a19c                _fini
 .fini          0x000000000800a1a0        0x8 c:/myprogram/st/stm32cubeide_1.8.0/stm32cubeide/plugins/com.st.stm32cube.ide.mcu.externaltools.gnu-tools-for-stm32.10.3-2021.10.win32_1.0.0.202111181127/tools/bin/../lib/gcc/arm-none-eabi/10.3.1/thumb/v7e-m+dp/hard/crtn.o
                0x000000000800a1a8                . = ALIGN (0x4)
                0x000000000800a1a8                _etext = .

.vfp11_veneer   0x000000000800a1a8        0x0
 .vfp11_veneer  0x000000000800a1a8        0x0 linker stubs

.v4_bx          0x000000000800a1a8        0x0
 .v4_bx         0x000000000800a1a8        0x0 linker stubs

.iplt           0x000000000800a1a8        0x0
 .iplt          0x000000000800a1a8        0x0 c:/myprogram/st/stm32cubeide_1.8.0/stm32cubeide/plugins/com.st.stm32cube.ide.mcu.externaltools.gnu-tools-for-stm32.10.3-2021.10.win32_1.0.0.202111181127/tools/bin/../lib/gcc/arm-none-eabi/10.3.1/thumb/v7e-m+dp/hard/crtbegin.o

.rodata         0x000000000800a1a8     0x8890
                0x000000000800a1a8                . = ALIGN (0x4)
 *(.rodata)
 .rodata        0x000000000800a1a8        0x3 ./USB_DEVICE/App/usbd_cdc_if.o
 *fill*         0x000000000800a1ab        0x1 
 .rodata        0x000000000800a1ac       0x46 ./USB_DEVICE/App/usbd_desc.o
 *(.rodata*)
 *fill*         0x000000000800a1f2        0x2 
 .rodata.D1CorePrescTable
                0x000000000800a1f4       0x10 ./Core/Src/system_stm32h7xx.o
                0x000000000800a1f4                D1CorePrescTable
 .rodata.armBitRevTable
                0x000000000800a204      0x800 C:\Users\zhangrun\OneDrive\my_doc\project\graduate_design\graduatedesign\code\stm32\fft_process\CMSIS_DSP\GCC\libarm_cortexM7lfdp_math.a(arm_common_tables.o)
                0x000000000800a204                armBitRevTable
 .rodata.twiddleCoef_4096
                0x000000000800aa04     0x8000 C:\Users\zhangrun\OneDrive\my_doc\project\graduate_design\graduatedesign\code\stm32\fft_process\CMSIS_DSP\GCC\libarm_cortexM7lfdp_math.a(arm_common_tables.o)
                0x000000000800aa04                twiddleCoef_4096
 .rodata._svfprintf_r.str1.1
                0x0000000008012a04       0x11 c:/myprogram/st/stm32cubeide_1.8.0/stm32cubeide/plugins/com.st.stm32cube.ide.mcu.externaltools.gnu-tools-for-stm32.10.3-2021.10.win32_1.0.0.202111181127/tools/bin/../lib/gcc/arm-none-eabi/10.3.1/../../../../arm-none-eabi/lib/thumb/v7e-m+dp/hard\libc_nano.a(lib_a-nano-svfprintf.o)
 .rodata._printf_i.str1.1
                0x0000000008012a15       0x22 c:/myprogram/st/stm32cubeide_1.8.0/stm32cubeide/plugins/com.st.stm32cube.ide.mcu.externaltools.gnu-tools-for-stm32.10.3-2021.10.win32_1.0.0.202111181127/tools/bin/../lib/gcc/arm-none-eabi/10.3.1/../../../../arm-none-eabi/lib/thumb/v7e-m+dp/hard\libc_nano.a(lib_a-nano-vfprintf_i.o)
                0x0000000008012a38                . = ALIGN (0x4)
 *fill*         0x0000000008012a37        0x1 

.rel.dyn        0x0000000008012a38        0x0
 .rel.iplt      0x0000000008012a38        0x0 c:/myprogram/st/stm32cubeide_1.8.0/stm32cubeide/plugins/com.st.stm32cube.ide.mcu.externaltools.gnu-tools-for-stm32.10.3-2021.10.win32_1.0.0.202111181127/tools/bin/../lib/gcc/arm-none-eabi/10.3.1/thumb/v7e-m+dp/hard/crtbegin.o

.ARM.extab
 *(.ARM.extab* .gnu.linkonce.armextab.*)

.ARM            0x0000000008012a38        0x0
                0x0000000008012a38                __exidx_start = .
 *(.ARM.exidx*)
                0x0000000008012a38                __exidx_end = .

.preinit_array  0x0000000008012a38        0x0
                0x0000000008012a38                PROVIDE (__preinit_array_start = .)
 *(.preinit_array*)
                0x0000000008012a38                PROVIDE (__preinit_array_end = .)

.init_array     0x0000000008012a38        0x4
                0x0000000008012a38                PROVIDE (__init_array_start = .)
 *(SORT_BY_NAME(.init_array.*))
 *(.init_array*)
 .init_array    0x0000000008012a38        0x4 c:/myprogram/st/stm32cubeide_1.8.0/stm32cubeide/plugins/com.st.stm32cube.ide.mcu.externaltools.gnu-tools-for-stm32.10.3-2021.10.win32_1.0.0.202111181127/tools/bin/../lib/gcc/arm-none-eabi/10.3.1/thumb/v7e-m+dp/hard/crtbegin.o
                0x0000000008012a3c                PROVIDE (__init_array_end = .)

.fini_array     0x0000000008012a3c        0x4
                [!provide]                        PROVIDE (__fini_array_start = .)
 *(SORT_BY_NAME(.fini_array.*))
 *(.fini_array*)
 .fini_array    0x0000000008012a3c        0x4 c:/myprogram/st/stm32cubeide_1.8.0/stm32cubeide/plugins/com.st.stm32cube.ide.mcu.externaltools.gnu-tools-for-stm32.10.3-2021.10.win32_1.0.0.202111181127/tools/bin/../lib/gcc/arm-none-eabi/10.3.1/thumb/v7e-m+dp/hard/crtbegin.o
                [!provide]                        PROVIDE (__fini_array_end = .)
                0x0000000008012a40                _sidata = LOADADDR (.data)

.data           0x0000000024000000      0x18c load address 0x0000000008012a40
                0x0000000024000000                . = ALIGN (0x4)
                0x0000000024000000                _sdata = .
 *(.data)
 *(.data*)
 .data.SystemCoreClock
                0x0000000024000000        0x4 ./Core/Src/system_stm32h7xx.o
                0x0000000024000000                SystemCoreClock
 .data.SystemD2Clock
                0x0000000024000004        0x4 ./Core/Src/system_stm32h7xx.o
                0x0000000024000004                SystemD2Clock
 .data.uwTickPrio
                0x0000000024000008        0x4 ./Drivers/STM32H7xx_HAL_Driver/Src/stm32h7xx_hal.o
                0x0000000024000008                uwTickPrio
 .data.uwTickFreq
                0x000000002400000c        0x1 ./Drivers/STM32H7xx_HAL_Driver/Src/stm32h7xx_hal.o
                0x000000002400000c                uwTickFreq
 *fill*         0x000000002400000d        0x3 
 .data.fs       0x0000000024000010        0x8 ./FFT/fft.o
 .data.N        0x0000000024000018        0x8 ./FFT/fft.o
 .data.T        0x0000000024000020        0x8 ./FFT/fft.o
 .data.B        0x0000000024000028        0x8 ./FFT/fft.o
 .data.c        0x0000000024000030        0x8 ./FFT/fft.o
 .data.USBD_CDC_DeviceQualifierDesc
                0x0000000024000038        0xa ./Middlewares/ST/STM32_USB_Device_Library/Class/CDC/Src/usbd_cdc.o
 *fill*         0x0000000024000042        0x2 
 .data.USBD_CDC
                0x0000000024000044       0x38 ./Middlewares/ST/STM32_USB_Device_Library/Class/CDC/Src/usbd_cdc.o
                0x0000000024000044                USBD_CDC
 .data.USBD_CDC_CfgDesc
                0x000000002400007c       0x43 ./Middlewares/ST/STM32_USB_Device_Library/Class/CDC/Src/usbd_cdc.o
 .data.CDCInEpAdd
                0x00000000240000bf        0x1 ./Middlewares/ST/STM32_USB_Device_Library/Class/CDC/Src/usbd_cdc.o
 .data.CDCOutEpAdd
                0x00000000240000c0        0x1 ./Middlewares/ST/STM32_USB_Device_Library/Class/CDC/Src/usbd_cdc.o
 .data.CDCCmdEpAdd
                0x00000000240000c1        0x1 ./Middlewares/ST/STM32_USB_Device_Library/Class/CDC/Src/usbd_cdc.o
 *fill*         0x00000000240000c2        0x2 
 .data.USBD_Interface_fops_FS
                0x00000000240000c4       0x14 ./USB_DEVICE/App/usbd_cdc_if.o
                0x00000000240000c4                USBD_Interface_fops_FS
 .data.FS_Desc  0x00000000240000d8       0x1c ./USB_DEVICE/App/usbd_desc.o
                0x00000000240000d8                FS_Desc
 .data.USBD_FS_DeviceDesc
                0x00000000240000f4       0x12 ./USB_DEVICE/App/usbd_desc.o
                0x00000000240000f4                USBD_FS_DeviceDesc
 *fill*         0x0000000024000106        0x2 
 .data.USBD_LangIDDesc
                0x0000000024000108        0x4 ./USB_DEVICE/App/usbd_desc.o
                0x0000000024000108                USBD_LangIDDesc
 .data.USBD_StringSerial
                0x000000002400010c       0x1a ./USB_DEVICE/App/usbd_desc.o
                0x000000002400010c                USBD_StringSerial
 *fill*         0x0000000024000126        0x2 
 .data._impure_ptr
                0x0000000024000128        0x4 c:/myprogram/st/stm32cubeide_1.8.0/stm32cubeide/plugins/com.st.stm32cube.ide.mcu.externaltools.gnu-tools-for-stm32.10.3-2021.10.win32_1.0.0.202111181127/tools/bin/../lib/gcc/arm-none-eabi/10.3.1/../../../../arm-none-eabi/lib/thumb/v7e-m+dp/hard\libc_nano.a(lib_a-impure.o)
                0x0000000024000128                _impure_ptr
 .data.impure_data
                0x000000002400012c       0x60 c:/myprogram/st/stm32cubeide_1.8.0/stm32cubeide/plugins/com.st.stm32cube.ide.mcu.externaltools.gnu-tools-for-stm32.10.3-2021.10.win32_1.0.0.202111181127/tools/bin/../lib/gcc/arm-none-eabi/10.3.1/../../../../arm-none-eabi/lib/thumb/v7e-m+dp/hard\libc_nano.a(lib_a-impure.o)
 *(.RamFunc)
 *(.RamFunc*)
                0x000000002400018c                . = ALIGN (0x4)
                0x000000002400018c                _edata = .

.igot.plt       0x000000002400018c        0x0 load address 0x0000000008012bcc
 .igot.plt      0x000000002400018c        0x0 c:/myprogram/st/stm32cubeide_1.8.0/stm32cubeide/plugins/com.st.stm32cube.ide.mcu.externaltools.gnu-tools-for-stm32.10.3-2021.10.win32_1.0.0.202111181127/tools/bin/../lib/gcc/arm-none-eabi/10.3.1/thumb/v7e-m+dp/hard/crtbegin.o
                0x000000002400018c                . = ALIGN (0x4)

.bss            0x0000000024000190     0xdc60 load address 0x0000000008012bcc
                0x0000000024000190                _sbss = .
                0x0000000024000190                __bss_start__ = _sbss
 *(.bss)
 .bss           0x0000000024000190       0x1c c:/myprogram/st/stm32cubeide_1.8.0/stm32cubeide/plugins/com.st.stm32cube.ide.mcu.externaltools.gnu-tools-for-stm32.10.3-2021.10.win32_1.0.0.202111181127/tools/bin/../lib/gcc/arm-none-eabi/10.3.1/thumb/v7e-m+dp/hard/crtbegin.o
 *(.bss*)
 .bss.__sbrk_heap_end
                0x00000000240001ac        0x4 ./Core/Src/sysmem.o
 .bss.uwTick    0x00000000240001b0        0x4 ./Drivers/STM32H7xx_HAL_Driver/Src/stm32h7xx_hal.o
                0x00000000240001b0                uwTick
 .bss.fft_inputbuf
                0x00000000240001b4     0x8000 ./FFT/fft.o
 .bss.fft_outputbuf
                0x00000000240081b4     0x4000 ./FFT/fft.o
 *fill*         0x000000002400c1b4        0x4 
 .bss.range_test
                0x000000002400c1b8        0x8 ./FFT/fft.o
 .bss.max_x_test
                0x000000002400c1c0        0x4 ./FFT/fft.o
 *fill*         0x000000002400c1c4        0x4 
 .bss.gap_test  0x000000002400c1c8        0x8 ./FFT/fft.o
 .bss.cfgidx.0  0x000000002400c1d0        0x1 ./Middlewares/ST/STM32_USB_Device_Library/Core/Src/usbd_ctlreq.o
 *fill*         0x000000002400c1d1        0x3 
 .bss.hUsbDeviceFS
                0x000000002400c1d4      0x2dc ./USB_DEVICE/App/usb_device.o
                0x000000002400c1d4                hUsbDeviceFS
 .bss.UserRxBufferFS
                0x000000002400c4b0      0x800 ./USB_DEVICE/App/usbd_cdc_if.o
                0x000000002400c4b0                UserRxBufferFS
 .bss.UserTxBufferFS
                0x000000002400ccb0      0x800 ./USB_DEVICE/App/usbd_cdc_if.o
                0x000000002400ccb0                UserTxBufferFS
 .bss.rx_status.0
                0x000000002400d4b0        0x1 ./USB_DEVICE/App/usbd_cdc_if.o
 *fill*         0x000000002400d4b1        0x3 
 .bss.USBD_StrDesc
                0x000000002400d4b4      0x200 ./USB_DEVICE/App/usbd_desc.o
                0x000000002400d4b4                USBD_StrDesc
 .bss.hpcd_USB_OTG_FS
                0x000000002400d6b4      0x50c ./USB_DEVICE/Target/usbd_conf.o
                0x000000002400d6b4                hpcd_USB_OTG_FS
 .bss.mem.0     0x000000002400dbc0      0x220 ./USB_DEVICE/Target/usbd_conf.o
 .bss.__malloc_free_list
                0x000000002400dde0        0x4 c:/myprogram/st/stm32cubeide_1.8.0/stm32cubeide/plugins/com.st.stm32cube.ide.mcu.externaltools.gnu-tools-for-stm32.10.3-2021.10.win32_1.0.0.202111181127/tools/bin/../lib/gcc/arm-none-eabi/10.3.1/../../../../arm-none-eabi/lib/thumb/v7e-m+dp/hard\libc_nano.a(lib_a-nano-mallocr.o)
                0x000000002400dde0                __malloc_free_list
 .bss.__malloc_sbrk_start
                0x000000002400dde4        0x4 c:/myprogram/st/stm32cubeide_1.8.0/stm32cubeide/plugins/com.st.stm32cube.ide.mcu.externaltools.gnu-tools-for-stm32.10.3-2021.10.win32_1.0.0.202111181127/tools/bin/../lib/gcc/arm-none-eabi/10.3.1/../../../../arm-none-eabi/lib/thumb/v7e-m+dp/hard\libc_nano.a(lib_a-nano-mallocr.o)
                0x000000002400dde4                __malloc_sbrk_start
 .bss.errno     0x000000002400dde8        0x4 c:/myprogram/st/stm32cubeide_1.8.0/stm32cubeide/plugins/com.st.stm32cube.ide.mcu.externaltools.gnu-tools-for-stm32.10.3-2021.10.win32_1.0.0.202111181127/tools/bin/../lib/gcc/arm-none-eabi/10.3.1/../../../../arm-none-eabi/lib/thumb/v7e-m+dp/hard\libc_nano.a(lib_a-reent.o)
                0x000000002400dde8                errno
 .bss.__lock___malloc_recursive_mutex
                0x000000002400ddec        0x1 c:/myprogram/st/stm32cubeide_1.8.0/stm32cubeide/plugins/com.st.stm32cube.ide.mcu.externaltools.gnu-tools-for-stm32.10.3-2021.10.win32_1.0.0.202111181127/tools/bin/../lib/gcc/arm-none-eabi/10.3.1/../../../../arm-none-eabi/lib/thumb/v7e-m+dp/hard\libc_nano.a(lib_a-lock.o)
                0x000000002400ddec                __lock___malloc_recursive_mutex
 *(COMMON)
                0x000000002400ddf0                . = ALIGN (0x4)
 *fill*         0x000000002400dded        0x3 
                0x000000002400ddf0                _ebss = .
                0x000000002400ddf0                __bss_end__ = _ebss

._user_heap_stack
                0x000000002400ddf0     0x1400 load address 0x0000000008012bcc
                0x000000002400ddf0                . = ALIGN (0x8)
                [!provide]                        PROVIDE (end = .)
                0x000000002400ddf0                PROVIDE (_end = .)
                0x000000002400edf0                . = (. + _Min_Heap_Size)
 *fill*         0x000000002400ddf0     0x1000 
                0x000000002400f1f0                . = (. + _Min_Stack_Size)
 *fill*         0x000000002400edf0      0x400 
                0x000000002400f1f0                . = ALIGN (0x8)

/DISCARD/
 libc.a(*)
 libm.a(*)
 libgcc.a(*)

.ARM.attributes
                0x0000000000000000       0x2e
 *(.ARM.attributes)
 .ARM.attributes
                0x0000000000000000       0x1e c:/myprogram/st/stm32cubeide_1.8.0/stm32cubeide/plugins/com.st.stm32cube.ide.mcu.externaltools.gnu-tools-for-stm32.10.3-2021.10.win32_1.0.0.202111181127/tools/bin/../lib/gcc/arm-none-eabi/10.3.1/thumb/v7e-m+dp/hard/crti.o
 .ARM.attributes
                0x000000000000001e       0x32 c:/myprogram/st/stm32cubeide_1.8.0/stm32cubeide/plugins/com.st.stm32cube.ide.mcu.externaltools.gnu-tools-for-stm32.10.3-2021.10.win32_1.0.0.202111181127/tools/bin/../lib/gcc/arm-none-eabi/10.3.1/thumb/v7e-m+dp/hard/crtbegin.o
 .ARM.attributes
                0x0000000000000050       0x32 ./Core/Src/gpio.o
 .ARM.attributes
                0x0000000000000082       0x32 ./Core/Src/main.o
 .ARM.attributes
                0x00000000000000b4       0x32 ./Core/Src/stm32h7xx_hal_msp.o
 .ARM.attributes
                0x00000000000000e6       0x32 ./Core/Src/stm32h7xx_it.o
 .ARM.attributes
                0x0000000000000118       0x32 ./Core/Src/sysmem.o
 .ARM.attributes
                0x000000000000014a       0x32 ./Core/Src/system_stm32h7xx.o
 .ARM.attributes
                0x000000000000017c       0x21 ./Core/Startup/startup_stm32h750vbtx.o
 .ARM.attributes
                0x000000000000019d       0x32 ./Drivers/STM32H7xx_HAL_Driver/Src/stm32h7xx_hal.o
 .ARM.attributes
                0x00000000000001cf       0x32 ./Drivers/STM32H7xx_HAL_Driver/Src/stm32h7xx_hal_cortex.o
 .ARM.attributes
                0x0000000000000201       0x32 ./Drivers/STM32H7xx_HAL_Driver/Src/stm32h7xx_hal_gpio.o
 .ARM.attributes
                0x0000000000000233       0x32 ./Drivers/STM32H7xx_HAL_Driver/Src/stm32h7xx_hal_pcd.o
 .ARM.attributes
                0x0000000000000265       0x32 ./Drivers/STM32H7xx_HAL_Driver/Src/stm32h7xx_hal_pcd_ex.o
 .ARM.attributes
                0x0000000000000297       0x32 ./Drivers/STM32H7xx_HAL_Driver/Src/stm32h7xx_hal_pwr_ex.o
 .ARM.attributes
                0x00000000000002c9       0x32 ./Drivers/STM32H7xx_HAL_Driver/Src/stm32h7xx_hal_rcc.o
 .ARM.attributes
                0x00000000000002fb       0x32 ./Drivers/STM32H7xx_HAL_Driver/Src/stm32h7xx_hal_rcc_ex.o
 .ARM.attributes
                0x000000000000032d       0x32 ./Drivers/STM32H7xx_HAL_Driver/Src/stm32h7xx_ll_usb.o
 .ARM.attributes
                0x000000000000035f       0x32 ./FFT/fft.o
 .ARM.attributes
                0x0000000000000391       0x32 ./Middlewares/ST/STM32_USB_Device_Library/Class/CDC/Src/usbd_cdc.o
 .ARM.attributes
                0x00000000000003c3       0x32 ./Middlewares/ST/STM32_USB_Device_Library/Core/Src/usbd_core.o
 .ARM.attributes
                0x00000000000003f5       0x32 ./Middlewares/ST/STM32_USB_Device_Library/Core/Src/usbd_ctlreq.o
 .ARM.attributes
                0x0000000000000427       0x32 ./Middlewares/ST/STM32_USB_Device_Library/Core/Src/usbd_ioreq.o
 .ARM.attributes
                0x0000000000000459       0x32 ./USB_DEVICE/App/usb_device.o
 .ARM.attributes
                0x000000000000048b       0x32 ./USB_DEVICE/App/usbd_cdc_if.o
 .ARM.attributes
                0x00000000000004bd       0x32 ./USB_DEVICE/App/usbd_desc.o
 .ARM.attributes
                0x00000000000004ef       0x32 ./USB_DEVICE/Target/usbd_conf.o
 .ARM.attributes
                0x0000000000000521       0x32 C:\Users\zhangrun\OneDrive\my_doc\project\graduate_design\graduatedesign\code\stm32\fft_process\CMSIS_DSP\GCC\libarm_cortexM7lfdp_math.a(arm_cfft_radix4_init_f32.o)
 .ARM.attributes
                0x0000000000000553       0x32 C:\Users\zhangrun\OneDrive\my_doc\project\graduate_design\graduatedesign\code\stm32\fft_process\CMSIS_DSP\GCC\libarm_cortexM7lfdp_math.a(arm_cfft_radix4_f32.o)
 .ARM.attributes
                0x0000000000000585       0x32 C:\Users\zhangrun\OneDrive\my_doc\project\graduate_design\graduatedesign\code\stm32\fft_process\CMSIS_DSP\GCC\libarm_cortexM7lfdp_math.a(arm_bitreversal.o)
 .ARM.attributes
                0x00000000000005b7       0x32 C:\Users\zhangrun\OneDrive\my_doc\project\graduate_design\graduatedesign\code\stm32\fft_process\CMSIS_DSP\GCC\libarm_cortexM7lfdp_math.a(arm_cmplx_mag_f32.o)
 .ARM.attributes
                0x00000000000005e9       0x37 C:\Users\zhangrun\OneDrive\my_doc\project\graduate_design\graduatedesign\code\stm32\fft_process\CMSIS_DSP\GCC\libarm_cortexM7lfdp_math.a(arm_common_tables.o)
 .ARM.attributes
                0x0000000000000620       0x32 c:/myprogram/st/stm32cubeide_1.8.0/stm32cubeide/plugins/com.st.stm32cube.ide.mcu.externaltools.gnu-tools-for-stm32.10.3-2021.10.win32_1.0.0.202111181127/tools/bin/../lib/gcc/arm-none-eabi/10.3.1/../../../../arm-none-eabi/lib/thumb/v7e-m+dp/hard\libc_nano.a(lib_a-errno.o)
 .ARM.attributes
                0x0000000000000652       0x32 c:/myprogram/st/stm32cubeide_1.8.0/stm32cubeide/plugins/com.st.stm32cube.ide.mcu.externaltools.gnu-tools-for-stm32.10.3-2021.10.win32_1.0.0.202111181127/tools/bin/../lib/gcc/arm-none-eabi/10.3.1/../../../../arm-none-eabi/lib/thumb/v7e-m+dp/hard\libc_nano.a(lib_a-impure.o)
 .ARM.attributes
                0x0000000000000684       0x32 c:/myprogram/st/stm32cubeide_1.8.0/stm32cubeide/plugins/com.st.stm32cube.ide.mcu.externaltools.gnu-tools-for-stm32.10.3-2021.10.win32_1.0.0.202111181127/tools/bin/../lib/gcc/arm-none-eabi/10.3.1/../../../../arm-none-eabi/lib/thumb/v7e-m+dp/hard\libc_nano.a(lib_a-init.o)
 .ARM.attributes
                0x00000000000006b6       0x32 c:/myprogram/st/stm32cubeide_1.8.0/stm32cubeide/plugins/com.st.stm32cube.ide.mcu.externaltools.gnu-tools-for-stm32.10.3-2021.10.win32_1.0.0.202111181127/tools/bin/../lib/gcc/arm-none-eabi/10.3.1/../../../../arm-none-eabi/lib/thumb/v7e-m+dp/hard\libc_nano.a(lib_a-memcpy-stub.o)
 .ARM.attributes
                0x00000000000006e8       0x32 c:/myprogram/st/stm32cubeide_1.8.0/stm32cubeide/plugins/com.st.stm32cube.ide.mcu.externaltools.gnu-tools-for-stm32.10.3-2021.10.win32_1.0.0.202111181127/tools/bin/../lib/gcc/arm-none-eabi/10.3.1/../../../../arm-none-eabi/lib/thumb/v7e-m+dp/hard\libc_nano.a(lib_a-memset.o)
 .ARM.attributes
                0x000000000000071a       0x32 c:/myprogram/st/stm32cubeide_1.8.0/stm32cubeide/plugins/com.st.stm32cube.ide.mcu.externaltools.gnu-tools-for-stm32.10.3-2021.10.win32_1.0.0.202111181127/tools/bin/../lib/gcc/arm-none-eabi/10.3.1/../../../../arm-none-eabi/lib/thumb/v7e-m+dp/hard\libc_nano.a(lib_a-vsnprintf.o)
 .ARM.attributes
                0x000000000000074c       0x32 c:/myprogram/st/stm32cubeide_1.8.0/stm32cubeide/plugins/com.st.stm32cube.ide.mcu.externaltools.gnu-tools-for-stm32.10.3-2021.10.win32_1.0.0.202111181127/tools/bin/../lib/gcc/arm-none-eabi/10.3.1/../../../../arm-none-eabi/lib/thumb/v7e-m+dp/hard\libc_nano.a(lib_a-nano-svfprintf.o)
 .ARM.attributes
                0x000000000000077e       0x32 c:/myprogram/st/stm32cubeide_1.8.0/stm32cubeide/plugins/com.st.stm32cube.ide.mcu.externaltools.gnu-tools-for-stm32.10.3-2021.10.win32_1.0.0.202111181127/tools/bin/../lib/gcc/arm-none-eabi/10.3.1/../../../../arm-none-eabi/lib/thumb/v7e-m+dp/hard\libc_nano.a(lib_a-nano-vfprintf_i.o)
 .ARM.attributes
                0x00000000000007b0       0x1c c:/myprogram/st/stm32cubeide_1.8.0/stm32cubeide/plugins/com.st.stm32cube.ide.mcu.externaltools.gnu-tools-for-stm32.10.3-2021.10.win32_1.0.0.202111181127/tools/bin/../lib/gcc/arm-none-eabi/10.3.1/../../../../arm-none-eabi/lib/thumb/v7e-m+dp/hard\libc_nano.a(lib_a-memchr.o)
 .ARM.attributes
                0x00000000000007cc       0x32 c:/myprogram/st/stm32cubeide_1.8.0/stm32cubeide/plugins/com.st.stm32cube.ide.mcu.externaltools.gnu-tools-for-stm32.10.3-2021.10.win32_1.0.0.202111181127/tools/bin/../lib/gcc/arm-none-eabi/10.3.1/../../../../arm-none-eabi/lib/thumb/v7e-m+dp/hard\libc_nano.a(lib_a-memmove.o)
 .ARM.attributes
                0x00000000000007fe       0x32 c:/myprogram/st/stm32cubeide_1.8.0/stm32cubeide/plugins/com.st.stm32cube.ide.mcu.externaltools.gnu-tools-for-stm32.10.3-2021.10.win32_1.0.0.202111181127/tools/bin/../lib/gcc/arm-none-eabi/10.3.1/../../../../arm-none-eabi/lib/thumb/v7e-m+dp/hard\libc_nano.a(lib_a-nano-freer.o)
 .ARM.attributes
                0x0000000000000830       0x32 c:/myprogram/st/stm32cubeide_1.8.0/stm32cubeide/plugins/com.st.stm32cube.ide.mcu.externaltools.gnu-tools-for-stm32.10.3-2021.10.win32_1.0.0.202111181127/tools/bin/../lib/gcc/arm-none-eabi/10.3.1/../../../../arm-none-eabi/lib/thumb/v7e-m+dp/hard\libc_nano.a(lib_a-nano-mallocr.o)
 .ARM.attributes
                0x0000000000000862       0x32 c:/myprogram/st/stm32cubeide_1.8.0/stm32cubeide/plugins/com.st.stm32cube.ide.mcu.externaltools.gnu-tools-for-stm32.10.3-2021.10.win32_1.0.0.202111181127/tools/bin/../lib/gcc/arm-none-eabi/10.3.1/../../../../arm-none-eabi/lib/thumb/v7e-m+dp/hard\libc_nano.a(lib_a-nano-reallocr.o)
 .ARM.attributes
                0x0000000000000894       0x32 c:/myprogram/st/stm32cubeide_1.8.0/stm32cubeide/plugins/com.st.stm32cube.ide.mcu.externaltools.gnu-tools-for-stm32.10.3-2021.10.win32_1.0.0.202111181127/tools/bin/../lib/gcc/arm-none-eabi/10.3.1/../../../../arm-none-eabi/lib/thumb/v7e-m+dp/hard\libc_nano.a(lib_a-sbrkr.o)
 .ARM.attributes
                0x00000000000008c6       0x32 c:/myprogram/st/stm32cubeide_1.8.0/stm32cubeide/plugins/com.st.stm32cube.ide.mcu.externaltools.gnu-tools-for-stm32.10.3-2021.10.win32_1.0.0.202111181127/tools/bin/../lib/gcc/arm-none-eabi/10.3.1/../../../../arm-none-eabi/lib/thumb/v7e-m+dp/hard\libc_nano.a(lib_a-mlock.o)
 .ARM.attributes
                0x00000000000008f8       0x32 c:/myprogram/st/stm32cubeide_1.8.0/stm32cubeide/plugins/com.st.stm32cube.ide.mcu.externaltools.gnu-tools-for-stm32.10.3-2021.10.win32_1.0.0.202111181127/tools/bin/../lib/gcc/arm-none-eabi/10.3.1/../../../../arm-none-eabi/lib/thumb/v7e-m+dp/hard\libc_nano.a(lib_a-nano-msizer.o)
 .ARM.attributes
                0x000000000000092a       0x32 c:/myprogram/st/stm32cubeide_1.8.0/stm32cubeide/plugins/com.st.stm32cube.ide.mcu.externaltools.gnu-tools-for-stm32.10.3-2021.10.win32_1.0.0.202111181127/tools/bin/../lib/gcc/arm-none-eabi/10.3.1/../../../../arm-none-eabi/lib/thumb/v7e-m+dp/hard\libc_nano.a(lib_a-reent.o)
 .ARM.attributes
                0x000000000000095c       0x32 c:/myprogram/st/stm32cubeide_1.8.0/stm32cubeide/plugins/com.st.stm32cube.ide.mcu.externaltools.gnu-tools-for-stm32.10.3-2021.10.win32_1.0.0.202111181127/tools/bin/../lib/gcc/arm-none-eabi/10.3.1/../../../../arm-none-eabi/lib/thumb/v7e-m+dp/hard\libc_nano.a(lib_a-lock.o)
 .ARM.attributes
                0x000000000000098e       0x32 c:/myprogram/st/stm32cubeide_1.8.0/stm32cubeide/plugins/com.st.stm32cube.ide.mcu.externaltools.gnu-tools-for-stm32.10.3-2021.10.win32_1.0.0.202111181127/tools/bin/../lib/gcc/arm-none-eabi/10.3.1/../../../../arm-none-eabi/lib/thumb/v7e-m+dp/hard\libm.a(lib_a-wf_sqrt.o)
 .ARM.attributes
                0x00000000000009c0       0x32 c:/myprogram/st/stm32cubeide_1.8.0/stm32cubeide/plugins/com.st.stm32cube.ide.mcu.externaltools.gnu-tools-for-stm32.10.3-2021.10.win32_1.0.0.202111181127/tools/bin/../lib/gcc/arm-none-eabi/10.3.1/../../../../arm-none-eabi/lib/thumb/v7e-m+dp/hard\libm.a(lib_a-ef_sqrt.o)
 .ARM.attributes
                0x00000000000009f2       0x1e c:/myprogram/st/stm32cubeide_1.8.0/stm32cubeide/plugins/com.st.stm32cube.ide.mcu.externaltools.gnu-tools-for-stm32.10.3-2021.10.win32_1.0.0.202111181127/tools/bin/../lib/gcc/arm-none-eabi/10.3.1/thumb/v7e-m+dp/hard/crtn.o
OUTPUT(fft_process.elf elf32-littlearm)
LOAD linker stubs
LOAD c:/myprogram/st/stm32cubeide_1.8.0/stm32cubeide/plugins/com.st.stm32cube.ide.mcu.externaltools.gnu-tools-for-stm32.10.3-2021.10.win32_1.0.0.202111181127/tools/bin/../lib/gcc/arm-none-eabi/10.3.1/../../../../arm-none-eabi/lib/thumb/v7e-m+dp/hard\libc.a
LOAD c:/myprogram/st/stm32cubeide_1.8.0/stm32cubeide/plugins/com.st.stm32cube.ide.mcu.externaltools.gnu-tools-for-stm32.10.3-2021.10.win32_1.0.0.202111181127/tools/bin/../lib/gcc/arm-none-eabi/10.3.1/../../../../arm-none-eabi/lib/thumb/v7e-m+dp/hard\libm.a
LOAD c:/myprogram/st/stm32cubeide_1.8.0/stm32cubeide/plugins/com.st.stm32cube.ide.mcu.externaltools.gnu-tools-for-stm32.10.3-2021.10.win32_1.0.0.202111181127/tools/bin/../lib/gcc/arm-none-eabi/10.3.1/thumb/v7e-m+dp/hard\libgcc.a

.debug_info     0x0000000000000000    0x1b205
 .debug_info    0x0000000000000000      0xa37 ./Core/Src/gpio.o
 .debug_info    0x0000000000000a37      0x664 ./Core/Src/main.o
 .debug_info    0x000000000000109b      0x4a4 ./Core/Src/stm32h7xx_hal_msp.o
 .debug_info    0x000000000000153f      0x7e7 ./Core/Src/stm32h7xx_it.o
 .debug_info    0x0000000000001d26      0x171 ./Core/Src/sysmem.o
 .debug_info    0x0000000000001e97      0xd07 ./Core/Src/system_stm32h7xx.o
 .debug_info    0x0000000000002b9e       0x22 ./Core/Startup/startup_stm32h750vbtx.o
 .debug_info    0x0000000000002bc0     0x15dd ./Drivers/STM32H7xx_HAL_Driver/Src/stm32h7xx_hal.o
 .debug_info    0x000000000000419d     0x1173 ./Drivers/STM32H7xx_HAL_Driver/Src/stm32h7xx_hal_cortex.o
 .debug_info    0x0000000000005310      0xd28 ./Drivers/STM32H7xx_HAL_Driver/Src/stm32h7xx_hal_gpio.o
 .debug_info    0x0000000000006038     0x169b ./Drivers/STM32H7xx_HAL_Driver/Src/stm32h7xx_hal_pcd.o
 .debug_info    0x00000000000076d3      0x8fb ./Drivers/STM32H7xx_HAL_Driver/Src/stm32h7xx_hal_pcd_ex.o
 .debug_info    0x0000000000007fce     0x109d ./Drivers/STM32H7xx_HAL_Driver/Src/stm32h7xx_hal_pwr_ex.o
 .debug_info    0x000000000000906b      0xf4a ./Drivers/STM32H7xx_HAL_Driver/Src/stm32h7xx_hal_rcc.o
 .debug_info    0x0000000000009fb5     0x12b4 ./Drivers/STM32H7xx_HAL_Driver/Src/stm32h7xx_hal_rcc_ex.o