Archive member included to satisfy reference by file (symbol)

C:\Users\zhangrun\OneDrive\my_doc\project\graduate_design\graduatedesign\code\stm32\fft_process\CMSIS_DSP\GCC\libarm_cortexM7lfdp_math.a(arm_cfft_radix4_init_f32.o)
                              ./FFT/fft.o (arm_cfft_radix4_init_f32)
C:\Users\zhangrun\OneDrive\my_doc\project\graduate_design\graduatedesign\code\stm32\fft_process\CMSIS_DSP\GCC\libarm_cortexM7lfdp_math.a(arm_cfft_radix4_f32.o)
                              ./FFT/fft.o (arm_cfft_radix4_f32)
C:\Users\zhangrun\OneDrive\my_doc\project\graduate_design\graduatedesign\code\stm32\fft_process\CMSIS_DSP\GCC\libarm_cortexM7lfdp_math.a(arm_bitreversal.o)
                              C:\Users\zhangrun\OneDrive\my_doc\project\graduate_design\graduatedesign\code\stm32\fft_process\CMSIS_DSP\GCC\libarm_cortexM7lfdp_math.a(arm_cfft_radix4_f32.o) (arm_bitreversal_f32)
C:\Users\zhangrun\OneDrive\my_doc\project\graduate_design\graduatedesign\code\stm32\fft_process\CMSIS_DSP\GCC\libarm_cortexM7lfdp_math.a(arm_cmplx_mag_f32.o)
                              ./FFT/fft.o (arm_cmplx_mag_f32)
C:\Users\zhangrun\OneDrive\my_doc\project\graduate_design\graduatedesign\code\stm32\fft_process\CMSIS_DSP\GCC\libarm_cortexM7lfdp_math.a(arm_common_tables.o)
                              C:\Users\zhangrun\OneDrive\my_doc\project\graduate_design\graduatedesign\code\stm32\fft_process\CMSIS_DSP\GCC\libarm_cortexM7lfdp_math.a(arm_cfft_radix4_init_f32.o) (twiddleCoef_4096)
c:/myprogram/st/stm32cubeide_1.8.0/stm32cubeide/plugins/com.st.stm32cube.ide.mcu.externaltools.gnu-tools-for-stm32.10.3-2021.10.win32_1.0.0.202111181127/tools/bin/../lib/gcc/arm-none-eabi/10.3.1/../../../../arm-none-eabi/lib/thumb/v7e-m+dp/hard\libc_nano.a(lib_a-errno.o)
                              ./Core/Src/syscalls.o (__errno)
c:/myprogram/st/stm32cubeide_1.8.0/stm32cubeide/plugins/com.st.stm32cube.ide.mcu.externaltools.gnu-tools-for-stm32.10.3-2021.10.win32_1.0.0.202111181127/tools/bin/../lib/gcc/arm-none-eabi/10.3.1/../../../../arm-none-eabi/lib/thumb/v7e-m+dp/hard\libc_nano.a(lib_a-exit.o)
                              c:/myprogram/st/stm32cubeide_1.8.0/stm32cubeide/plugins/com.st.stm32cube.ide.mcu.externaltools.gnu-tools-for-stm32.10.3-2021.10.win32_1.0.0.202111181127/tools/bin/../lib/gcc/arm-none-eabi/10.3.1/../../../../arm-none-eabi/lib/thumb/v7e-m+dp/hard/crt0.o (exit)
c:/myprogram/st/stm32cubeide_1.8.0/stm32cubeide/plugins/com.st.stm32cube.ide.mcu.externaltools.gnu-tools-for-stm32.10.3-2021.10.win32_1.0.0.202111181127/tools/bin/../lib/gcc/arm-none-eabi/10.3.1/../../../../arm-none-eabi/lib/thumb/v7e-m+dp/hard\libc_nano.a(lib_a-impure.o)
                              c:/myprogram/st/stm32cubeide_1.8.0/stm32cubeide/plugins/com.st.stm32cube.ide.mcu.externaltools.gnu-tools-for-stm32.10.3-2021.10.win32_1.0.0.202111181127/tools/bin/../lib/gcc/arm-none-eabi/10.3.1/../../../../arm-none-eabi/lib/thumb/v7e-m+dp/hard\libc_nano.a(lib_a-exit.o) (_global_impure_ptr)
c:/myprogram/st/stm32cubeide_1.8.0/stm32cubeide/plugins/com.st.stm32cube.ide.mcu.externaltools.gnu-tools-for-stm32.10.3-2021.10.win32_1.0.0.202111181127/tools/bin/../lib/gcc/arm-none-eabi/10.3.1/../../../../arm-none-eabi/lib/thumb/v7e-m+dp/hard\libc_nano.a(lib_a-init.o)
                              c:/myprogram/st/stm32cubeide_1.8.0/stm32cubeide/plugins/com.st.stm32cube.ide.mcu.externaltools.gnu-tools-for-stm32.10.3-2021.10.win32_1.0.0.202111181127/tools/bin/../lib/gcc/arm-none-eabi/10.3.1/../../../../arm-none-eabi/lib/thumb/v7e-m+dp/hard/crt0.o (__libc_init_array)
c:/myprogram/st/stm32cubeide_1.8.0/stm32cubeide/plugins/com.st.stm32cube.ide.mcu.externaltools.gnu-tools-for-stm32.10.3-2021.10.win32_1.0.0.202111181127/tools/bin/../lib/gcc/arm-none-eabi/10.3.1/../../../../arm-none-eabi/lib/thumb/v7e-m+dp/hard\libc_nano.a(lib_a-memcpy-stub.o)
                              ./USB_DEVICE/App/usbd_cdc_if.o (memcpy)
c:/myprogram/st/stm32cubeide_1.8.0/stm32cubeide/plugins/com.st.stm32cube.ide.mcu.externaltools.gnu-tools-for-stm32.10.3-2021.10.win32_1.0.0.202111181127/tools/bin/../lib/gcc/arm-none-eabi/10.3.1/../../../../arm-none-eabi/lib/thumb/v7e-m+dp/hard\libc_nano.a(lib_a-memset.o)
                              c:/myprogram/st/stm32cubeide_1.8.0/stm32cubeide/plugins/com.st.stm32cube.ide.mcu.externaltools.gnu-tools-for-stm32.10.3-2021.10.win32_1.0.0.202111181127/tools/bin/../lib/gcc/arm-none-eabi/10.3.1/../../../../arm-none-eabi/lib/thumb/v7e-m+dp/hard/crt0.o (memset)
c:/myprogram/st/stm32cubeide_1.8.0/stm32cubeide/plugins/com.st.stm32cube.ide.mcu.externaltools.gnu-tools-for-stm32.10.3-2021.10.win32_1.0.0.202111181127/tools/bin/../lib/gcc/arm-none-eabi/10.3.1/../../../../arm-none-eabi/lib/thumb/v7e-m+dp/hard\libc_nano.a(lib_a-vsnprintf.o)
                              ./USB_DEVICE/App/usbd_cdc_if.o (vsnprintf)
[...]
Memory Configuration

Name             Origin             Length             Attributes
FLASH            0x0000000008000000 0x0000000000020000 xr
DTCMRAM          0x0000000020000000 0x0000000000020000 xrw
RAM_D1           0x0000000024000000 0x0000000000080000 xrw
RAM_D2           0x0000000030000000 0x0000000000048000 xrw
RAM_D3           0x0000000038000000 0x0000000000010000 xrw
ITCMRAM          0x0000000000000000 0x0000000000010000 xrw
*default*        0x0000000000000000 0xffffffffffffffff

Linker script and memory map

LOAD c:/myprogram/st/stm32cubeide_1.8.0/stm32cubeide/plugins/com.st.stm32cube.ide.mcu.externaltools.gnu-tools-for-stm32.10.3-2021.10.win32_1.0.0.202111181127/tools/bin/../lib/gcc/arm-none-eabi/10.3.1/thumb/v7e-m+dp/hard/crti.o
LOAD c:/myprogram/st/stm32cubeide_1.8.0/stm32cubeide/plugins/com.st.stm32cube.ide.mcu.externaltools.gnu-tools-for-stm32.10.3-2021.10.win32_1.0.0.202111181127/tools/bin/../lib/gcc/arm-none-eabi/10.3.1/thumb/v7e-m+dp/hard/crtbegin.o
LOAD c:/myprogram/st/stm32cubeide_1.8.0/stm32cubeide/plugins/com.st.stm32cube.ide.mcu.externaltools.gnu-tools-for-stm32.10.3-2021.10.win32_1.0.0.202111181127/tools/bin/../lib/gcc/arm-none-eabi/10.3.1/../../../../arm-none-eabi/lib/thumb/v7e-m+dp/hard/crt0.o
LOAD ./Core/Src/gpio.o
LOAD ./Core/Src/main.o
LOAD ./Core/Src/stm32h7xx_hal_msp.o
LOAD ./Core/Src/stm32h7xx_it.o
LOAD ./Core/Src/syscalls.o
LOAD ./Core/Src/sysmem.o
LOAD ./Core/Src/system_stm32h7xx.o
LOAD ./Core/Src/tim.o
LOAD ./Core/Startup/startup_stm32h750vbtx.o
LOAD ./Drivers/STM32H7xx_HAL_Driver/Src/stm32h7xx_hal.o
LOAD ./Drivers/STM32H7xx_HAL_Driver/Src/stm32h7xx_hal_cortex.o
LOAD ./Drivers/STM32H7xx_HAL_Driver/Src/stm32h7xx_hal_dma.o
LOAD ./Drivers/STM32H7xx_HAL_Driver/Src/stm32h7xx_hal_dma_ex.o
LOAD ./Drivers/STM32H7xx_HAL_Driver/Src/stm32h7xx_hal_exti.o
LOAD ./Drivers/STM32H7xx_HAL_Driver/Src/stm32h7xx_hal_flash.o
LOAD ./Drivers/STM32H7xx_HAL_Driver/Src/stm32h7xx_hal_flash_ex.o
LOAD ./Drivers/STM32H7xx_HAL_Driver/Src/stm32h7xx_hal_gpio.o
LOAD ./Drivers/STM32H7xx_HAL_Driver/Src/stm32h7xx_hal_hsem.o
LOAD ./Drivers/STM32H7xx_HAL_Driver/Src/stm32h7xx_hal_i2c.o
LOAD ./Drivers/STM32H7xx_HAL_Driver/Src/stm32h7xx_hal_i2c_ex.o
LOAD ./Drivers/STM32H7xx_HAL_Driver/Src/stm32h7xx_hal_mdma.o
LOAD ./Drivers/STM32H7xx_HAL_Driver/Src/stm32h7xx_hal_pcd.o
LOAD ./Drivers/STM32H7xx_HAL_Driver/Src/stm32h7xx_hal_pcd_ex.o
LOAD ./Drivers/STM32H7xx_HAL_Driver/Src/stm32h7xx_hal_pwr.o
LOAD ./Drivers/STM32H7xx_HAL_Driver/Src/stm32h7xx_hal_pwr_ex.o
LOAD ./Drivers/STM32H7xx_HAL_Driver/Src/stm32h7xx_hal_rcc.o
LOAD ./Drivers/STM32H7xx_HAL_Driver/Src/stm32h7xx_hal_rcc_ex.o
LOAD ./Drivers/STM32H7xx_HAL_Driver/Src/stm32h7xx_hal_tim.o
LOAD ./Drivers/STM32H7xx_HAL_Driver/Src/stm32h7xx_hal_tim_ex.o
LOAD ./Drivers/STM32H7xx_HAL_Driver/Src/stm32h7xx_ll_usb.o
LOAD ./FFT/fft.o
LOAD ./Middlewares/ST/STM32_USB_Device_Library/Class/CDC/Src/usbd_cdc.o
LOAD ./Middlewares/ST/STM32_USB_Device_Library/Core/Src/usbd_core.o
LOAD ./Middlewares/ST/STM32_USB_Device_Library/Core/Src/usbd_ctlreq.o
LOAD ./Middlewares/ST/STM32_USB_Device_Library/Core/Src/usbd_ioreq.o
LOAD ./USB_DEVICE/App/usb_device.o
LOAD ./USB_DEVICE/App/usbd_cdc_if.o
LOAD ./USB_DEVICE/App/usbd_desc.o
LOAD ./USB_DEVICE/Target/usbd_conf.o
LOAD C:\Users\zhangrun\OneDrive\my_doc\project\graduate_design\graduatedesign\code\stm32\fft_process\CMSIS_DSP\GCC\libarm_cortexM7lfdp_math.a
START GROUP
LOAD c:/myprogram/st/stm32cubeide_1.8.0/stm32cubeide/plugins/com.st.stm32cube.ide.mcu.externaltools.gnu-tools-for-stm32.10.3-2021.10.win32_1.0.0.202111181127/tools/bin/../lib/gcc/arm-none-eabi/10.3.1/../../../../arm-none-eabi/lib/thumb/v7e-m+dp/hard\libc_nano.a
LOAD c:/myprogram/st/stm32cubeide_1.8.0/stm32cubeide/plugins/com.st.stm32cube.ide.mcu.externaltools.gnu-tools-for-stm32.10.3-2021.10.win32_1.0.0.202111181127/tools/bin/../lib/gcc/arm-none-eabi/10.3.1/../../../../arm-none-eabi/lib/thumb/v7e-m+dp/hard\libm.a
END GROUP
START GROUP
LOAD c:/myprogram/st/stm32cubeide_1.8.0/stm32cubeide/plugins/com.st.stm32cube.ide.mcu.externaltools.gnu-tools-for-stm32.10.3-2021.10.win32_1.0.0.202111181127/tools/bin/../lib/gcc/arm-none-eabi/10.3.1/thumb/v7e-m+dp/hard\libgcc.a
LOAD c:/myprogram/st/stm32cubeide_1.8.0/stm32cubeide/plugins/com.st.stm32cube.ide.mcu.externaltools.gnu-tools-for-stm32.10.3-2021.10.win32_1.0.0.202111181127/tools/bin/../lib/gcc/arm-none-eabi/10.3.1/../../../../arm-none-eabi/lib/thumb/v7e-m+dp/hard\libc_nano.a
END GROUP
START GROUP
LOAD c:/myprogram/st/stm32cubeide_1.8.0/stm32cubeide/plugins/com.st.stm32cube.ide.mcu.externaltools.gnu-tools-for-stm32.10.3-2021.10.win32_1.0.0.202111181127/tools/bin/../lib/gcc/arm-none-eabi/10.3.1/thumb/v7e-m+dp/hard\libgcc.a
LOAD c:/myprogram/st/stm32cubeide_1.8.0/stm32cubeide/plugins/com.st.stm32cube.ide.mcu.externaltools.gnu-tools-for-stm32.10.3-2021.10.win32_1.0.0.202111181127/tools/bin/../lib/gcc/arm-none-eabi/10.3.1/../../../../arm-none-eabi/lib/thumb/v7e-m+dp/hard\libc_nano.a
LOAD c:/myprogram/st/stm32cubeide_1.8.0/stm32cubeide/plugins/com.st.stm32cube.ide.mcu.externaltools.gnu-tools-for-stm32.10.3-2021.10.win32_1.0.0.202111181127/tools/bin/../lib/gcc/arm-none-eabi/10.3.1/../../../../arm-none-eabi/lib/thumb/v7e-m+dp/hard\libnosys.a
END GROUP
START GROUP
LOAD c:/myprogram/st/stm32cubeide_1.8.0/stm32cubeide/plugins/com.st.stm32cube.ide.mcu.externaltools.gnu-tools-for-stm32.10.3-2021.10.win32_1.0.0.202111181127/tools/bin/../lib/gcc/arm-none-eabi/10.3.1/thumb/v7e-m+dp/hard\libgcc.a
LOAD c:/myprogram/st/stm32cubeide_1.8.0/stm32cubeide/plugins/com.st.stm32cube.ide.mcu.externaltools.gnu-tools-for-stm32.10.3-2021.10.win32_1.0.0.202111181127/tools/bin/../lib/gcc/arm-none-eabi/10.3.1/../../../../arm-none-eabi/lib/thumb/v7e-m+dp/hard\libc_nano.a
LOAD c:/myprogram/st/stm32cubeide_1.8.0/stm32cubeide/plugins/com.st.stm32cube.ide.mcu.externaltools.gnu-tools-for-stm32.10.3-2021.10.win32_1.0.0.202111181127/tools/bin/../lib/gcc/arm-none-eabi/10.3.1/../../../../arm-none-eabi/lib/thumb/v7e-m+dp/hard\libnosys.a
END GROUP
LOAD c:/myprogram/st/stm32cubeide_1.8.0/stm32cubeide/plugins/com.st.stm32cube.ide.mcu.externaltools.gnu-tools-for-stm32.10.3-2021.10.win32_1.0.0.202111181127/tools/bin/../lib/gcc/arm-none-eabi/10.3.1/thumb/v7e-m+dp/hard/crtend.o
LOAD c:/myprogram/st/stm32cubeide_1.8.0/stm32cubeide/plugins/com.st.stm32cube.ide.mcu.externaltools.gnu-tools-for-stm32.10.3-2021.10.win32_1.0.0.202111181127/tools/bin/../lib/gcc/arm-none-eabi/10.3.1/thumb/v7e-m+dp/hard/crtn.o
                0x0000000024080000                _estack = (ORIGIN (RAM_D1) + LENGTH (RAM_D1))
                0x0000000000001000                _Min_Heap_Size = 0x1000
                0x0000000000000400                _Min_Stack_Size = 0x400

.isr_vector     0x0000000008000000      0x298
                0x0000000008000000                . = ALIGN (0x4)
 *(.isr_vector)
 .isr_vector    0x0000000008000000      0x298 ./Core/Startup/startup_stm32h750vbtx.o
                0x0000000008000000                g_pfnVectors
                0x0000000008000298                . = ALIGN (0x4)

.text           0x00000000080002a0     0xaa3c
                0x00000000080002a0                . = ALIGN (0x4)
 *(.text)
 .text          0x00000000080002a0       0x40 c:/myprogram/st/stm32cubeide_1.8.0/stm32cubeide/plugins/com.st.stm32cube.ide.mcu.externaltools.gnu-tools-for-stm32.10.3-2021.10.win32_1.0.0.202111181127/tools/bin/../lib/gcc/arm-none-eabi/10.3.1/thumb/v7e-m+dp/hard/crtbegin.o
 .text          0x00000000080002e0       0xa0 c:/myprogram/st/stm32cubeide_1.8.0/stm32cubeide/plugins/com.st.stm32cube.ide.mcu.externaltools.gnu-tools-for-stm32.10.3-2021.10.win32_1.0.0.202111181127/tools/bin/../lib/gcc/arm-none-eabi/10.3.1/../../../../arm-none-eabi/lib/thumb/v7e-m+dp/hard\libc_nano.a(lib_a-memchr.o)
                0x00000000080002e0                memchr
 *(.text*)
 .text.MX_GPIO_Init
                0x0000000008000380       0xd4 ./Core/Src/gpio.o
                0x0000000008000380                MX_GPIO_Init
 .text.main     0x0000000008000454       0x24 ./Core/Src/main.o
                0x0000000008000454                main
 .text.SystemClock_Config
                0x0000000008000478       0xf8 ./Core/Src/main.o
                0x0000000008000478                SystemClock_Config
 .text.Error_Handler
                0x0000000008000570        0xa ./Core/Src/main.o
                0x0000000008000570                Error_Handler
 *fill*         0x000000000800057a        0x2 
 .text.HAL_MspInit
                0x000000000800057c       0x34 ./Core/Src/stm32h7xx_hal_msp.o
                0x000000000800057c                HAL_MspInit
 .text.NMI_Handler
                0x00000000080005b0        0x6 ./Core/Src/stm32h7xx_it.o
                0x00000000080005b0                NMI_Handler
 .text.HardFault_Handler
                0x00000000080005b6        0x6 ./Core/Src/stm32h7xx_it.o
                0x00000000080005b6                HardFault_Handler
 .text.MemManage_Handler
                0x00000000080005bc        0x6 ./Core/Src/stm32h7xx_it.o
                0x00000000080005bc                MemManage_Handler
 .text.BusFault_Handler
                0x00000000080005c2        0x6 ./Core/Src/stm32h7xx_it.o
                0x00000000080005c2                BusFault_Handler
 .text.UsageFault_Handler
                0x00000000080005c8        0x6 ./Core/Src/stm32h7xx_it.o
                0x00000000080005c8                UsageFault_Handler
 .text.SVC_Handler
                0x00000000080005ce        0xe ./Core/Src/stm32h7xx_it.o
                0x00000000080005ce                SVC_Handler
 .text.DebugMon_Handler
                0x00000000080005dc        0xe ./Core/Src/stm32h7xx_it.o
                0x00000000080005dc                DebugMon_Handler
 .text.PendSV_Handler
                0x00000000080005ea        0xe ./Core/Src/stm32h7xx_it.o
                0x00000000080005ea                PendSV_Handler
 .text.SysTick_Handler
                0x00000000080005f8        0xc ./Core/Src/stm32h7xx_it.o
                0x00000000080005f8                SysTick_Handler
 .text.TIM2_IRQHandler
                0x0000000008000604       0x14 ./Core/Src/stm32h7xx_it.o
                0x0000000008000604                TIM2_IRQHandler
 .text.EXTI15_10_IRQHandler
                0x0000000008000618       0x10 ./Core/Src/stm32h7xx_it.o
                0x0000000008000618                EXTI15_10_IRQHandler
 .text.OTG_FS_IRQHandler
                0x0000000008000628       0x14 ./Core/Src/stm32h7xx_it.o
                0x0000000008000628                OTG_FS_IRQHandler
 .text.HAL_GPIO_EXTI_Callback
                0x000000000800063c       0x1e ./Core/Src/stm32h7xx_it.o
                0x000000000800063c                HAL_GPIO_EXTI_Callback
 *fill*         0x000000000800065a        0x2 
 .text._sbrk    0x000000000800065c       0x6c ./Core/Src/sysmem.o
                0x000000000800065c                _sbrk
 .text.SystemInit
                0x00000000080006c8      0x110 ./Core/Src/system_stm32h7xx.o
                0x00000000080006c8                SystemInit
 .text.MX_TIM2_Init
                0x00000000080007d8       0x9c ./Core/Src/tim.o
                0x00000000080007d8                MX_TIM2_Init
 .text.HAL_TIM_Base_MspInit
                0x0000000008000874       0x4c ./Core/Src/tim.o
                0x0000000008000874                HAL_TIM_Base_MspInit
 .text.Reset_Handler
                0x00000000080008c0       0x50 ./Core/Startup/startup_stm32h750vbtx.o
                0x00000000080008c0                Reset_Handler
 .text.Default_Handler
                0x0000000008000910        0x2 ./Core/Startup/startup_stm32h750vbtx.o
                0x0000000008000910                RTC_Alarm_IRQHandler
                0x0000000008000910                HASH_RNG_IRQHandler
                0x0000000008000910                EXTI2_IRQHandler
                0x0000000008000910                TIM8_CC_IRQHandler
                0x0000000008000910                HRTIM1_Master_IRQHandler
                0x0000000008000910                UART8_IRQHandler
                0x0000000008000910                SPI4_IRQHandler
                0x0000000008000910                TIM1_CC_IRQHandler
                0x0000000008000910                BDMA_Channel6_IRQHandler
                0x0000000008000910                DMA2_Stream5_IRQHandler
                0x0000000008000910                HRTIM1_FLT_IRQHandler
                0x0000000008000910                JPEG_IRQHandler
                0x0000000008000910                DMA1_Stream5_IRQHandler
                0x0000000008000910                BDMA_Channel1_IRQHandler
                0x0000000008000910                HRTIM1_TIMD_IRQHandler
                0x0000000008000910                TAMP_STAMP_IRQHandler
                0x0000000008000910                EXTI3_IRQHandler
                0x0000000008000910                LPTIM4_IRQHandler
                0x0000000008000910                TIM8_TRG_COM_TIM14_IRQHandler
                0x0000000008000910                LPTIM2_IRQHandler
                0x0000000008000910                DFSDM1_FLT1_IRQHandler
                0x0000000008000910                DMAMUX2_OVR_IRQHandler
                0x0000000008000910                TIM8_UP_TIM13_IRQHandler
                0x0000000008000910                I2C3_ER_IRQHandler
                0x0000000008000910                DFSDM1_FLT2_IRQHandler
                0x0000000008000910                MDMA_IRQHandler
                0x0000000008000910                LPTIM3_IRQHandler
                0x0000000008000910                HSEM1_IRQHandler
                0x0000000008000910                EXTI0_IRQHandler
                0x0000000008000910                I2C2_EV_IRQHandler
                0x0000000008000910                DMA1_Stream2_IRQHandler
                0x0000000008000910                FPU_IRQHandler
                0x0000000008000910                OTG_HS_WKUP_IRQHandler
                0x0000000008000910                FDCAN1_IT1_IRQHandler
                0x0000000008000910                LTDC_ER_IRQHandler
                0x0000000008000910                DMA2_Stream2_IRQHandler
                0x0000000008000910                HRTIM1_TIME_IRQHandler
                0x0000000008000910                SPI1_IRQHandler
                0x0000000008000910                TIM6_DAC_IRQHandler
                0x0000000008000910                DCMI_IRQHandler
                0x0000000008000910                HRTIM1_TIMC_IRQHandler
                0x0000000008000910                DMA2_Stream3_IRQHandler
                0x0000000008000910                SAI2_IRQHandler
                0x0000000008000910                DFSDM1_FLT3_IRQHandler
                0x0000000008000910                USART6_IRQHandler
                0x0000000008000910                TIM17_IRQHandler
                0x0000000008000910                USART3_IRQHandler
                0x0000000008000910                BDMA_Channel7_IRQHandler
                0x0000000008000910                CRYP_IRQHandler
                0x0000000008000910                LPTIM5_IRQHandler
                0x0000000008000910                UART5_IRQHandler
                0x0000000008000910                ADC3_IRQHandler
                0x0000000008000910                DMA2_Stream0_IRQHandler
                0x0000000008000910                TIM4_IRQHandler
                0x0000000008000910                BDMA_Channel2_IRQHandler
                0x0000000008000910                QUADSPI_IRQHandler
                0x0000000008000910                I2C1_EV_IRQHandler
                0x0000000008000910                DMA1_Stream6_IRQHandler
                0x0000000008000910                DMAMUX1_OVR_IRQHandler
                0x0000000008000910                DMA1_Stream1_IRQHandler
                0x0000000008000910                TIM16_IRQHandler
                0x0000000008000910                UART4_IRQHandler
                0x0000000008000910                BDMA_Channel5_IRQHandler
                0x0000000008000910                TIM3_IRQHandler
                0x0000000008000910                RCC_IRQHandler
                0x0000000008000910                TIM8_BRK_TIM12_IRQHandler
                0x0000000008000910                TIM1_TRG_COM_IRQHandler
                0x0000000008000910                Default_Handler
                0x0000000008000910                ECC_IRQHandler
                0x0000000008000910                CEC_IRQHandler
                0x0000000008000910                BDMA_Channel0_IRQHandler
                0x0000000008000910                ADC_IRQHandler
                0x0000000008000910                DMA1_Stream7_IRQHandler
                0x0000000008000910                HRTIM1_TIMA_IRQHandler
                0x0000000008000910                SPI5_IRQHandler
                0x0000000008000910                TIM7_IRQHandler
                0x0000000008000910                SDMMC1_IRQHandler
                0x0000000008000910                TIM5_IRQHandler
                0x0000000008000910                DMA2_Stream7_IRQHandler
                0x0000000008000910                TIM15_IRQHandler
                0x0000000008000910                PVD_AVD_IRQHandler
                0x0000000008000910                I2C3_EV_IRQHandler
                0x0000000008000910                EXTI9_5_IRQHandler
                0x0000000008000910                RTC_WKUP_IRQHandler
                0x0000000008000910                LTDC_IRQHandler
                0x0000000008000910                SAI3_IRQHandler
                0x0000000008000910                ETH_WKUP_IRQHandler
                0x0000000008000910                SPDIF_RX_IRQHandler
                0x0000000008000910                SPI2_IRQHandler
                0x0000000008000910                OTG_HS_EP1_IN_IRQHandler
                0x0000000008000910                DMA1_Stream0_IRQHandler
                0x0000000008000910                CRS_IRQHandler
                0x0000000008000910                EXTI4_IRQHandler
                0x0000000008000910                HRTIM1_TIMB_IRQHandler
                0x0000000008000910                FDCAN2_IT1_IRQHandler
                0x0000000008000910                ETH_IRQHandler
                0x0000000008000910                TIM1_UP_IRQHandler
                0x0000000008000910                BDMA_Channel4_IRQHandler
                0x0000000008000910                OTG_HS_EP1_OUT_IRQHandler
                0x0000000008000910                WWDG_IRQHandler
                0x0000000008000910                SPI6_IRQHandler
                0x0000000008000910                MDIOS_IRQHandler
                0x0000000008000910                I2C4_EV_IRQHandler
                0x0000000008000910                FDCAN2_IT0_IRQHandler
                0x0000000008000910                LPUART1_IRQHandler
                0x0000000008000910                FDCAN1_IT0_IRQHandler
                0x0000000008000910                OTG_FS_WKUP_IRQHandler
                0x0000000008000910                OTG_HS_IRQHandler
                0x0000000008000910                DMA2D_IRQHandler
                0x0000000008000910                TIM1_BRK_IRQHandler
                0x0000000008000910                EXTI1_IRQHandler
                0x0000000008000910                SDMMC2_IRQHandler
                0x0000000008000910                OTG_FS_EP1_OUT_IRQHandler
                0x0000000008000910                BDMA_Channel3_IRQHandler
                0x0000000008000910                UART7_IRQHandler
                0x0000000008000910                MDIOS_WKUP_IRQHandler
                0x0000000008000910                USART2_IRQHandler
                0x0000000008000910                DFSDM1_FLT0_IRQHandler
                0x0000000008000910                SAI4_IRQHandler
                0x0000000008000910                I2C2_ER_IRQHandler
                0x0000000008000910                DMA2_Stream1_IRQHandler
                0x0000000008000910                FLASH_IRQHandler
                0x0000000008000910                DMA2_Stream4_IRQHandler
                0x0000000008000910                USART1_IRQHandler
                0x0000000008000910                SPI3_IRQHandler
                0x0000000008000910                WAKEUP_PIN_IRQHandler
                0x0000000008000910                DMA1_Stream4_IRQHandler
                0x0000000008000910                OTG_FS_EP1_IN_IRQHandler
                0x0000000008000910                I2C1_ER_IRQHandler
                0x0000000008000910                FMC_IRQHandler
                0x0000000008000910                FDCAN_CAL_IRQHandler
                0x0000000008000910                SWPMI1_IRQHandler
                0x0000000008000910                COMP1_IRQHandler
                0x0000000008000910                LPTIM1_IRQHandler
                0x0000000008000910                I2C4_ER_IRQHandler
                0x0000000008000910                DMA2_Stream6_IRQHandler
                0x0000000008000910                SAI1_IRQHandler
                0x0000000008000910                DMA1_Stream3_IRQHandler
 *fill*         0x0000000008000912        0x2 
 .text.HAL_Init
                0x0000000008000914       0x78 ./Drivers/STM32H7xx_HAL_Driver/Src/stm32h7xx_hal.o
                0x0000000008000914                HAL_Init
 .text.HAL_InitTick
                0x000000000800098c       0x6c ./Drivers/STM32H7xx_HAL_Driver/Src/stm32h7xx_hal.o
                0x000000000800098c                HAL_InitTick
 .text.HAL_IncTick
                0x00000000080009f8       0x28 ./Drivers/STM32H7xx_HAL_Driver/Src/stm32h7xx_hal.o
                0x00000000080009f8                HAL_IncTick
 .text.HAL_GetTick
                0x0000000008000a20       0x18 ./Drivers/STM32H7xx_HAL_Driver/Src/stm32h7xx_hal.o
                0x0000000008000a20                HAL_GetTick
 .text.HAL_Delay
                0x0000000008000a38       0x48 ./Drivers/STM32H7xx_HAL_Driver/Src/stm32h7xx_hal.o
                0x0000000008000a38                HAL_Delay
 .text.HAL_GetREVID
                0x0000000008000a80       0x18 ./Drivers/STM32H7xx_HAL_Driver/Src/stm32h7xx_hal.o
                0x0000000008000a80                HAL_GetREVID
 .text.__NVIC_SetPriorityGrouping
                0x0000000008000a98       0x48 ./Drivers/STM32H7xx_HAL_Driver/Src/stm32h7xx_hal_cortex.o
 .text.__NVIC_GetPriorityGrouping
                0x0000000008000ae0       0x1c ./Drivers/STM32H7xx_HAL_Driver/Src/stm32h7xx_hal_cortex.o
 .text.__NVIC_EnableIRQ
                0x0000000008000afc       0x3c ./Drivers/STM32H7xx_HAL_Driver/Src/stm32h7xx_hal_cortex.o
 .text.__NVIC_SetPriority
                0x0000000008000b38       0x54 ./Drivers/STM32H7xx_HAL_Driver/Src/stm32h7xx_hal_cortex.o
 .text.NVIC_EncodePriority
                0x0000000008000b8c       0x66 ./Drivers/STM32H7xx_HAL_Driver/Src/stm32h7xx_hal_cortex.o
 *fill*         0x0000000008000bf2        0x2 
 .text.SysTick_Config
                0x0000000008000bf4       0x44 ./Drivers/STM32H7xx_HAL_Driver/Src/stm32h7xx_hal_cortex.o
 .text.HAL_NVIC_SetPriorityGrouping
                0x0000000008000c38       0x16 ./Drivers/STM32H7xx_HAL_Driver/Src/stm32h7xx_hal_cortex.o
                0x0000000008000c38                HAL_NVIC_SetPriorityGrouping
 .text.HAL_NVIC_SetPriority
                0x0000000008000c4e       0x34 ./Drivers/STM32H7xx_HAL_Driver/Src/stm32h7xx_hal_cortex.o
                0x0000000008000c4e                HAL_NVIC_SetPriority
 .text.HAL_NVIC_EnableIRQ
                0x0000000008000c82       0x1c ./Drivers/STM32H7xx_HAL_Driver/Src/stm32h7xx_hal_cortex.o
                0x0000000008000c82                HAL_NVIC_EnableIRQ
 .text.HAL_SYSTICK_Config
                0x0000000008000c9e       0x18 ./Drivers/STM32H7xx_HAL_Driver/Src/stm32h7xx_hal_cortex.o
                0x0000000008000c9e                HAL_SYSTICK_Config
 *fill*         0x0000000008000cb6        0x2 
 .text.HAL_GPIO_Init
                0x0000000008000cb8      0x360 ./Drivers/STM32H7xx_HAL_Driver/Src/stm32h7xx_hal_gpio.o
                0x0000000008000cb8                HAL_GPIO_Init
 .text.HAL_GPIO_WritePin
                0x0000000008001018       0x32 ./Drivers/STM32H7xx_HAL_Driver/Src/stm32h7xx_hal_gpio.o
                0x0000000008001018                HAL_GPIO_WritePin
 .text.HAL_GPIO_EXTI_IRQHandler
                0x000000000800104a       0x34 ./Drivers/STM32H7xx_HAL_Driver/Src/stm32h7xx_hal_gpio.o
                0x000000000800104a                HAL_GPIO_EXTI_IRQHandler
 .text.HAL_PCD_Init
                0x000000000800107e      0x248 ./Drivers/STM32H7xx_HAL_Driver/Src/stm32h7xx_hal_pcd.o
                0x000000000800107e                HAL_PCD_Init
 .text.HAL_PCD_Start
                0x00000000080012c6       0x66 ./Drivers/STM32H7xx_HAL_Driver/Src/stm32h7xx_hal_pcd.o
                0x00000000080012c6                HAL_PCD_Start
 .text.HAL_PCD_IRQHandler
                0x000000000800132c      0x998 ./Drivers/STM32H7xx_HAL_Driver/Src/stm32h7xx_hal_pcd.o
                0x000000000800132c                HAL_PCD_IRQHandler
 .text.HAL_PCD_SetAddress
                0x0000000008001cc4       0x4a ./Drivers/STM32H7xx_HAL_Driver/Src/stm32h7xx_hal_pcd.o
                0x0000000008001cc4                HAL_PCD_SetAddress
 .text.HAL_PCD_EP_Open
                0x0000000008001d0e       0xd0 ./Drivers/STM32H7xx_HAL_Driver/Src/stm32h7xx_hal_pcd.o
                0x0000000008001d0e                HAL_PCD_EP_Open
 .text.HAL_PCD_EP_Close
                0x0000000008001dde       0x94 ./Drivers/STM32H7xx_HAL_Driver/Src/stm32h7xx_hal_pcd.o
                0x0000000008001dde                HAL_PCD_EP_Close
 .text.HAL_PCD_EP_Receive
                0x0000000008001e72       0x96 ./Drivers/STM32H7xx_HAL_Driver/Src/stm32h7xx_hal_pcd.o
                0x0000000008001e72                HAL_PCD_EP_Receive
 .text.HAL_PCD_EP_GetRxCount
                0x0000000008001f08       0x30 ./Drivers/STM32H7xx_HAL_Driver/Src/stm32h7xx_hal_pcd.o
                0x0000000008001f08                HAL_PCD_EP_GetRxCount
 .text.HAL_PCD_EP_Transmit
                0x0000000008001f38       0x94 ./Drivers/STM32H7xx_HAL_Driver/Src/stm32h7xx_hal_pcd.o
                0x0000000008001f38                HAL_PCD_EP_Transmit
 .text.HAL_PCD_EP_SetStall
                0x0000000008001fcc       0xc8 ./Drivers/STM32H7xx_HAL_Driver/Src/stm32h7xx_hal_pcd.o
                0x0000000008001fcc                HAL_PCD_EP_SetStall
 .text.HAL_PCD_EP_ClrStall
                0x0000000008002094       0xac ./Drivers/STM32H7xx_HAL_Driver/Src/stm32h7xx_hal_pcd.o
                0x0000000008002094                HAL_PCD_EP_ClrStall
 .text.HAL_PCD_EP_Abort
                0x0000000008002140       0x62 ./Drivers/STM32H7xx_HAL_Driver/Src/stm32h7xx_hal_pcd.o
                0x0000000008002140                HAL_PCD_EP_Abort
 .text.PCD_WriteEmptyTxFifo
                0x00000000080021a2      0x11a ./Drivers/STM32H7xx_HAL_Driver/Src/stm32h7xx_hal_pcd.o
 .text.PCD_EP_OutXfrComplete_int
                0x00000000080022bc      0x1d0 ./Drivers/STM32H7xx_HAL_Driver/Src/stm32h7xx_hal_pcd.o
 .text.PCD_EP_OutSetupPacket_int
                0x000000000800248c       0x8c ./Drivers/STM32H7xx_HAL_Driver/Src/stm32h7xx_hal_pcd.o
 .text.HAL_PCDEx_SetTxFiFo
                0x0000000008002518       0x8e ./Drivers/STM32H7xx_HAL_Driver/Src/stm32h7xx_hal_pcd_ex.o
                0x0000000008002518                HAL_PCDEx_SetTxFiFo
 .text.HAL_PCDEx_SetRxFiFo
                0x00000000080025a6       0x22 ./Drivers/STM32H7xx_HAL_Driver/Src/stm32h7xx_hal_pcd_ex.o
                0x00000000080025a6                HAL_PCDEx_SetRxFiFo
 .text.HAL_PCDEx_ActivateLPM
                0x00000000080025c8       0x48 ./Drivers/STM32H7xx_HAL_Driver/Src/stm32h7xx_hal_pcd_ex.o
                0x00000000080025c8                HAL_PCDEx_ActivateLPM
 .text.HAL_PCDEx_LPM_Callback
                0x0000000008002610       0x18 ./Drivers/STM32H7xx_HAL_Driver/Src/stm32h7xx_hal_pcd_ex.o
                0x0000000008002610                HAL_PCDEx_LPM_Callback
 .text.HAL_PWREx_ConfigSupply
                0x0000000008002628       0x74 ./Drivers/STM32H7xx_HAL_Driver/Src/stm32h7xx_hal_pwr_ex.o
                0x0000000008002628                HAL_PWREx_ConfigSupply
 .text.HAL_PWREx_EnableUSBVoltageDetector
                0x000000000800269c       0x20 ./Drivers/STM32H7xx_HAL_Driver/Src/stm32h7xx_hal_pwr_ex.o
                0x000000000800269c                HAL_PWREx_EnableUSBVoltageDetector
 .text.HAL_RCC_OscConfig
                0x00000000080026bc      0x85c ./Drivers/STM32H7xx_HAL_Driver/Src/stm32h7xx_hal_rcc.o
                0x00000000080026bc                HAL_RCC_OscConfig
 .text.HAL_RCC_ClockConfig
                0x0000000008002f18      0x36c ./Drivers/STM32H7xx_HAL_Driver/Src/stm32h7xx_hal_rcc.o
                0x0000000008002f18                HAL_RCC_ClockConfig
 .text.HAL_RCC_GetSysClockFreq
                0x0000000008003284      0x2f4 ./Drivers/STM32H7xx_HAL_Driver/Src/stm32h7xx_hal_rcc.o
                0x0000000008003284                HAL_RCC_GetSysClockFreq
 .text.HAL_RCC_GetHCLKFreq
                0x0000000008003578       0x60 ./Drivers/STM32H7xx_HAL_Driver/Src/stm32h7xx_hal_rcc.o
                0x0000000008003578                HAL_RCC_GetHCLKFreq
 .text.HAL_RCCEx_PeriphCLKConfig
                0x00000000080035d8      0xe8c ./Drivers/STM32H7xx_HAL_Driver/Src/stm32h7xx_hal_rcc_ex.o
                0x00000000080035d8                HAL_RCCEx_PeriphCLKConfig
 .text.RCCEx_PLL2_Config
                0x0000000008004464      0x164 ./Drivers/STM32H7xx_HAL_Driver/Src/stm32h7xx_hal_rcc_ex.o
 .text.RCCEx_PLL3_Config
                0x00000000080045c8      0x164 ./Drivers/STM32H7xx_HAL_Driver/Src/stm32h7xx_hal_rcc_ex.o
 .text.HAL_TIM_Base_Init
                0x000000000800472c       0xae ./Drivers/STM32H7xx_HAL_Driver/Src/stm32h7xx_hal_tim.o
                0x000000000800472c                HAL_TIM_Base_Init
 *fill*         0x00000000080047da        0x2 
 .text.HAL_TIM_Base_Start_IT
                0x00000000080047dc       0xf0 ./Drivers/STM32H7xx_HAL_Driver/Src/stm32h7xx_hal_tim.o
                0x00000000080047dc                HAL_TIM_Base_Start_IT
 .text.HAL_TIM_IRQHandler
                0x00000000080048cc      0x23e ./Drivers/STM32H7xx_HAL_Driver/Src/stm32h7xx_hal_tim.o
                0x00000000080048cc                HAL_TIM_IRQHandler
 *fill*         0x0000000008004b0a        0x2 
 .text.HAL_TIM_ConfigClockSource
                0x0000000008004b0c      0x1f0 ./Drivers/STM32H7xx_HAL_Driver/Src/stm32h7xx_hal_tim.o
                0x0000000008004b0c                HAL_TIM_ConfigClockSource
 .text.HAL_TIM_PeriodElapsedCallback
                0x0000000008004cfc       0x14 ./Drivers/STM32H7xx_HAL_Driver/Src/stm32h7xx_hal_tim.o
                0x0000000008004cfc                HAL_TIM_PeriodElapsedCallback
 .text.HAL_TIM_OC_DelayElapsedCallback
                0x0000000008004d10       0x14 ./Drivers/STM32H7xx_HAL_Driver/Src/stm32h7xx_hal_tim.o
                0x0000000008004d10                HAL_TIM_OC_DelayElapsedCallback
 .text.HAL_TIM_IC_CaptureCallback
                0x0000000008004d24       0x14 ./Drivers/STM32H7xx_HAL_Driver/Src/stm32h7xx_hal_tim.o
                0x0000000008004d24                HAL_TIM_IC_CaptureCallback
 .text.HAL_TIM_PWM_PulseFinishedCallback
                0x0000000008004d38       0x14 ./Drivers/STM32H7xx_HAL_Driver/Src/stm32h7xx_hal_tim.o
                0x0000000008004d38                HAL_TIM_PWM_PulseFinishedCallback
 .text.HAL_TIM_TriggerCallback
                0x0000000008004d4c       0x14 ./Drivers/STM32H7xx_HAL_Driver/Src/stm32h7xx_hal_tim.o
                0x0000000008004d4c                HAL_TIM_TriggerCallback
 .text.TIM_Base_SetConfig
                0x0000000008004d60      0x134 ./Drivers/STM32H7xx_HAL_Driver/Src/stm32h7xx_hal_tim.o
                0x0000000008004d60                TIM_Base_SetConfig
 .text.TIM_TI1_ConfigInputStage
                0x0000000008004e94       0x5e ./Drivers/STM32H7xx_HAL_Driver/Src/stm32h7xx_hal_tim.o
 .text.TIM_TI2_ConfigInputStage
                0x0000000008004ef2       0x60 ./Drivers/STM32H7xx_HAL_Driver/Src/stm32h7xx_hal_tim.o
 *fill*         0x0000000008004f52        0x2 
 .text.TIM_ITRx_SetConfig
                0x0000000008004f54       0x3c ./Drivers/STM32H7xx_HAL_Driver/Src/stm32h7xx_hal_tim.o
 .text.TIM_ETR_SetConfig
                0x0000000008004f90       0x40 ./Drivers/STM32H7xx_HAL_Driver/Src/stm32h7xx_hal_tim.o
                0x0000000008004f90                TIM_ETR_SetConfig
 .text.HAL_TIMEx_MasterConfigSynchronization
                0x0000000008004fd0      0x11c ./Drivers/STM32H7xx_HAL_Driver/Src/stm32h7xx_hal_tim_ex.o
                0x0000000008004fd0                HAL_TIMEx_MasterConfigSynchronization
 .text.HAL_TIMEx_CommutCallback
                0x00000000080050ec       0x14 ./Drivers/STM32H7xx_HAL_Driver/Src/stm32h7xx_hal_tim_ex.o
                0x00000000080050ec                HAL_TIMEx_CommutCallback
 .text.HAL_TIMEx_BreakCallback
                0x0000000008005100       0x14 ./Drivers/STM32H7xx_HAL_Driver/Src/stm32h7xx_hal_tim_ex.o
                0x0000000008005100                HAL_TIMEx_BreakCallback
 .text.HAL_TIMEx_Break2Callback
                0x0000000008005114       0x14 ./Drivers/STM32H7xx_HAL_Driver/Src/stm32h7xx_hal_tim_ex.o
                0x0000000008005114                HAL_TIMEx_Break2Callback
 .text.USB_CoreInit
                0x0000000008005128       0xdc ./Drivers/STM32H7xx_HAL_Driver/Src/stm32h7xx_ll_usb.o
                0x0000000008005128                USB_CoreInit
 .text.USB_SetTurnaroundTime
                0x0000000008005204      0x144 ./Drivers/STM32H7xx_HAL_Driver/Src/stm32h7xx_ll_usb.o
                0x0000000008005204                USB_SetTurnaroundTime
 .text.USB_EnableGlobalInt
                0x0000000008005348       0x22 ./Drivers/STM32H7xx_HAL_Driver/Src/stm32h7xx_ll_usb.o
                0x0000000008005348                USB_EnableGlobalInt
 .text.USB_DisableGlobalInt
                0x000000000800536a       0x22 ./Drivers/STM32H7xx_HAL_Driver/Src/stm32h7xx_ll_usb.o
                0x000000000800536a                USB_DisableGlobalInt
 .text.USB_SetCurrentMode
                0x000000000800538c       0x98 ./Drivers/STM32H7xx_HAL_Driver/Src/stm32h7xx_ll_usb.o
                0x000000000800538c                USB_SetCurrentMode
 .text.USB_DevInit
                0x0000000008005424      0x2bc ./Drivers/STM32H7xx_HAL_Driver/Src/stm32h7xx_ll_usb.o
                0x0000000008005424                USB_DevInit
 .text.USB_FlushTxFifo
                0x00000000080056e0       0x68 ./Drivers/STM32H7xx_HAL_Driver/Src/stm32h7xx_ll_usb.o
                0x00000000080056e0                USB_FlushTxFifo
 .text.USB_FlushRxFifo
                0x0000000008005748       0x60 ./Drivers/STM32H7xx_HAL_Driver/Src/stm32h7xx_ll_usb.o
                0x0000000008005748                USB_FlushRxFifo
 .text.USB_SetDevSpeed
                0x00000000080057a8       0x32 ./Drivers/STM32H7xx_HAL_Driver/Src/stm32h7xx_ll_usb.o
                0x00000000080057a8                USB_SetDevSpeed
 .text.USB_GetDevSpeed
                0x00000000080057da       0x4a ./Drivers/STM32H7xx_HAL_Driver/Src/stm32h7xx_ll_usb.o
                0x00000000080057da                USB_GetDevSpeed
 .text.USB_ActivateEndpoint
                0x0000000008005824      0x110 ./Drivers/STM32H7xx_HAL_Driver/Src/stm32h7xx_ll_usb.o
                0x0000000008005824                USB_ActivateEndpoint
 .text.USB_DeactivateEndpoint
                0x0000000008005934      0x1b8 ./Drivers/STM32H7xx_HAL_Driver/Src/stm32h7xx_ll_usb.o
                0x0000000008005934                USB_DeactivateEndpoint
 .text.USB_EPStartXfer
                0x0000000008005aec      0x4a0 ./Drivers/STM32H7xx_HAL_Driver/Src/stm32h7xx_ll_usb.o
                0x0000000008005aec                USB_EPStartXfer
 .text.USB_EP0StartXfer
                0x0000000008005f8c      0x2b8 ./Drivers/STM32H7xx_HAL_Driver/Src/stm32h7xx_ll_usb.o
                0x0000000008005f8c                USB_EP0StartXfer
 .text.USB_EPStopXfer
                0x0000000008006244      0x154 ./Drivers/STM32H7xx_HAL_Driver/Src/stm32h7xx_ll_usb.o
                0x0000000008006244                USB_EPStopXfer
 .text.USB_WritePacket
                0x0000000008006398       0x7c ./Drivers/STM32H7xx_HAL_Driver/Src/stm32h7xx_ll_usb.o
                0x0000000008006398                USB_WritePacket
 .text.USB_ReadPacket
                0x0000000008006414       0xb0 ./Drivers/STM32H7xx_HAL_Driver/Src/stm32h7xx_ll_usb.o
                0x0000000008006414                USB_ReadPacket
 .text.USB_EPSetStall
                0x00000000080064c4       0xdc ./Drivers/STM32H7xx_HAL_Driver/Src/stm32h7xx_ll_usb.o
                0x00000000080064c4                USB_EPSetStall
 .text.USB_EPClearStall
                0x00000000080065a0       0xcc ./Drivers/STM32H7xx_HAL_Driver/Src/stm32h7xx_ll_usb.o
                0x00000000080065a0                USB_EPClearStall
 .text.USB_SetDevAddress
                0x000000000800666c       0x4c ./Drivers/STM32H7xx_HAL_Driver/Src/stm32h7xx_ll_usb.o
                0x000000000800666c                USB_SetDevAddress
 .text.USB_DevConnect
                0x00000000080066b8       0x42 ./Drivers/STM32H7xx_HAL_Driver/Src/stm32h7xx_ll_usb.o
                0x00000000080066b8                USB_DevConnect
 .text.USB_DevDisconnect
                0x00000000080066fa       0x42 ./Drivers/STM32H7xx_HAL_Driver/Src/stm32h7xx_ll_usb.o
                0x00000000080066fa                USB_DevDisconnect
 .text.USB_ReadInterrupts
                0x000000000800673c       0x26 ./Drivers/STM32H7xx_HAL_Driver/Src/stm32h7xx_ll_usb.o
                0x000000000800673c                USB_ReadInterrupts
 .text.USB_ReadDevAllOutEpInterrupt
                0x0000000008006762       0x34 ./Drivers/STM32H7xx_HAL_Driver/Src/stm32h7xx_ll_usb.o
                0x0000000008006762                USB_ReadDevAllOutEpInterrupt
 .text.USB_ReadDevAllInEpInterrupt
                0x0000000008006796       0x34 ./Drivers/STM32H7xx_HAL_Driver/Src/stm32h7xx_ll_usb.o
                0x0000000008006796                USB_ReadDevAllInEpInterrupt
 .text.USB_ReadDevOutEPInterrupt
                0x00000000080067ca       0x3c ./Drivers/STM32H7xx_HAL_Driver/Src/stm32h7xx_ll_usb.o
                0x00000000080067ca                USB_ReadDevOutEPInterrupt
 .text.USB_ReadDevInEPInterrupt
                0x0000000008006806       0x5c ./Drivers/STM32H7xx_HAL_Driver/Src/stm32h7xx_ll_usb.o
                0x0000000008006806                USB_ReadDevInEPInterrupt
 .text.USB_GetMode
                0x0000000008006862       0x1c ./Drivers/STM32H7xx_HAL_Driver/Src/stm32h7xx_ll_usb.o
                0x0000000008006862                USB_GetMode
 *fill*         0x000000000800687e        0x2 
 .text.USB_ActivateSetup
                0x0000000008006880       0x48 ./Drivers/STM32H7xx_HAL_Driver/Src/stm32h7xx_ll_usb.o
                0x0000000008006880                USB_ActivateSetup
 .text.USB_EP0_OutStart
                0x00000000080068c8       0xbc ./Drivers/STM32H7xx_HAL_Driver/Src/stm32h7xx_ll_usb.o
                0x00000000080068c8                USB_EP0_OutStart
 .text.USB_CoreReset
                0x0000000008006984       0x68 ./Drivers/STM32H7xx_HAL_Driver/Src/stm32h7xx_ll_usb.o
 .text.fft_start
                0x00000000080069ec       0xfc ./FFT/fft.o
                0x00000000080069ec                fft_start
 .text.find_fft_max
                0x0000000008006ae8       0x5c ./FFT/fft.o
                0x0000000008006ae8                find_fft_max
 .text.caculate_range
                0x0000000008006b44       0xcc ./FFT/fft.o
                0x0000000008006b44                caculate_range
 .text.USBD_CDC_Init
                0x0000000008006c10      0x1f0 ./Middlewares/ST/STM32_USB_Device_Library/Class/CDC/Src/usbd_cdc.o
 .text.USBD_CDC_DeInit
                0x0000000008006e00      0x104 ./Middlewares/ST/STM32_USB_Device_Library/Class/CDC/Src/usbd_cdc.o
 .text.USBD_CDC_Setup
                0x0000000008006f04      0x1b8 ./Middlewares/ST/STM32_USB_Device_Library/Class/CDC/Src/usbd_cdc.o
 .text.USBD_CDC_DataIn
                0x00000000080070bc       0xfe ./Middlewares/ST/STM32_USB_Device_Library/Class/CDC/Src/usbd_cdc.o
 .text.USBD_CDC_DataOut
                0x00000000080071ba       0x70 ./Middlewares/ST/STM32_USB_Device_Library/Class/CDC/Src/usbd_cdc.o
 .text.USBD_CDC_EP0_RxReady
                0x000000000800722a       0x76 ./Middlewares/ST/STM32_USB_Device_Library/Class/CDC/Src/usbd_cdc.o
 .text.USBD_CDC_GetFSCfgDesc
                0x00000000080072a0       0x70 ./Middlewares/ST/STM32_USB_Device_Library/Class/CDC/Src/usbd_cdc.o
 .text.USBD_CDC_GetHSCfgDesc
                0x0000000008007310       0x70 ./Middlewares/ST/STM32_USB_Device_Library/Class/CDC/Src/usbd_cdc.o
 .text.USBD_CDC_GetOtherSpeedCfgDesc
                0x0000000008007380       0x70 ./Middlewares/ST/STM32_USB_Device_Library/Class/CDC/Src/usbd_cdc.o
 .text.USBD_CDC_GetDeviceQualifierDescriptor
                0x00000000080073f0       0x20 ./Middlewares/ST/STM32_USB_Device_Library/Class/CDC/Src/usbd_cdc.o
                0x00000000080073f0                USBD_CDC_GetDeviceQualifierDescriptor
 .text.USBD_CDC_RegisterInterface
                0x0000000008007410       0x34 ./Middlewares/ST/STM32_USB_Device_Library/Class/CDC/Src/usbd_cdc.o
                0x0000000008007410                USBD_CDC_RegisterInterface
 .text.USBD_CDC_SetTxBuffer
                0x0000000008007444       0x44 ./Middlewares/ST/STM32_USB_Device_Library/Class/CDC/Src/usbd_cdc.o
                0x0000000008007444                USBD_CDC_SetTxBuffer
 .text.USBD_CDC_SetRxBuffer
                0x0000000008007488       0x3a ./Middlewares/ST/STM32_USB_Device_Library/Class/CDC/Src/usbd_cdc.o
                0x0000000008007488                USBD_CDC_SetRxBuffer
 *fill*         0x00000000080074c2        0x2 
 .text.USBD_CDC_TransmitPacket
                0x00000000080074c4       0x8c ./Middlewares/ST/STM32_USB_Device_Library/Class/CDC/Src/usbd_cdc.o
                0x00000000080074c4                USBD_CDC_TransmitPacket
 .text.USBD_CDC_ReceivePacket
                0x0000000008007550       0x6c ./Middlewares/ST/STM32_USB_Device_Library/Class/CDC/Src/usbd_cdc.o
                0x0000000008007550                USBD_CDC_ReceivePacket
 .text.USBD_Init
                0x00000000080075bc       0x60 ./Middlewares/ST/STM32_USB_Device_Library/Core/Src/usbd_core.o
                0x00000000080075bc                USBD_Init
 .text.USBD_RegisterClass
                0x000000000800761c       0x6c ./Middlewares/ST/STM32_USB_Device_Library/Core/Src/usbd_core.o
                0x000000000800761c                USBD_RegisterClass
 .text.USBD_Start
                0x0000000008007688       0x18 ./Middlewares/ST/STM32_USB_Device_Library/Core/Src/usbd_core.o
                0x0000000008007688                USBD_Start
 .text.USBD_RunTestMode
                0x00000000080076a0       0x16 ./Middlewares/ST/STM32_USB_Device_Library/Core/Src/usbd_core.o
                0x00000000080076a0                USBD_RunTestMode
 .text.USBD_SetClassConfig
                0x00000000080076b6       0x38 ./Middlewares/ST/STM32_USB_Device_Library/Core/Src/usbd_core.o
                0x00000000080076b6                USBD_SetClassConfig
 .text.USBD_ClrClassConfig
                0x00000000080076ee       0x34 ./Middlewares/ST/STM32_USB_Device_Library/Core/Src/usbd_core.o
                0x00000000080076ee                USBD_ClrClassConfig
 .text.USBD_LL_SetupStage
                0x0000000008007722       0xaa ./Middlewares/ST/STM32_USB_Device_Library/Core/Src/usbd_core.o
                0x0000000008007722                USBD_LL_SetupStage
 .text.USBD_LL_DataOutStage
                0x00000000080077cc      0x166 ./Middlewares/ST/STM32_USB_Device_Library/Core/Src/usbd_core.o
                0x00000000080077cc                USBD_LL_DataOutStage
 .text.USBD_LL_DataInStage
                0x0000000008007932      0x164 ./Middlewares/ST/STM32_USB_Device_Library/Core/Src/usbd_core.o
                0x0000000008007932                USBD_LL_DataInStage
 .text.USBD_LL_Reset
                0x0000000008007a96       0xa4 ./Middlewares/ST/STM32_USB_Device_Library/Core/Src/usbd_core.o
                0x0000000008007a96                USBD_LL_Reset
 .text.USBD_LL_SetSpeed
                0x0000000008007b3a       0x20 ./Middlewares/ST/STM32_USB_Device_Library/Core/Src/usbd_core.o
                0x0000000008007b3a                USBD_LL_SetSpeed
 .text.USBD_LL_Suspend
                0x0000000008007b5a       0x2c ./Middlewares/ST/STM32_USB_Device_Library/Core/Src/usbd_core.o
                0x0000000008007b5a                USBD_LL_Suspend
 .text.USBD_LL_Resume
                0x0000000008007b86       0x30 ./Middlewares/ST/STM32_USB_Device_Library/Core/Src/usbd_core.o
                0x0000000008007b86                USBD_LL_Resume
 .text.USBD_LL_SOF
                0x0000000008007bb6       0x40 ./Middlewares/ST/STM32_USB_Device_Library/Core/Src/usbd_core.o
                0x0000000008007bb6                USBD_LL_SOF
 .text.USBD_LL_IsoINIncomplete
                0x0000000008007bf6       0x64 ./Middlewares/ST/STM32_USB_Device_Library/Core/Src/usbd_core.o
                0x0000000008007bf6                USBD_LL_IsoINIncomplete
 .text.USBD_LL_IsoOUTIncomplete
                0x0000000008007c5a       0x64 ./Middlewares/ST/STM32_USB_Device_Library/Core/Src/usbd_core.o
                0x0000000008007c5a                USBD_LL_IsoOUTIncomplete
 .text.USBD_LL_DevConnected
                0x0000000008007cbe       0x16 ./Middlewares/ST/STM32_USB_Device_Library/Core/Src/usbd_core.o
                0x0000000008007cbe                USBD_LL_DevConnected
 .text.USBD_LL_DevDisconnected
                0x0000000008007cd4       0x46 ./Middlewares/ST/STM32_USB_Device_Library/Core/Src/usbd_core.o
                0x0000000008007cd4                USBD_LL_DevDisconnected
 .text.USBD_CoreFindIF
                0x0000000008007d1a       0x1a ./Middlewares/ST/STM32_USB_Device_Library/Core/Src/usbd_core.o
                0x0000000008007d1a                USBD_CoreFindIF
 .text.USBD_CoreFindEP
                0x0000000008007d34       0x1a ./Middlewares/ST/STM32_USB_Device_Library/Core/Src/usbd_core.o
                0x0000000008007d34                USBD_CoreFindEP
 .text.USBD_GetEpDesc
                0x0000000008007d4e       0x74 ./Middlewares/ST/STM32_USB_Device_Library/Core/Src/usbd_core.o
                0x0000000008007d4e                USBD_GetEpDesc
 .text.USBD_GetNextDesc
                0x0000000008007dc2       0x3a ./Middlewares/ST/STM32_USB_Device_Library/Core/Src/usbd_core.o
                0x0000000008007dc2                USBD_GetNextDesc
 .text.SWAPBYTE
                0x0000000008007dfc       0x3c ./Middlewares/ST/STM32_USB_Device_Library/Core/Src/usbd_ctlreq.o
 .text.USBD_StdDevReq
                0x0000000008007e38       0xe4 ./Middlewares/ST/STM32_USB_Device_Library/Core/Src/usbd_ctlreq.o
                0x0000000008007e38                USBD_StdDevReq
 .text.USBD_StdItfReq
                0x0000000008007f1c       0xd8 ./Middlewares/ST/STM32_USB_Device_Library/Core/Src/usbd_ctlreq.o
                0x0000000008007f1c                USBD_StdItfReq
 .text.USBD_StdEPReq
                0x0000000008007ff4      0x33a ./Middlewares/ST/STM32_USB_Device_Library/Core/Src/usbd_ctlreq.o
                0x0000000008007ff4                USBD_StdEPReq
 *fill*         0x000000000800832e        0x2 
 .text.USBD_GetDescriptor
                0x0000000008008330      0x2d4 ./Middlewares/ST/STM32_USB_Device_Library/Core/Src/usbd_ctlreq.o
 .text.USBD_SetAddress
                0x0000000008008604       0x88 ./Middlewares/ST/STM32_USB_Device_Library/Core/Src/usbd_ctlreq.o
 .text.USBD_SetConfig
                0x000000000800868c      0x154 ./Middlewares/ST/STM32_USB_Device_Library/Core/Src/usbd_ctlreq.o
 .text.USBD_GetConfig
                0x00000000080087e0       0x6c ./Middlewares/ST/STM32_USB_Device_Library/Core/Src/usbd_ctlreq.o
 .text.USBD_GetStatus
                0x000000000800884c       0x68 ./Middlewares/ST/STM32_USB_Device_Library/Core/Src/usbd_ctlreq.o
 .text.USBD_SetFeature
                0x00000000080088b4       0x52 ./Middlewares/ST/STM32_USB_Device_Library/Core/Src/usbd_ctlreq.o
 .text.USBD_ClrFeature
                0x0000000008008906       0x44 ./Middlewares/ST/STM32_USB_Device_Library/Core/Src/usbd_ctlreq.o
 .text.USBD_ParseSetupRequest
                0x000000000800894a       0x74 ./Middlewares/ST/STM32_USB_Device_Library/Core/Src/usbd_ctlreq.o
                0x000000000800894a                USBD_ParseSetupRequest
 .text.USBD_CtlError
                0x00000000080089be       0x22 ./Middlewares/ST/STM32_USB_Device_Library/Core/Src/usbd_ctlreq.o
                0x00000000080089be                USBD_CtlError
 .text.USBD_GetString
                0x00000000080089e0       0x8c ./Middlewares/ST/STM32_USB_Device_Library/Core/Src/usbd_ctlreq.o
                0x00000000080089e0                USBD_GetString
 .text.USBD_GetLen
                0x0000000008008a6c       0x34 ./Middlewares/ST/STM32_USB_Device_Library/Core/Src/usbd_ctlreq.o
 .text.USBD_CtlSendData
                0x0000000008008aa0       0x36 ./Middlewares/ST/STM32_USB_Device_Library/Core/Src/usbd_ioreq.o
                0x0000000008008aa0                USBD_CtlSendData
 .text.USBD_CtlContinueSendData
                0x0000000008008ad6       0x22 ./Middlewares/ST/STM32_USB_Device_Library/Core/Src/usbd_ioreq.o
                0x0000000008008ad6                USBD_CtlContinueSendData
 .text.USBD_CtlPrepareRx
                0x0000000008008af8       0x3a ./Middlewares/ST/STM32_USB_Device_Library/Core/Src/usbd_ioreq.o
                0x0000000008008af8                USBD_CtlPrepareRx
 .text.USBD_CtlContinueRx
                0x0000000008008b32       0x22 ./Middlewares/ST/STM32_USB_Device_Library/Core/Src/usbd_ioreq.o
                0x0000000008008b32                USBD_CtlContinueRx
 .text.USBD_CtlSendStatus
                0x0000000008008b54       0x26 ./Middlewares/ST/STM32_USB_Device_Library/Core/Src/usbd_ioreq.o
                0x0000000008008b54                USBD_CtlSendStatus
 .text.USBD_CtlReceiveStatus
                0x0000000008008b7a       0x26 ./Middlewares/ST/STM32_USB_Device_Library/Core/Src/usbd_ioreq.o
                0x0000000008008b7a                USBD_CtlReceiveStatus
 .text.MX_USB_DEVICE_Init
                0x0000000008008ba0       0x64 ./USB_DEVICE/App/usb_device.o
                0x0000000008008ba0                MX_USB_DEVICE_Init
 .text.CDC_Init_FS
                0x0000000008008c04       0x28 ./USB_DEVICE/App/usbd_cdc_if.o
 .text.CDC_DeInit_FS
                0x0000000008008c2c       0x10 ./USB_DEVICE/App/usbd_cdc_if.o
 .text.CDC_Control_FS
                0x0000000008008c3c       0xbc ./USB_DEVICE/App/usbd_cdc_if.o
 .text.CDC_Receive_FS
                0x0000000008008cf8       0xa8 ./USB_DEVICE/App/usbd_cdc_if.o
 .text.CDC_Transmit_FS
                0x0000000008008da0       0x4c ./USB_DEVICE/App/usbd_cdc_if.o
                0x0000000008008da0                CDC_Transmit_FS
 .text.CDC_TransmitCplt_FS
                0x0000000008008dec       0x22 ./USB_DEVICE/App/usbd_cdc_if.o
 *fill*         0x0000000008008e0e        0x2 
 .text.usb_debug
                0x0000000008008e10       0x40 ./USB_DEVICE/App/usbd_cdc_if.o
                0x0000000008008e10                usb_debug
 .text.find_head
                0x0000000008008e50       0xac ./USB_DEVICE/App/usbd_cdc_if.o
                0x0000000008008e50                find_head
 .text.find_tail
                0x0000000008008efc       0x9c ./USB_DEVICE/App/usbd_cdc_if.o
                0x0000000008008efc                find_tail
 .text.USBD_FS_DeviceDescriptor
                0x0000000008008f98       0x24 ./USB_DEVICE/App/usbd_desc.o
                0x0000000008008f98                USBD_FS_DeviceDescriptor
 .text.USBD_FS_LangIDStrDescriptor
                0x0000000008008fbc       0x24 ./USB_DEVICE/App/usbd_desc.o
                0x0000000008008fbc                USBD_FS_LangIDStrDescriptor
 .text.USBD_FS_ProductStrDescriptor
                0x0000000008008fe0       0x3c ./USB_DEVICE/App/usbd_desc.o
                0x0000000008008fe0                USBD_FS_ProductStrDescriptor
 .text.USBD_FS_ManufacturerStrDescriptor
                0x000000000800901c       0x28 ./USB_DEVICE/App/usbd_desc.o
                0x000000000800901c                USBD_FS_ManufacturerStrDescriptor
 .text.USBD_FS_SerialStrDescriptor
                0x0000000008009044       0x24 ./USB_DEVICE/App/usbd_desc.o
                0x0000000008009044                USBD_FS_SerialStrDescriptor
 .text.USBD_FS_ConfigStrDescriptor
                0x0000000008009068       0x3c ./USB_DEVICE/App/usbd_desc.o
                0x0000000008009068                USBD_FS_ConfigStrDescriptor
 .text.USBD_FS_InterfaceStrDescriptor
                0x00000000080090a4       0x3c ./USB_DEVICE/App/usbd_desc.o
                0x00000000080090a4                USBD_FS_InterfaceStrDescriptor
 .text.Get_SerialNum
                0x00000000080090e0       0x58 ./USB_DEVICE/App/usbd_desc.o
 .text.IntToUnicode
                0x0000000008009138       0x7e ./USB_DEVICE/App/usbd_desc.o
 *fill*         0x00000000080091b6        0x2 
 .text.HAL_PCD_MspInit
                0x00000000080091b8       0xe4 ./USB_DEVICE/Target/usbd_conf.o
                0x00000000080091b8                HAL_PCD_MspInit
 .text.HAL_PCD_SetupStageCallback
                0x000000000800929c       0x24 ./USB_DEVICE/Target/usbd_conf.o
                0x000000000800929c                HAL_PCD_SetupStageCallback
 .text.HAL_PCD_DataOutStageCallback
                0x00000000080092c0       0x36 ./USB_DEVICE/Target/usbd_conf.o
                0x00000000080092c0                HAL_PCD_DataOutStageCallback
 .text.HAL_PCD_DataInStageCallback
                0x00000000080092f6       0x34 ./USB_DEVICE/Target/usbd_conf.o
                0x00000000080092f6                HAL_PCD_DataInStageCallback
 .text.HAL_PCD_SOFCallback
                0x000000000800932a       0x1c ./USB_DEVICE/Target/usbd_conf.o
                0x000000000800932a                HAL_PCD_SOFCallback
 .text.HAL_PCD_ResetCallback
                0x0000000008009346       0x50 ./USB_DEVICE/Target/usbd_conf.o
                0x0000000008009346                HAL_PCD_ResetCallback
 *fill*         0x0000000008009396        0x2 
 .text.HAL_PCD_SuspendCallback
                0x0000000008009398       0x4c ./USB_DEVICE/Target/usbd_conf.o
                0x0000000008009398                HAL_PCD_SuspendCallback
 .text.HAL_PCD_ResumeCallback
                0x00000000080093e4       0x1c ./USB_DEVICE/Target/usbd_conf.o
                0x00000000080093e4                HAL_PCD_ResumeCallback
 .text.HAL_PCD_ISOOUTIncompleteCallback
                0x0000000008009400       0x24 ./USB_DEVICE/Target/usbd_conf.o
                0x0000000008009400                HAL_PCD_ISOOUTIncompleteCallback
 .text.HAL_PCD_ISOINIncompleteCallback
                0x0000000008009424       0x24 ./USB_DEVICE/Target/usbd_conf.o
                0x0000000008009424                HAL_PCD_ISOINIncompleteCallback
 .text.HAL_PCD_ConnectCallback
                0x0000000008009448       0x1c ./USB_DEVICE/Target/usbd_conf.o
                0x0000000008009448                HAL_PCD_ConnectCallback
 .text.HAL_PCD_DisconnectCallback
                0x0000000008009464       0x1c ./USB_DEVICE/Target/usbd_conf.o
                0x0000000008009464                HAL_PCD_DisconnectCallback
 .text.USBD_LL_Init
                0x0000000008009480       0xa0 ./USB_DEVICE/Target/usbd_conf.o
                0x0000000008009480                USBD_LL_Init
 .text.USBD_LL_Start
                0x0000000008009520       0x36 ./USB_DEVICE/Target/usbd_conf.o
                0x0000000008009520                USBD_LL_Start
 .text.USBD_LL_OpenEP
                0x0000000008009556       0x4c ./USB_DEVICE/Target/usbd_conf.o
                0x0000000008009556                USBD_LL_OpenEP
 .text.USBD_LL_CloseEP
                0x00000000080095a2       0x3e ./USB_DEVICE/Target/usbd_conf.o
                0x00000000080095a2                USBD_LL_CloseEP
 .text.USBD_LL_StallEP
                0x00000000080095e0       0x3e ./USB_DEVICE/Target/usbd_conf.o
                0x00000000080095e0                USBD_LL_StallEP
 .text.USBD_LL_ClearStallEP
                0x000000000800961e       0x3e ./USB_DEVICE/Target/usbd_conf.o
                0x000000000800961e                USBD_LL_ClearStallEP
 .text.USBD_LL_IsStallEP
                0x000000000800965c       0x58 ./USB_DEVICE/Target/usbd_conf.o
                0x000000000800965c                USBD_LL_IsStallEP
 .text.USBD_LL_SetUSBAddress
                0x00000000080096b4       0x3e ./USB_DEVICE/Target/usbd_conf.o
                0x00000000080096b4                USBD_LL_SetUSBAddress
 .text.USBD_LL_Transmit
                0x00000000080096f2       0x42 ./USB_DEVICE/Target/usbd_conf.o
                0x00000000080096f2                USBD_LL_Transmit
 .text.USBD_LL_PrepareReceive
                0x0000000008009734       0x42 ./USB_DEVICE/Target/usbd_conf.o
                0x0000000008009734                USBD_LL_PrepareReceive
 .text.USBD_LL_GetRxDataSize
                0x0000000008009776       0x26 ./USB_DEVICE/Target/usbd_conf.o
                0x0000000008009776                USBD_LL_GetRxDataSize
 .text.USBD_static_malloc
                0x000000000800979c       0x1c ./USB_DEVICE/Target/usbd_conf.o
                0x000000000800979c                USBD_static_malloc
 .text.USBD_static_free
                0x00000000080097b8       0x14 ./USB_DEVICE/Target/usbd_conf.o
                0x00000000080097b8                USBD_static_free
 .text.USBD_Get_USB_Status
                0x00000000080097cc       0x58 ./USB_DEVICE/Target/usbd_conf.o
                0x00000000080097cc                USBD_Get_USB_Status
 .text.arm_cfft_radix4_init_f32
                0x0000000008009824       0xbc C:\Users\zhangrun\OneDrive\my_doc\project\graduate_design\graduatedesign\code\stm32\fft_process\CMSIS_DSP\GCC\libarm_cortexM7lfdp_math.a(arm_cfft_radix4_init_f32.o)
                0x0000000008009824                arm_cfft_radix4_init_f32
 .text.arm_radix4_butterfly_f32
                0x00000000080098e0      0x34c C:\Users\zhangrun\OneDrive\my_doc\project\graduate_design\graduatedesign\code\stm32\fft_process\CMSIS_DSP\GCC\libarm_cortexM7lfdp_math.a(arm_cfft_radix4_f32.o)
                0x00000000080098e0                arm_radix4_butterfly_f32
 .text.arm_radix4_butterfly_inverse_f32
                0x0000000008009c2c      0x378 C:\Users\zhangrun\OneDrive\my_doc\project\graduate_design\graduatedesign\code\stm32\fft_process\CMSIS_DSP\GCC\libarm_cortexM7lfdp_math.a(arm_cfft_radix4_f32.o)
                0x0000000008009c2c                arm_radix4_butterfly_inverse_f32
 .text.arm_cfft_radix4_f32
                0x0000000008009fa4       0x40 C:\Users\zhangrun\OneDrive\my_doc\project\graduate_design\graduatedesign\code\stm32\fft_process\CMSIS_DSP\GCC\libarm_cortexM7lfdp_math.a(arm_cfft_radix4_f32.o)
                0x0000000008009fa4                arm_cfft_radix4_f32
 .text.arm_bitreversal_f32
                0x0000000008009fe4       0xe0 C:\Users\zhangrun\OneDrive\my_doc\project\graduate_design\graduatedesign\code\stm32\fft_process\CMSIS_DSP\GCC\libarm_cortexM7lfdp_math.a(arm_bitreversal.o)
                0x0000000008009fe4                arm_bitreversal_f32
 .text.arm_cmplx_mag_f32
                0x000000000800a0c4      0x248 C:\Users\zhangrun\OneDrive\my_doc\project\graduate_design\graduatedesign\code\stm32\fft_process\CMSIS_DSP\GCC\libarm_cortexM7lfdp_math.a(arm_cmplx_mag_f32.o)
                0x000000000800a0c4                arm_cmplx_mag_f32
 .text.__errno  0x000000000800a30c        0xc c:/myprogram/st/stm32cubeide_1.8.0/stm32cubeide/plugins/com.st.stm32cube.ide.mcu.externaltools.gnu-tools-for-stm32.10.3-2021.10.win32_1.0.0.202111181127/tools/bin/../lib/gcc/arm-none-eabi/10.3.1/../../../../arm-none-eabi/lib/thumb/v7e-m+dp/hard\libc_nano.a(lib_a-errno.o)
                0x000000000800a30c                __errno
 .text.__libc_init_array
                0x000000000800a318       0x48 c:/myprogram/st/stm32cubeide_1.8.0/stm32cubeide/plugins/com.st.stm32cube.ide.mcu.externaltools.gnu-tools-for-stm32.10.3-2021.10.win32_1.0.0.202111181127/tools/bin/../lib/gcc/arm-none-eabi/10.3.1/../../../../arm-none-eabi/lib/thumb/v7e-m+dp/hard\libc_nano.a(lib_a-init.o)
                0x000000000800a318                __libc_init_array
 .text.memcpy   0x000000000800a360       0x1c c:/myprogram/st/stm32cubeide_1.8.0/stm32cubeide/plugins/com.st.stm32cube.ide.mcu.externaltools.gnu-tools-for-stm32.10.3-2021.10.win32_1.0.0.202111181127/tools/bin/../lib/gcc/arm-none-eabi/10.3.1/../../../../arm-none-eabi/lib/thumb/v7e-m+dp/hard\libc_nano.a(lib_a-memcpy-stub.o)
                0x000000000800a360                memcpy
 .text.memset   0x000000000800a37c       0x10 c:/myprogram/st/stm32cubeide_1.8.0/stm32cubeide/plugins/com.st.stm32cube.ide.mcu.externaltools.gnu-tools-for-stm32.10.3-2021.10.win32_1.0.0.202111181127/tools/bin/../lib/gcc/arm-none-eabi/10.3.1/../../../../arm-none-eabi/lib/thumb/v7e-m+dp/hard\libc_nano.a(lib_a-memset.o)
                0x000000000800a37c                memset
 .text._vsnprintf_r
                0x000000000800a38c       0x56 c:/myprogram/st/stm32cubeide_1.8.0/stm32cubeide/plugins/com.st.stm32cube.ide.mcu.externaltools.gnu-tools-for-stm32.10.3-2021.10.win32_1.0.0.202111181127/tools/bin/../lib/gcc/arm-none-eabi/10.3.1/../../../../arm-none-eabi/lib/thumb/v7e-m+dp/hard\libc_nano.a(lib_a-vsnprintf.o)
                0x000000000800a38c                _vsniprintf_r
                0x000000000800a38c                _vsnprintf_r
 *fill*         0x000000000800a3e2        0x2 
 .text.vsnprintf
                0x000000000800a3e4       0x1c c:/myprogram/st/stm32cubeide_1.8.0/stm32cubeide/plugins/com.st.stm32cube.ide.mcu.externaltools.gnu-tools-for-stm32.10.3-2021.10.win32_1.0.0.202111181127/tools/bin/../lib/gcc/arm-none-eabi/10.3.1/../../../../arm-none-eabi/lib/thumb/v7e-m+dp/hard\libc_nano.a(lib_a-vsnprintf.o)
                0x000000000800a3e4                vsniprintf
                0x000000000800a3e4                vsnprintf
 .text.__ssputs_r
                0x000000000800a400       0xb6 c:/myprogram/st/stm32cubeide_1.8.0/stm32cubeide/plugins/com.st.stm32cube.ide.mcu.externaltools.gnu-tools-for-stm32.10.3-2021.10.win32_1.0.0.202111181127/tools/bin/../lib/gcc/arm-none-eabi/10.3.1/../../../../arm-none-eabi/lib/thumb/v7e-m+dp/hard\libc_nano.a(lib_a-nano-svfprintf.o)
                0x000000000800a400                __ssputs_r
 *fill*         0x000000000800a4b6        0x2 
 .text._svfprintf_r
                0x000000000800a4b8      0x200 c:/myprogram/st/stm32cubeide_1.8.0/stm32cubeide/plugins/com.st.stm32cube.ide.mcu.externaltools.gnu-tools-for-stm32.10.3-2021.10.win32_1.0.0.202111181127/tools/bin/../lib/gcc/arm-none-eabi/10.3.1/../../../../arm-none-eabi/lib/thumb/v7e-m+dp/hard\libc_nano.a(lib_a-nano-svfprintf.o)
                0x000000000800a4b8                _svfiprintf_r
                0x000000000800a4b8                _svfprintf_r
 .text._printf_common
                0x000000000800a6b8       0xda c:/myprogram/st/stm32cubeide_1.8.0/stm32cubeide/plugins/com.st.stm32cube.ide.mcu.externaltools.gnu-tools-for-stm32.10.3-2021.10.win32_1.0.0.202111181127/tools/bin/../lib/gcc/arm-none-eabi/10.3.1/../../../../arm-none-eabi/lib/thumb/v7e-m+dp/hard\libc_nano.a(lib_a-nano-vfprintf_i.o)
                0x000000000800a6b8                _printf_common
 *fill*         0x000000000800a792        0x2 
 .text._printf_i
                0x000000000800a794      0x24c c:/myprogram/st/stm32cubeide_1.8.0/stm32cubeide/plugins/com.st.stm32cube.ide.mcu.externaltools.gnu-tools-for-stm32.10.3-2021.10.win32_1.0.0.202111181127/tools/bin/../lib/gcc/arm-none-eabi/10.3.1/../../../../arm-none-eabi/lib/thumb/v7e-m+dp/hard\libc_nano.a(lib_a-nano-vfprintf_i.o)
                0x000000000800a794                _printf_i
 .text.memmove  0x000000000800a9e0       0x34 c:/myprogram/st/stm32cubeide_1.8.0/stm32cubeide/plugins/com.st.stm32cube.ide.mcu.externaltools.gnu-tools-for-stm32.10.3-2021.10.win32_1.0.0.202111181127/tools/bin/../lib/gcc/arm-none-eabi/10.3.1/../../../../arm-none-eabi/lib/thumb/v7e-m+dp/hard\libc_nano.a(lib_a-memmove.o)
                0x000000000800a9e0                memmove
 .text._free_r  0x000000000800aa14       0x98 c:/myprogram/st/stm32cubeide_1.8.0/stm32cubeide/plugins/com.st.stm32cube.ide.mcu.externaltools.gnu-tools-for-stm32.10.3-2021.10.win32_1.0.0.202111181127/tools/bin/../lib/gcc/arm-none-eabi/10.3.1/../../../../arm-none-eabi/lib/thumb/v7e-m+dp/hard\libc_nano.a(lib_a-nano-freer.o)
                0x000000000800aa14                _free_r
 .text.sbrk_aligned
                0x000000000800aaac       0x40 c:/myprogram/st/stm32cubeide_1.8.0/stm32cubeide/plugins/com.st.stm32cube.ide.mcu.externaltools.gnu-tools-for-stm32.10.3-2021.10.win32_1.0.0.202111181127/tools/bin/../lib/gcc/arm-none-eabi/10.3.1/../../../../arm-none-eabi/lib/thumb/v7e-m+dp/hard\libc_nano.a(lib_a-nano-mallocr.o)
 .text._malloc_r
                0x000000000800aaec       0xe8 c:/myprogram/st/stm32cubeide_1.8.0/stm32cubeide/plugins/com.st.stm32cube.ide.mcu.externaltools.gnu-tools-for-stm32.10.3-2021.10.win32_1.0.0.202111181127/tools/bin/../lib/gcc/arm-none-eabi/10.3.1/../../../../arm-none-eabi/lib/thumb/v7e-m+dp/hard\libc_nano.a(lib_a-nano-mallocr.o)
                0x000000000800aaec                _malloc_r
 .text._realloc_r
                0x000000000800abd4       0x5e c:/myprogram/st/stm32cubeide_1.8.0/stm32cubeide/plugins/com.st.stm32cube.ide.mcu.externaltools.gnu-tools-for-stm32.10.3-2021.10.win32_1.0.0.202111181127/tools/bin/../lib/gcc/arm-none-eabi/10.3.1/../../../../arm-none-eabi/lib/thumb/v7e-m+dp/hard\libc_nano.a(lib_a-nano-reallocr.o)
                0x000000000800abd4                _realloc_r
 *fill*         0x000000000800ac32        0x2 
 .text._sbrk_r  0x000000000800ac34       0x20 c:/myprogram/st/stm32cubeide_1.8.0/stm32cubeide/plugins/com.st.stm32cube.ide.mcu.externaltools.gnu-tools-for-stm32.10.3-2021.10.win32_1.0.0.202111181127/tools/bin/../lib/gcc/arm-none-eabi/10.3.1/../../../../arm-none-eabi/lib/thumb/v7e-m+dp/hard\libc_nano.a(lib_a-sbrkr.o)
                0x000000000800ac34                _sbrk_r
 .text.__malloc_lock
                0x000000000800ac54        0xc c:/myprogram/st/stm32cubeide_1.8.0/stm32cubeide/plugins/com.st.stm32cube.ide.mcu.externaltools.gnu-tools-for-stm32.10.3-2021.10.win32_1.0.0.202111181127/tools/bin/../lib/gcc/arm-none-eabi/10.3.1/../../../../arm-none-eabi/lib/thumb/v7e-m+dp/hard\libc_nano.a(lib_a-mlock.o)
                0x000000000800ac54                __malloc_lock
 .text.__malloc_unlock
                0x000000000800ac60        0xc c:/myprogram/st/stm32cubeide_1.8.0/stm32cubeide/plugins/com.st.stm32cube.ide.mcu.externaltools.gnu-tools-for-stm32.10.3-2021.10.win32_1.0.0.202111181127/tools/bin/../lib/gcc/arm-none-eabi/10.3.1/../../../../arm-none-eabi/lib/thumb/v7e-m+dp/hard\libc_nano.a(lib_a-mlock.o)
                0x000000000800ac60                __malloc_unlock
 .text._malloc_usable_size_r
                0x000000000800ac6c       0x10 c:/myprogram/st/stm32cubeide_1.8.0/stm32cubeide/plugins/com.st.stm32cube.ide.mcu.externaltools.gnu-tools-for-stm32.10.3-2021.10.win32_1.0.0.202111181127/tools/bin/../lib/gcc/arm-none-eabi/10.3.1/../../../../arm-none-eabi/lib/thumb/v7e-m+dp/hard\libc_nano.a(lib_a-nano-msizer.o)
                0x000000000800ac6c                _malloc_usable_size_r
 .text.__retarget_lock_acquire_recursive
                0x000000000800ac7c        0x2 c:/myprogram/st/stm32cubeide_1.8.0/stm32cubeide/plugins/com.st.stm32cube.ide.mcu.externaltools.gnu-tools-for-stm32.10.3-2021.10.win32_1.0.0.202111181127/tools/bin/../lib/gcc/arm-none-eabi/10.3.1/../../../../arm-none-eabi/lib/thumb/v7e-m+dp/hard\libc_nano.a(lib_a-lock.o)
                0x000000000800ac7c                __retarget_lock_acquire_recursive
 .text.__retarget_lock_release_recursive
                0x000000000800ac7e        0x2 c:/myprogram/st/stm32cubeide_1.8.0/stm32cubeide/plugins/com.st.stm32cube.ide.mcu.externaltools.gnu-tools-for-stm32.10.3-2021.10.win32_1.0.0.202111181127/tools/bin/../lib/gcc/arm-none-eabi/10.3.1/../../../../arm-none-eabi/lib/thumb/v7e-m+dp/hard\libc_nano.a(lib_a-lock.o)
                0x000000000800ac7e                __retarget_lock_release_recursive
 .text.sqrtf    0x000000000800ac80       0x3c c:/myprogram/st/stm32cubeide_1.8.0/stm32cubeide/plugins/com.st.stm32cube.ide.mcu.externaltools.gnu-tools-for-stm32.10.3-2021.10.win32_1.0.0.202111181127/tools/bin/../lib/gcc/arm-none-eabi/10.3.1/../../../../arm-none-eabi/lib/thumb/v7e-m+dp/hard\libm.a(lib_a-wf_sqrt.o)
                0x000000000800ac80                sqrtf
 .text.__ieee754_sqrtf
                0x000000000800acbc        0x6 c:/myprogram/st/stm32cubeide_1.8.0/stm32cubeide/plugins/com.st.stm32cube.ide.mcu.externaltools.gnu-tools-for-stm32.10.3-2021.10.win32_1.0.0.202111181127/tools/bin/../lib/gcc/arm-none-eabi/10.3.1/../../../../arm-none-eabi/lib/thumb/v7e-m+dp/hard\libm.a(lib_a-ef_sqrt.o)
                0x000000000800acbc                __ieee754_sqrtf
 *(.glue_7)
 .glue_7        0x000000000800acc2        0x0 linker stubs
 *(.glue_7t)
 .glue_7t       0x000000000800acc2        0x0 linker stubs
 *(.eh_frame)
 *fill*         0x000000000800acc2        0x2 
 .eh_frame      0x000000000800acc4        0x0 c:/myprogram/st/stm32cubeide_1.8.0/stm32cubeide/plugins/com.st.stm32cube.ide.mcu.externaltools.gnu-tools-for-stm32.10.3-2021.10.win32_1.0.0.202111181127/tools/bin/../lib/gcc/arm-none-eabi/10.3.1/thumb/v7e-m+dp/hard/crtbegin.o
 *(.init)
 .init          0x000000000800acc4        0x4 c:/myprogram/st/stm32cubeide_1.8.0/stm32cubeide/plugins/com.st.stm32cube.ide.mcu.externaltools.gnu-tools-for-stm32.10.3-2021.10.win32_1.0.0.202111181127/tools/bin/../lib/gcc/arm-none-eabi/10.3.1/thumb/v7e-m+dp/hard/crti.o
                0x000000000800acc4                _init
 .init          0x000000000800acc8        0x8 c:/myprogram/st/stm32cubeide_1.8.0/stm32cubeide/plugins/com.st.stm32cube.ide.mcu.externaltools.gnu-tools-for-stm32.10.3-2021.10.win32_1.0.0.202111181127/tools/bin/../lib/gcc/arm-none-eabi/10.3.1/thumb/v7e-m+dp/hard/crtn.o
 *(.fini)
 .fini          0x000000000800acd0        0x4 c:/myprogram/st/stm32cubeide_1.8.0/stm32cubeide/plugins/com.st.stm32cube.ide.mcu.externaltools.gnu-tools-for-stm32.10.3-2021.10.win32_1.0.0.202111181127/tools/bin/../lib/gcc/arm-none-eabi/10.3.1/thumb/v7e-m+dp/hard/crti.o
                0x000000000800acd0                _fini
 .fini          0x000000000800acd4        0x8 c:/myprogram/st/stm32cubeide_1.8.0/stm32cubeide/plugins/com.st.stm32cube.ide.mcu.externaltools.gnu-tools-for-stm32.10.3-2021.10.win32_1.0.0.202111181127/tools/bin/../lib/gcc/arm-none-eabi/10.3.1/thumb/v7e-m+dp/hard/crtn.o
                0x000000000800acdc                . = ALIGN (0x4)
                0x000000000800acdc                _etext = .

.vfp11_veneer   0x000000000800acdc        0x0
 .vfp11_veneer  0x000000000800acdc        0x0 linker stubs

.v4_bx          0x000000000800acdc        0x0
 .v4_bx         0x000000000800acdc        0x0 linker stubs

.iplt           0x000000000800acdc        0x0
 .iplt          0x000000000800acdc        0x0 c:/myprogram/st/stm32cubeide_1.8.0/stm32cubeide/plugins/com.st.stm32cube.ide.mcu.externaltools.gnu-tools-for-stm32.10.3-2021.10.win32_1.0.0.202111181127/tools/bin/../lib/gcc/arm-none-eabi/10.3.1/thumb/v7e-m+dp/hard/crtbegin.o

.rodata         0x000000000800acdc     0x8890
                0x000000000800acdc                . = ALIGN (0x4)
 *(.rodata)
 .rodata        0x000000000800acdc        0x3 ./USB_DEVICE/App/usbd_cdc_if.o
 *fill*         0x000000000800acdf        0x1 
 .rodata        0x000000000800ace0       0x46 ./USB_DEVICE/App/usbd_desc.o
 *(.rodata*)
 *fill*         0x000000000800ad26        0x2 
 .rodata.D1CorePrescTable
                0x000000000800ad28       0x10 ./Core/Src/system_stm32h7xx.o
                0x000000000800ad28                D1CorePrescTable
 .rodata.armBitRevTable
                0x000000000800ad38      0x800 C:\Users\zhangrun\OneDrive\my_doc\project\graduate_design\graduatedesign\code\stm32\fft_process\CMSIS_DSP\GCC\libarm_cortexM7lfdp_math.a(arm_common_tables.o)
                0x000000000800ad38                armBitRevTable
 .rodata.twiddleCoef_4096
                0x000000000800b538     0x8000 C:\Users\zhangrun\OneDrive\my_doc\project\graduate_design\graduatedesign\code\stm32\fft_process\CMSIS_DSP\GCC\libarm_cortexM7lfdp_math.a(arm_common_tables.o)
                0x000000000800b538                twiddleCoef_4096
 .rodata._svfprintf_r.str1.1
                0x0000000008013538       0x11 c:/myprogram/st/stm32cubeide_1.8.0/stm32cubeide/plugins/com.st.stm32cube.ide.mcu.externaltools.gnu-tools-for-stm32.10.3-2021.10.win32_1.0.0.202111181127/tools/bin/../lib/gcc/arm-none-eabi/10.3.1/../../../../arm-none-eabi/lib/thumb/v7e-m+dp/hard\libc_nano.a(lib_a-nano-svfprintf.o)
 .rodata._printf_i.str1.1
                0x0000000008013549       0x22 c:/myprogram/st/stm32cubeide_1.8.0/stm32cubeide/plugins/com.st.stm32cube.ide.mcu.externaltools.gnu-tools-for-stm32.10.3-2021.10.win32_1.0.0.202111181127/tools/bin/../lib/gcc/arm-none-eabi/10.3.1/../../../../arm-none-eabi/lib/thumb/v7e-m+dp/hard\libc_nano.a(lib_a-nano-vfprintf_i.o)
                0x000000000801356c                . = ALIGN (0x4)
 *fill*         0x000000000801356b        0x1 

.rel.dyn        0x000000000801356c        0x0
 .rel.iplt      0x000000000801356c        0x0 c:/myprogram/st/stm32cubeide_1.8.0/stm32cubeide/plugins/com.st.stm32cube.ide.mcu.externaltools.gnu-tools-for-stm32.10.3-2021.10.win32_1.0.0.202111181127/tools/bin/../lib/gcc/arm-none-eabi/10.3.1/thumb/v7e-m+dp/hard/crtbegin.o

.ARM.extab
 *(.ARM.extab* .gnu.linkonce.armextab.*)

.ARM            0x000000000801356c        0x0
                0x000000000801356c                __exidx_start = .
 *(.ARM.exidx*)
                0x000000000801356c                __exidx_end = .

.preinit_array  0x000000000801356c        0x0
                0x000000000801356c                PROVIDE (__preinit_array_start = .)
 *(.preinit_array*)
                0x000000000801356c                PROVIDE (__preinit_array_end = .)

.init_array     0x000000000801356c        0x4
                0x000000000801356c                PROVIDE (__init_array_start = .)
 *(SORT_BY_NAME(.init_array.*))
 *(.init_array*)
 .init_array    0x000000000801356c        0x4 c:/myprogram/st/stm32cubeide_1.8.0/stm32cubeide/plugins/com.st.stm32cube.ide.mcu.externaltools.gnu-tools-for-stm32.10.3-2021.10.win32_1.0.0.202111181127/tools/bin/../lib/gcc/arm-none-eabi/10.3.1/thumb/v7e-m+dp/hard/crtbegin.o
                0x0000000008013570                PROVIDE (__init_array_end = .)

.fini_array     0x0000000008013570        0x4
                [!provide]                        PROVIDE (__fini_array_start = .)
 *(SORT_BY_NAME(.fini_array.*))
 *(.fini_array*)
 .fini_array    0x0000000008013570        0x4 c:/myprogram/st/stm32cubeide_1.8.0/stm32cubeide/plugins/com.st.stm32cube.ide.mcu.externaltools.gnu-tools-for-stm32.10.3-2021.10.win32_1.0.0.202111181127/tools/bin/../lib/gcc/arm-none-eabi/10.3.1/thumb/v7e-m+dp/hard/crtbegin.o
                [!provide]                        PROVIDE (__fini_array_end = .)
                0x0000000008013574                _sidata = LOADADDR (.data)

.data           0x0000000024000000      0x18c load address 0x0000000008013574
                0x0000000024000000                . = ALIGN (0x4)
                0x0000000024000000                _sdata = .
 *(.data)
 *(.data*)
 .data.SystemCoreClock
                0x0000000024000000        0x4 ./Core/Src/system_stm32h7xx.o
                0x0000000024000000                SystemCoreClock
 .data.SystemD2Clock
                0x0000000024000004        0x4 ./Core/Src/system_stm32h7xx.o
                0x0000000024000004                SystemD2Clock
 .data.uwTickPrio
                0x0000000024000008        0x4 ./Drivers/STM32H7xx_HAL_Driver/Src/stm32h7xx_hal.o
                0x0000000024000008                uwTickPrio
 .data.uwTickFreq
                0x000000002400000c        0x1 ./Drivers/STM32H7xx_HAL_Driver/Src/stm32h7xx_hal.o
                0x000000002400000c                uwTickFreq
 *fill*         0x000000002400000d        0x3 
 .data.fs       0x0000000024000010        0x8 ./FFT/fft.o
 .data.N        0x0000000024000018        0x8 ./FFT/fft.o
 .data.T        0x0000000024000020        0x8 ./FFT/fft.o
 .data.B        0x0000000024000028        0x8 ./FFT/fft.o
 .data.c        0x0000000024000030        0x8 ./FFT/fft.o
 .data.USBD_CDC_DeviceQualifierDesc
                0x0000000024000038        0xa ./Middlewares/ST/STM32_USB_Device_Library/Class/CDC/Src/usbd_cdc.o
 *fill*         0x0000000024000042        0x2 
 .data.USBD_CDC
                0x0000000024000044       0x38 ./Middlewares/ST/STM32_USB_Device_Library/Class/CDC/Src/usbd_cdc.o
                0x0000000024000044                USBD_CDC
 .data.USBD_CDC_CfgDesc
                0x000000002400007c       0x43 ./Middlewares/ST/STM32_USB_Device_Library/Class/CDC/Src/usbd_cdc.o
 .data.CDCInEpAdd
                0x00000000240000bf        0x1 ./Middlewares/ST/STM32_USB_Device_Library/Class/CDC/Src/usbd_cdc.o
 .data.CDCOutEpAdd
                0x00000000240000c0        0x1 ./Middlewares/ST/STM32_USB_Device_Library/Class/CDC/Src/usbd_cdc.o
 .data.CDCCmdEpAdd
                0x00000000240000c1        0x1 ./Middlewares/ST/STM32_USB_Device_Library/Class/CDC/Src/usbd_cdc.o
 *fill*         0x00000000240000c2        0x2 
 .data.USBD_Interface_fops_FS
                0x00000000240000c4       0x14 ./USB_DEVICE/App/usbd_cdc_if.o
                0x00000000240000c4                USBD_Interface_fops_FS
 .data.FS_Desc  0x00000000240000d8       0x1c ./USB_DEVICE/App/usbd_desc.o
                0x00000000240000d8                FS_Desc
 .data.USBD_FS_DeviceDesc
                0x00000000240000f4       0x12 ./USB_DEVICE/App/usbd_desc.o
                0x00000000240000f4                USBD_FS_DeviceDesc
 *fill*         0x0000000024000106        0x2 
 .data.USBD_LangIDDesc
                0x0000000024000108        0x4 ./USB_DEVICE/App/usbd_desc.o
                0x0000000024000108                USBD_LangIDDesc
 .data.USBD_StringSerial
                0x000000002400010c       0x1a ./USB_DEVICE/App/usbd_desc.o
                0x000000002400010c                USBD_StringSerial
 *fill*         0x0000000024000126        0x2 
 .data._impure_ptr
                0x0000000024000128        0x4 c:/myprogram/st/stm32cubeide_1.8.0/stm32cubeide/plugins/com.st.stm32cube.ide.mcu.externaltools.gnu-tools-for-stm32.10.3-2021.10.win32_1.0.0.202111181127/tools/bin/../lib/gcc/arm-none-eabi/10.3.1/../../../../arm-none-eabi/lib/thumb/v7e-m+dp/hard\libc_nano.a(lib_a-impure.o)
                0x0000000024000128                _impure_ptr
 .data.impure_data
                0x000000002400012c       0x60 c:/myprogram/st/stm32cubeide_1.8.0/stm32cubeide/plugins/com.st.stm32cube.ide.mcu.externaltools.gnu-tools-for-stm32.10.3-2021.10.win32_1.0.0.202111181127/tools/bin/../lib/gcc/arm-none-eabi/10.3.1/../../../../arm-none-eabi/lib/thumb/v7e-m+dp/hard\libc_nano.a(lib_a-impure.o)
 *(.RamFunc)
 *(.RamFunc*)
                0x000000002400018c                . = ALIGN (0x4)
                0x000000002400018c                _edata = .

.igot.plt       0x000000002400018c        0x0 load address 0x0000000008013700
 .igot.plt      0x000000002400018c        0x0 c:/myprogram/st/stm32cubeide_1.8.0/stm32cubeide/plugins/com.st.stm32cube.ide.mcu.externaltools.gnu-tools-for-stm32.10.3-2021.10.win32_1.0.0.202111181127/tools/bin/../lib/gcc/arm-none-eabi/10.3.1/thumb/v7e-m+dp/hard/crtbegin.o
                0x000000002400018c                . = ALIGN (0x4)

.bss            0x0000000024000190     0xdcb4 load address 0x0000000008013700
                0x0000000024000190                _sbss = .
                0x0000000024000190                __bss_start__ = _sbss
 *(.bss)
 .bss           0x0000000024000190       0x1c c:/myprogram/st/stm32cubeide_1.8.0/stm32cubeide/plugins/com.st.stm32cube.ide.mcu.externaltools.gnu-tools-for-stm32.10.3-2021.10.win32_1.0.0.202111181127/tools/bin/../lib/gcc/arm-none-eabi/10.3.1/thumb/v7e-m+dp/hard/crtbegin.o
 *(.bss*)
 .bss.__sbrk_heap_end
                0x00000000240001ac        0x4 ./Core/Src/sysmem.o
 .bss.htim2     0x00000000240001b0       0x4c ./Core/Src/tim.o
                0x00000000240001b0                htim2
 .bss.uwTick    0x00000000240001fc        0x4 ./Drivers/STM32H7xx_HAL_Driver/Src/stm32h7xx_hal.o
                0x00000000240001fc                uwTick
 .bss.fft_inputbuf
                0x0000000024000200     0x8000 ./FFT/fft.o
 .bss.fft_outputbuf
                0x0000000024008200     0x4000 ./FFT/fft.o
 .bss.range_test
                0x000000002400c200        0x8 ./FFT/fft.o
 .bss.max_x_test
                0x000000002400c208        0x4 ./FFT/fft.o
 *fill*         0x000000002400c20c        0x4 
 .bss.gap_test  0x000000002400c210        0x8 ./FFT/fft.o
 .bss.time_test1
                0x000000002400c218        0x4 ./FFT/fft.o
 .bss.time_test2
                0x000000002400c21c        0x4 ./FFT/fft.o
 .bss.time_test3
                0x000000002400c220        0x4 ./FFT/fft.o
 .bss.cfgidx.0  0x000000002400c224        0x1 ./Middlewares/ST/STM32_USB_Device_Library/Core/Src/usbd_ctlreq.o
 *fill*         0x000000002400c225        0x3 
 .bss.hUsbDeviceFS
                0x000000002400c228      0x2dc ./USB_DEVICE/App/usb_device.o
                0x000000002400c228                hUsbDeviceFS
 .bss.UserRxBufferFS
                0x000000002400c504      0x800 ./USB_DEVICE/App/usbd_cdc_if.o
                0x000000002400c504                UserRxBufferFS
 .bss.UserTxBufferFS
                0x000000002400cd04      0x800 ./USB_DEVICE/App/usbd_cdc_if.o
                0x000000002400cd04                UserTxBufferFS
 .bss.rx_status.0
                0x000000002400d504        0x1 ./USB_DEVICE/App/usbd_cdc_if.o
 *fill*         0x000000002400d505        0x3 
 .bss.USBD_StrDesc
                0x000000002400d508      0x200 ./USB_DEVICE/App/usbd_desc.o
                0x000000002400d508                USBD_StrDesc
 .bss.hpcd_USB_OTG_FS
                0x000000002400d708      0x50c ./USB_DEVICE/Target/usbd_conf.o
                0x000000002400d708                hpcd_USB_OTG_FS
 .bss.mem.0     0x000000002400dc14      0x220 ./USB_DEVICE/Target/usbd_conf.o
 .bss.__malloc_free_list
                0x000000002400de34        0x4 c:/myprogram/st/stm32cubeide_1.8.0/stm32cubeide/plugins/com.st.stm32cube.ide.mcu.externaltools.gnu-tools-for-stm32.10.3-2021.10.win32_1.0.0.202111181127/tools/bin/../lib/gcc/arm-none-eabi/10.3.1/../../../../arm-none-eabi/lib/thumb/v7e-m+dp/hard\libc_nano.a(lib_a-nano-mallocr.o)
                0x000000002400de34                __malloc_free_list
 .bss.__malloc_sbrk_start
                0x000000002400de38        0x4 c:/myprogram/st/stm32cubeide_1.8.0/stm32cubeide/plugins/com.st.stm32cube.ide.mcu.externaltools.gnu-tools-for-stm32.10.3-2021.10.win32_1.0.0.202111181127/tools/bin/../lib/gcc/arm-none-eabi/10.3.1/../../../../arm-none-eabi/lib/thumb/v7e-m+dp/hard\libc_nano.a(lib_a-nano-mallocr.o)
                0x000000002400de38                __malloc_sbrk_start
 .bss.errno     0x000000002400de3c        0x4 c:/myprogram/st/stm32cubeide_1.8.0/stm32cubeide/plugins/com.st.stm32cube.ide.mcu.externaltools.gnu-tools-for-stm32.10.3-2021.10.win32_1.0.0.202111181127/tools/bin/../lib/gcc/arm-none-eabi/10.3.1/../../../../arm-none-eabi/lib/thumb/v7e-m+dp/hard\libc_nano.a(lib_a-reent.o)
                0x000000002400de3c                errno
 .bss.__lock___malloc_recursive_mutex
                0x000000002400de40        0x1 c:/myprogram/st/stm32cubeide_1.8.0/stm32cubeide/plugins/com.st.stm32cube.ide.mcu.externaltools.gnu-tools-for-stm32.10.3-2021.10.win32_1.0.0.202111181127/tools/bin/../lib/gcc/arm-none-eabi/10.3.1/../../../../arm-none-eabi/lib/thumb/v7e-m+dp/hard\libc_nano.a(lib_a-lock.o)
                0x000000002400de40                __lock___malloc_recursive_mutex
 *(COMMON)
                0x000000002400de44                . = ALIGN (0x4)
 *fill*         0x000000002400de41        0x3 
                0x000000002400de44                _ebss = .
                0x000000002400de44                __bss_end__ = _ebss

._user_heap_stack
                0x000000002400de44     0x1404 load address 0x0000000008013700
                0x000000002400de48                . = ALIGN (0x8)
 *fill*         0x000000002400de44        0x4 
                [!provide]                        PROVIDE (end = .)
                0x000000002400de48                PROVIDE (_end = .)
                0x000000002400ee48                . = (. + _Min_Heap_Size)
 *fill*         0x000000002400de48     0x1000 
                0x000000002400f248                . = (. + _Min_Stack_Size)
 *fill*         0x000000002400ee48      0x400 
                0x000000002400f248                . = ALIGN (0x8)

/DISCARD/
 libc.a(*)
 libm.a(*)
 libgcc.a(*)

.ARM.attributes
                0x0000000000000000       0x2e
 *(.ARM.attributes)
 .ARM.attributes
                0x0000000000000000       0x1e c:/myprogram/st/stm32cubeide_1.8.0/stm32cubeide/plugins/com.st.stm32cube.ide.mcu.externaltools.gnu-tools-for-stm32.10.3-2021.10.win32_1.0.0.202111181127/tools/bin/../lib/gcc/arm-none-eabi/10.3.1/thumb/v7e-m+dp/hard/crti.o
 .ARM.attributes
                0x000000000000001e       0x32 c:/myprogram/st/stm32cubeide_1.8.0/stm32cubeide/plugins/com.st.stm32cube.ide.mcu.externaltools.gnu-tools-for-stm32.10.3-2021.10.win32_1.0.0.202111181127/tools/bin/../lib/gcc/arm-none-eabi/10.3.1/thumb/v7e-m+dp/hard/crtbegin.o
 .ARM.attributes
                0x0000000000000050       0x32 ./Core/Src/gpio.o
 .ARM.attributes
                0x0000000000000082       0x32 ./Core/Src/main.o
 .ARM.attributes
                0x00000000000000b4       0x32 ./Core/Src/stm32h7xx_hal_msp.o
 .ARM.attributes
                0x00000000000000e6       0x32 ./Core/Src/stm32h7xx_it.o
 .ARM.attributes
                0x0000000000000118       0x32 ./Core/Src/sysmem.o
 .ARM.attributes
                0x000000000000014a       0x32 ./Core/Src/system_stm32h7xx.o
 .ARM.attributes
                0x000000000000017c       0x32 ./Core/Src/tim.o
 .ARM.attributes
                0x00000000000001ae       0x21 ./Core/Startup/startup_stm32h750vbtx.o
 .ARM.attributes
                0x00000000000001cf       0x32 ./Drivers/STM32H7xx_HAL_Driver/Src/stm32h7xx_hal.o
 .ARM.attributes
                0x0000000000000201       0x32 ./Drivers/STM32H7xx_HAL_Driver/Src/stm32h7xx_hal_cortex.o
 .ARM.attributes
                0x0000000000000233       0x32 ./Drivers/STM32H7xx_HAL_Driver/Src/stm32h7xx_hal_gpio.o
 .ARM.attributes
                0x0000000000000265       0x32 ./Drivers/STM32H7xx_HAL_Driver/Src/stm32h7xx_hal_pcd.o
 .ARM.attributes
                0x0000000000000297       0x32 ./Drivers/STM32H7xx_HAL_Driver/Src/stm32h7xx_hal_pcd_ex.o
 .ARM.attributes
                0x00000000000002c9       0x32 ./Drivers/STM32H7xx_HAL_Driver/Src/stm32h7xx_hal_pwr_ex.o
 .ARM.attributes
                0x00000000000002fb       0x32 ./Drivers/STM32H7xx_HAL_Driver/Src/stm32h7xx_hal_rcc.o
 .ARM.attributes
                0x000000000000032d       0x32 ./Drivers/STM32H7xx_HAL_Driver/Src/stm32h7xx_hal_rcc_ex.o
 .ARM.attributes
                0x000000000000035f       0x32 ./Drivers/STM32H7xx_HAL_Driver/Src/stm32h7xx_hal_tim.o
 .ARM.attributes
                0x0000000000000391       0x32 ./Drivers/STM32H7xx_HAL_Driver/Src/stm32h7xx_hal_tim_ex.o
 .ARM.attributes
                0x00000000000003c3       0x32 ./Drivers/STM32H7xx_HAL_Driver/Src/stm32h7xx_ll_usb.o
 .ARM.attributes
                0x00000000000003f5       0x32 ./FFT/fft.o
 .ARM.attributes
                0x0000000000000427       0x32 ./Middlewares/ST/STM32_USB_Device_Library/Class/CDC/Src/usbd_cdc.o
 .ARM.attributes
                0x0000000000000459       0x32 ./Middlewares/ST/STM32_USB_Device_Library/Core/Src/usbd_core.o
 .ARM.attributes
                0x000000000000048b       0x32 ./Middlewares/ST/STM32_USB_Device_Library/Core/Src/usbd_ctlreq.o
 .ARM.attributes
                0x00000000000004bd       0x32 ./Middlewares/ST/STM32_USB_Device_Library/Core/Src/usbd_ioreq.o
 .ARM.attributes
                0x00000000000004ef       0x32 ./USB_DEVICE/App/usb_device.o
 .ARM.attributes
                0x0000000000000521       0x32 ./USB_DEVICE/App/usbd_cdc_if.o
 .ARM.attributes
                0x0000000000000553       0x32 ./USB_DEVICE/App/usbd_desc.o
 .ARM.attributes
                0x0000000000000585       0x32 ./USB_DEVICE/Target/usbd_conf.o
 .ARM.attributes
                0x00000000000005b7       0x32 C:\Users\zhangrun\OneDrive\my_doc\project\graduate_design\graduatedesign\code\stm32\fft_process\CMSIS_DSP\GCC\libarm_cortexM7lfdp_math.a(arm_cfft_radix4_init_f32.o)
 .ARM.attributes
                0x00000000000005e9       0x32 C:\Users\zhangrun\OneDrive\my_doc\project\graduate_design\graduatedesign\code\stm32\fft_process\CMSIS_DSP\GCC\libarm_cortexM7lfdp_math.a(arm_cfft_radix4_f32.o)
 .ARM.attributes
                0x000000000000061b       0x32 C:\Users\zhangrun\OneDrive\my_doc\project\graduate_design\graduatedesign\code\stm32\fft_process\CMSIS_DSP\GCC\libarm_cortexM7lfdp_math.a(arm_bitreversal.o)
 .ARM.attributes
                0x000000000000064d       0x32 C:\Users\zhangrun\OneDrive\my_doc\project\graduate_design\graduatedesign\code\stm32\fft_process\CMSIS_DSP\GCC\libarm_cortexM7lfdp_math.a(arm_cmplx_mag_f32.o)
 .ARM.attributes
                0x000000000000067f       0x37 C:\Users\zhangrun\OneDrive\my_doc\project\graduate_design\graduatedesign\code\stm32\fft_process\CMSIS_DSP\GCC\libarm_cortexM7lfdp_math.a(arm_common_tables.o)
 .ARM.attributes
                0x00000000000006b6       0x32 c:/myprogram/st/stm32cubeide_1.8.0/stm32cubeide/plugins/com.st.stm32cube.ide.mcu.externaltools.gnu-tools-for-stm32.10.3-2021.10.win32_1.0.0.202111181127/tools/bin/../lib/gcc/arm-none-eabi/10.3.1/../../../../arm-none-eabi/lib/thumb/v7e-m+dp/hard\libc_nano.a(lib_a-errno.o)
 .ARM.attributes
                0x00000000000006e8       0x32 c:/myprogram/st/stm32cubeide_1.8.0/stm32cubeide/plugins/com.st.stm32cube.ide.mcu.externaltools.gnu-tools-for-stm32.10.3-2021.10.win32_1.0.0.202111181127/tools/bin/../lib/gcc/arm-none-eabi/10.3.1/../../../../arm-none-eabi/lib/thumb/v7e-m+dp/hard\libc_nano.a(lib_a-impure.o)
 .ARM.attributes
                0x000000000000071a       0x32 c:/myprogram/st/stm32cubeide_1.8.0/stm32cubeide/plugins/com.st.stm32cube.ide.mcu.externaltools.gnu-tools-for-stm32.10.3-2021.10.win32_1.0.0.202111181127/tools/bin/../lib/gcc/arm-none-eabi/10.3.1/../../../../arm-none-eabi/lib/thumb/v7e-m+dp/hard\libc_nano.a(lib_a-init.o)
 .ARM.attributes
                0x000000000000074c       0x32 c:/myprogram/st/stm32cubeide_1.8.0/stm32cubeide/plugins/com.st.stm32cube.ide.mcu.externaltools.gnu-tools-for-stm32.10.3-2021.10.win32_1.0.0.202111181127/tools/bin/../lib/gcc/arm-none-eabi/10.3.1/../../../../arm-none-eabi/lib/thumb/v7e-m+dp/hard\libc_nano.a(lib_a-memcpy-stub.o)
 .ARM.attributes
                0x000000000000077e       0x32 c:/myprogram/st/stm32cubeide_1.8.0/stm32cubeide/plugins/com.st.stm32cube.ide.mcu.externaltools.gnu-tools-for-stm32.10.3-2021.10.win32_1.0.0.202111181127/tools/bin/../lib/gcc/arm-none-eabi/10.3.1/../../../../arm-none-eabi/lib/thumb/v7e-m+dp/hard\libc_nano.a(lib_a-memset.o)
 .ARM.attributes
                0x00000000000007b0       0x32 c:/myprogram/st/stm32cubeide_1.8.0/stm32cubeide/plugins/com.st.stm32cube.ide.mcu.externaltools.gnu-tools-for-stm32.10.3-2021.10.win32_1.0.0.202111181127/tools/bin/../lib/gcc/arm-none-eabi/10.3.1/../../../../arm-none-eabi/lib/thumb/v7e-m+dp/hard\libc_nano.a(lib_a-vsnprintf.o)
 .ARM.attributes
                0x00000000000007e2       0x32 c:/myprogram/st/stm32cubeide_1.8.0/stm32cubeide/plugins/com.st.stm32cube.ide.mcu.externaltools.gnu-tools-for-stm32.10.3-2021.10.win32_1.0.0.202111181127/tools/bin/../lib/gcc/arm-none-eabi/10.3.1/../../../../arm-none-eabi/lib/thumb/v7e-m+dp/hard\libc_nano.a(lib_a-nano-svfprintf.o)
 .ARM.attributes
                0x0000000000000814       0x32 c:/myprogram/st/stm32cubeide_1.8.0/stm32cubeide/plugins/com.st.stm32cube.ide.mcu.externaltools.gnu-tools-for-stm32.10.3-2021.10.win32_1.0.0.202111181127/tools/bin/../lib/gcc/arm-none-eabi/10.3.1/../../../../arm-none-eabi/lib/thumb/v7e-m+dp/hard\libc_nano.a(lib_a-nano-vfprintf_i.o)
 .ARM.attributes
                0x0000000000000846       0x1c c:/myprogram/st/stm32cubeide_1.8.0/stm32cubeide/plugins/com.st.stm32cube.ide.mcu.externaltools.gnu-tools-for-stm32.10.3-2021.10.win32_1.0.0.202111181127/tools/bin/../lib/gcc/arm-none-eabi/10.3.1/../../../../arm-none-eabi/lib/thumb/v7e-m+dp/hard\libc_nano.a(lib_a-memchr.o)
 .ARM.attributes
                0x0000000000000862       0x32 c:/myprogram/st/stm32cubeide_1.8.0/stm32cubeide/plugins/com.st.stm32cube.ide.mcu.externaltools.gnu-tools-for-stm32.10.3-2021.10.win32_1.0.0.202111181127/tools/bin/../lib/gcc/arm-none-eabi/10.3.1/../../../../arm-none-eabi/lib/thumb/v7e-m+dp/hard\libc_nano.a(lib_a-memmove.o)
 .ARM.attributes
                0x0000000000000894       0x32 c:/myprogram/st/stm32cubeide_1.8.0/stm32cubeide/plugins/com.st.stm32cube.ide.mcu.externaltools.gnu-tools-for-stm32.10.3-2021.10.win32_1.0.0.202111181127/tools/bin/../lib/gcc/arm-none-eabi/10.3.1/../../../../arm-none-eabi/lib/thumb/v7e-m+dp/hard\libc_nano.a(lib_a-nano-freer.o)
 .ARM.attributes
                0x00000000000008c6       0x32 c:/myprogram/st/stm32cubeide_1.8.0/stm32cubeide/plugins/com.st.stm32cube.ide.mcu.externaltools.gnu-tools-for-stm32.10.3-2021.10.win32_1.0.0.202111181127/tools/bin/../lib/gcc/arm-none-eabi/10.3.1/../../../../arm-none-eabi/lib/thumb/v7e-m+dp/hard\libc_nano.a(lib_a-nano-mallocr.o)
 .ARM.attributes
                0x00000000000008f8       0x32 c:/myprogram/st/stm32cubeide_1.8.0/stm32cubeide/plugins/com.st.stm32cube.ide.mcu.externaltools.gnu-tools-for-stm32.10.3-2021.10.win32_1.0.0.202111181127/tools/bin/../lib/gcc/arm-none-eabi/10.3.1/../../../../arm-none-eabi/lib/thumb/v7e-m+dp/hard\libc_nano.a(lib_a-nano-reallocr.o)
 .ARM.attributes