../USB_DEVICE/App/usbd_cdc_if.c:152:15:CDC_Init_FS	8	static
../USB_DEVICE/App/usbd_cdc_if.c:166:15:CDC_DeInit_FS	4	static
../USB_DEVICE/App/usbd_cdc_if.c:180:15:CDC_Control_FS	16	static
../USB_DEVICE/App/usbd_cdc_if.c:261:15:CDC_Receive_FS	32	static
../USB_DEVICE/App/usbd_cdc_if.c:312:9:CDC_Transmit_FS	24	static
../USB_DEVICE/App/usbd_cdc_if.c:338:15:CDC_TransmitCplt_FS	32	static
../USB_DEVICE/App/usbd_cdc_if.c:350:9:usb_debug	16	static
../USB_DEVICE/App/usbd_cdc_if.c:362:10:find_head	32	static
../USB_DEVICE/App/usbd_cdc_if.c:400:10:find_tail	32	static
