../USB_DEVICE/App/usbd_cdc_if.c:167:15:CDC_DeInit_FS	0	static
../USB_DEVICE/App/usbd_cdc_if.c:181:15:CDC_Control_FS	0	static
../USB_DEVICE/App/usbd_cdc_if.c:340:15:CDC_TransmitCplt_FS	0	static
../USB_DEVICE/App/usbd_cdc_if.c:153:15:CDC_Init_FS	8	static
../USB_DEVICE/App/usbd_cdc_if.c:313:9:CDC_Transmit_FS	8	static
../USB_DEVICE/App/usbd_cdc_if.c:352:9:usb_debug	16	static
../USB_DEVICE/App/usbd_cdc_if.c:364:10:find_head	16	static
../USB_DEVICE/App/usbd_cdc_if.c:402:10:find_tail	16	static
../USB_DEVICE/App/usbd_cdc_if.c:262:15:CDC_Receive_FS	16	static
