22:09:42 **** Incremental Build of configuration Debug for project fft_process ****
make -j8 all 
arm-none-eabi-gcc "../FFT/fft.c" -mcpu=cortex-m7 -std=gnu11 -g3 -DDEBUG -DARM_MATH_CM7 -DUSE_HAL_DRIVER -DSTM32H750xx -D__TARGET_FPU_VFP -c -I../FFT -I../Core/Inc -I../Drivers/STM32H7xx_HAL_Driver/Inc -I../Drivers/STM32H7xx_HAL_Driver/Inc/Legacy -I../Drivers/CMSIS/Device/ST/STM32H7xx/Include -I../Drivers/CMSIS/Include -I../USB_DEVICE/App -I../USB_DEVICE/Target -I../Middlewares/ST/STM32_USB_Device_Library/Core/Inc -I../Middlewares/ST/STM32_USB_Device_Library/Class/CDC/Inc -I"C:/Users/zhangrun/OneDrive/my_doc/project/graduate_design/graduatedesign/code/stm32/fft_process/CMSIS_DSP/Include" -O0 -ffunction-sections -fdata-sections -Wall -fstack-usage -MMD -MP -MF"FFT/fft.d" -MT"FFT/fft.o" --specs=nano.specs -mfpu=fpv5-d16 -mfloat-abi=hard -mthumb -o "FFT/fft.o"
../FFT/fft.c:4:18: warning: 'fft_outputbuf' defined but not used [-Wunused-variable]
    4 | static float32_t fft_outputbuf[FFT_LENGTH];
      |                  ^~~~~~~~~~~~~
arm-none-eabi-gcc -o "fft_process.elf" @"objects.list"  -larm_cortexM7lfdp_math -mcpu=cortex-m7 -T"C:\Users\zhangrun\OneDrive\my_doc\project\graduate_design\graduatedesign\code\stm32\fft_process\STM32H750VBTX_FLASH.ld" --specs=nosys.specs -Wl,-Map="fft_process.map" -Wl,--gc-sections -static -L"C:\Users\zhangrun\OneDrive\my_doc\project\graduate_design\graduatedesign\code\stm32\fft_process\CMSIS_DSP\GCC" --specs=nano.specs -mfpu=fpv5-d16 -mfloat-abi=hard -mthumb -Wl,--start-group -lc -lm -Wl,--end-group
гд???????????гд??????????? fft_process.elf
 
arm-none-eabi-size   fft_process.elf 
arm-none-eabi-objdump -h -S  fft_process.elf  > "fft_process.list"
arm-none-eabi-objcopy  -O ihex  fft_process.elf  "fft_process.hex"
   text	   data	    bss	    dec	    hex	filename
  73340	    364	  45124	 118828	  1d02c	fft_process.elf
arm-none-eabi-objcopy  -O binary  fft_process.elf  "fft_process.bin"
гд???????????гд????? default.size.stdout
 
гд???????????гд????? fft_process.bin
гд???????????гд????? fft_process.hex
 
 
гд???????????гд????? fft_process.list
 
22:09:50 **** Incremental Build of configuration Debug for project fft_process ****
make -j8 all 
arm-none-eabi-size   fft_process.elf 
   text	   data	    bss	    dec	    hex	filename
  73340	    364	  45124	 118828	  1d02c	fft_process.elf
гд???????????гд????? default.size.stdout
 
