Archive member included to satisfy reference by file (symbol)

c:/myprogram/st/stm32cubeide_1.8.0/stm32cubeide/plugins/com.st.stm32cube.ide.mcu.externaltools.gnu-tools-for-stm32.10.3-2021.10.win32_1.0.0.202111181127/tools/bin/../lib/gcc/arm-none-eabi/10.3.1/../../../../arm-none-eabi/lib/thumb/v7e-m+dp/hard\libc.a(lib_a-errno.o)
                              ./Core/Src/syscalls.o (__errno)
c:/myprogram/st/stm32cubeide_1.8.0/stm32cubeide/plugins/com.st.stm32cube.ide.mcu.externaltools.gnu-tools-for-stm32.10.3-2021.10.win32_1.0.0.202111181127/tools/bin/../lib/gcc/arm-none-eabi/10.3.1/../../../../arm-none-eabi/lib/thumb/v7e-m+dp/hard\libc.a(lib_a-exit.o)
                              c:/myprogram/st/stm32cubeide_1.8.0/stm32cubeide/plugins/com.st.stm32cube.ide.mcu.externaltools.gnu-tools-for-stm32.10.3-2021.10.win32_1.0.0.202111181127/tools/bin/../lib/gcc/arm-none-eabi/10.3.1/../../../../arm-none-eabi/lib/thumb/v7e-m+dp/hard/crt0.o (exit)
c:/myprogram/st/stm32cubeide_1.8.0/stm32cubeide/plugins/com.st.stm32cube.ide.mcu.externaltools.gnu-tools-for-stm32.10.3-2021.10.win32_1.0.0.202111181127/tools/bin/../lib/gcc/arm-none-eabi/10.3.1/../../../../arm-none-eabi/lib/thumb/v7e-m+dp/hard\libc.a(lib_a-impure.o)
                              c:/myprogram/st/stm32cubeide_1.8.0/stm32cubeide/plugins/com.st.stm32cube.ide.mcu.externaltools.gnu-tools-for-stm32.10.3-2021.10.win32_1.0.0.202111181127/tools/bin/../lib/gcc/arm-none-eabi/10.3.1/../../../../arm-none-eabi/lib/thumb/v7e-m+dp/hard\libc.a(lib_a-exit.o) (_global_impure_ptr)
c:/myprogram/st/stm32cubeide_1.8.0/stm32cubeide/plugins/com.st.stm32cube.ide.mcu.externaltools.gnu-tools-for-stm32.10.3-2021.10.win32_1.0.0.202111181127/tools/bin/../lib/gcc/arm-none-eabi/10.3.1/../../../../arm-none-eabi/lib/thumb/v7e-m+dp/hard\libc.a(lib_a-init.o)
                              c:/myprogram/st/stm32cubeide_1.8.0/stm32cubeide/plugins/com.st.stm32cube.ide.mcu.externaltools.gnu-tools-for-stm32.10.3-2021.10.win32_1.0.0.202111181127/tools/bin/../lib/gcc/arm-none-eabi/10.3.1/../../../../arm-none-eabi/lib/thumb/v7e-m+dp/hard/crt0.o (__libc_init_array)
c:/myprogram/st/stm32cubeide_1.8.0/stm32cubeide/plugins/com.st.stm32cube.ide.mcu.externaltools.gnu-tools-for-stm32.10.3-2021.10.win32_1.0.0.202111181127/tools/bin/../lib/gcc/arm-none-eabi/10.3.1/../../../../arm-none-eabi/lib/thumb/v7e-m+dp/hard\libc.a(lib_a-memset.o)
                              c:/myprogram/st/stm32cubeide_1.8.0/stm32cubeide/plugins/com.st.stm32cube.ide.mcu.externaltools.gnu-tools-for-stm32.10.3-2021.10.win32_1.0.0.202111181127/tools/bin/../lib/gcc/arm-none-eabi/10.3.1/../../../../arm-none-eabi/lib/thumb/v7e-m+dp/hard/crt0.o (memset)
c:/myprogram/st/stm32cubeide_1.8.0/stm32cubeide/plugins/com.st.stm32cube.ide.mcu.externaltools.gnu-tools-for-stm32.10.3-2021.10.win32_1.0.0.202111181127/tools/bin/../lib/gcc/arm-none-eabi/10.3.1/../../../../arm-none-eabi/lib/thumb/v7e-m+dp/hard\libc.a(lib_a-vsnprintf.o)
                              ./USB_DEVICE/App/usbd_cdc_if.o (vsnprintf)
c:/myprogram/st/stm32cubeide_1.8.0/stm32cubeide/plugins/com.st.stm32cube.ide.mcu.externaltools.gnu-tools-for-stm32.10.3-2021.10.win32_1.0.0.202111181127/tools/bin/../lib/gcc/arm-none-eabi/10.3.1/../../../../arm-none-eabi/lib/thumb/v7e-m+dp/hard\libc.a(lib_a-__call_atexit.o)
                              c:/myprogram/st/stm32cubeide_1.8.0/stm32cubeide/plugins/com.st.stm32cube.ide.mcu.externaltools.gnu-tools-for-stm32.10.3-2021.10.win32_1.0.0.202111181127/tools/bin/../lib/gcc/arm-none-eabi/10.3.1/../../../../arm-none-eabi/lib/thumb/v7e-m+dp/hard\libc.a(lib_a-exit.o) (__call_exitprocs)
c:/myprogram/st/stm32cubeide_1.8.0/stm32cubeide/plugins/com.st.stm32cube.ide.mcu.externaltools.gnu-tools-for-stm32.10.3-2021.10.win32_1.0.0.202111181127/tools/bin/../lib/gcc/arm-none-eabi/10.3.1/../../../../arm-none-eabi/lib/thumb/v7e-m+dp/hard\libc.a(lib_a-atexit.o)
                              c:/myprogram/st/stm32cubeide_1.8.0/stm32cubeide/plugins/com.st.stm32cube.ide.mcu.externaltools.gnu-tools-for-stm32.10.3-2021.10.win32_1.0.0.202111181127/tools/bin/../lib/gcc/arm-none-eabi/10.3.1/../../../../arm-none-eabi/lib/thumb/v7e-m+dp/hard\libc.a(lib_a-__call_atexit.o) (atexit)
c:/myprogram/st/stm32cubeide_1.8.0/stm32cubeide/plugins/com.st.stm32cube.ide.mcu.externaltools.gnu-tools-for-stm32.10.3-2021.10.win32_1.0.0.202111181127/tools/bin/../lib/gcc/arm-none-eabi/10.3.1/../../../../arm-none-eabi/lib/thumb/v7e-m+dp/hard\libc.a(lib_a-fini.o)
                              c:/myprogram/st/stm32cubeide_1.8.0/stm32cubeide/plugins/com.st.stm32cube.ide.mcu.externaltools.gnu-tools-for-stm32.10.3-2021.10.win32_1.0.0.202111181127/tools/bin/../lib/gcc/arm-none-eabi/10.3.1/../../../../arm-none-eabi/lib/thumb/v7e-m+dp/hard\libc.a(lib_a-__call_atexit.o) (__libc_fini_array)
[...]
Memory Configuration

Name             Origin             Length             Attributes
FLASH            0x0000000008000000 0x0000000000020000 xr
DTCMRAM          0x0000000020000000 0x0000000000020000 xrw
RAM_D1           0x0000000024000000 0x0000000000080000 xrw
RAM_D2           0x0000000030000000 0x0000000000048000 xrw
RAM_D3           0x0000000038000000 0x0000000000010000 xrw
ITCMRAM          0x0000000000000000 0x0000000000010000 xrw
*default*        0x0000000000000000 0xffffffffffffffff

Linker script and memory map

LOAD c:/myprogram/st/stm32cubeide_1.8.0/stm32cubeide/plugins/com.st.stm32cube.ide.mcu.externaltools.gnu-tools-for-stm32.10.3-2021.10.win32_1.0.0.202111181127/tools/bin/../lib/gcc/arm-none-eabi/10.3.1/thumb/v7e-m+dp/hard/crti.o
LOAD c:/myprogram/st/stm32cubeide_1.8.0/stm32cubeide/plugins/com.st.stm32cube.ide.mcu.externaltools.gnu-tools-for-stm32.10.3-2021.10.win32_1.0.0.202111181127/tools/bin/../lib/gcc/arm-none-eabi/10.3.1/thumb/v7e-m+dp/hard/crtbegin.o
LOAD c:/myprogram/st/stm32cubeide_1.8.0/stm32cubeide/plugins/com.st.stm32cube.ide.mcu.externaltools.gnu-tools-for-stm32.10.3-2021.10.win32_1.0.0.202111181127/tools/bin/../lib/gcc/arm-none-eabi/10.3.1/../../../../arm-none-eabi/lib/thumb/v7e-m+dp/hard/crt0.o
LOAD ./Core/Src/gpio.o
LOAD ./Core/Src/main.o
LOAD ./Core/Src/stm32h7xx_hal_msp.o
LOAD ./Core/Src/stm32h7xx_it.o
LOAD ./Core/Src/syscalls.o
LOAD ./Core/Src/sysmem.o
LOAD ./Core/Src/system_stm32h7xx.o
LOAD ./Core/Startup/startup_stm32h750vbtx.o
LOAD ./Drivers/STM32H7xx_HAL_Driver/Src/stm32h7xx_hal.o
LOAD ./Drivers/STM32H7xx_HAL_Driver/Src/stm32h7xx_hal_cortex.o
LOAD ./Drivers/STM32H7xx_HAL_Driver/Src/stm32h7xx_hal_dma.o
LOAD ./Drivers/STM32H7xx_HAL_Driver/Src/stm32h7xx_hal_dma_ex.o
LOAD ./Drivers/STM32H7xx_HAL_Driver/Src/stm32h7xx_hal_exti.o
LOAD ./Drivers/STM32H7xx_HAL_Driver/Src/stm32h7xx_hal_flash.o
LOAD ./Drivers/STM32H7xx_HAL_Driver/Src/stm32h7xx_hal_flash_ex.o
LOAD ./Drivers/STM32H7xx_HAL_Driver/Src/stm32h7xx_hal_gpio.o
LOAD ./Drivers/STM32H7xx_HAL_Driver/Src/stm32h7xx_hal_hsem.o
LOAD ./Drivers/STM32H7xx_HAL_Driver/Src/stm32h7xx_hal_i2c.o
LOAD ./Drivers/STM32H7xx_HAL_Driver/Src/stm32h7xx_hal_i2c_ex.o
LOAD ./Drivers/STM32H7xx_HAL_Driver/Src/stm32h7xx_hal_mdma.o
LOAD ./Drivers/STM32H7xx_HAL_Driver/Src/stm32h7xx_hal_pcd.o
LOAD ./Drivers/STM32H7xx_HAL_Driver/Src/stm32h7xx_hal_pcd_ex.o
LOAD ./Drivers/STM32H7xx_HAL_Driver/Src/stm32h7xx_hal_pwr.o
LOAD ./Drivers/STM32H7xx_HAL_Driver/Src/stm32h7xx_hal_pwr_ex.o
LOAD ./Drivers/STM32H7xx_HAL_Driver/Src/stm32h7xx_hal_rcc.o
LOAD ./Drivers/STM32H7xx_HAL_Driver/Src/stm32h7xx_hal_rcc_ex.o
LOAD ./Drivers/STM32H7xx_HAL_Driver/Src/stm32h7xx_hal_tim.o
LOAD ./Drivers/STM32H7xx_HAL_Driver/Src/stm32h7xx_hal_tim_ex.o
LOAD ./Drivers/STM32H7xx_HAL_Driver/Src/stm32h7xx_ll_usb.o
LOAD ./Middlewares/ST/STM32_USB_Device_Library/Class/CDC/Src/usbd_cdc.o
LOAD ./Middlewares/ST/STM32_USB_Device_Library/Core/Src/usbd_core.o
LOAD ./Middlewares/ST/STM32_USB_Device_Library/Core/Src/usbd_ctlreq.o
LOAD ./Middlewares/ST/STM32_USB_Device_Library/Core/Src/usbd_ioreq.o
LOAD ./USB_DEVICE/App/usb_device.o
LOAD ./USB_DEVICE/App/usbd_cdc_if.o
LOAD ./USB_DEVICE/App/usbd_desc.o
LOAD ./USB_DEVICE/Target/usbd_conf.o
START GROUP
LOAD c:/myprogram/st/stm32cubeide_1.8.0/stm32cubeide/plugins/com.st.stm32cube.ide.mcu.externaltools.gnu-tools-for-stm32.10.3-2021.10.win32_1.0.0.202111181127/tools/bin/../lib/gcc/arm-none-eabi/10.3.1/../../../../arm-none-eabi/lib/thumb/v7e-m+dp/hard\libc.a
LOAD c:/myprogram/st/stm32cubeide_1.8.0/stm32cubeide/plugins/com.st.stm32cube.ide.mcu.externaltools.gnu-tools-for-stm32.10.3-2021.10.win32_1.0.0.202111181127/tools/bin/../lib/gcc/arm-none-eabi/10.3.1/../../../../arm-none-eabi/lib/thumb/v7e-m+dp/hard\libm.a
END GROUP
START GROUP
LOAD c:/myprogram/st/stm32cubeide_1.8.0/stm32cubeide/plugins/com.st.stm32cube.ide.mcu.externaltools.gnu-tools-for-stm32.10.3-2021.10.win32_1.0.0.202111181127/tools/bin/../lib/gcc/arm-none-eabi/10.3.1/thumb/v7e-m+dp/hard\libgcc.a
LOAD c:/myprogram/st/stm32cubeide_1.8.0/stm32cubeide/plugins/com.st.stm32cube.ide.mcu.externaltools.gnu-tools-for-stm32.10.3-2021.10.win32_1.0.0.202111181127/tools/bin/../lib/gcc/arm-none-eabi/10.3.1/../../../../arm-none-eabi/lib/thumb/v7e-m+dp/hard\libc.a
END GROUP
START GROUP
LOAD c:/myprogram/st/stm32cubeide_1.8.0/stm32cubeide/plugins/com.st.stm32cube.ide.mcu.externaltools.gnu-tools-for-stm32.10.3-2021.10.win32_1.0.0.202111181127/tools/bin/../lib/gcc/arm-none-eabi/10.3.1/thumb/v7e-m+dp/hard\libgcc.a
LOAD c:/myprogram/st/stm32cubeide_1.8.0/stm32cubeide/plugins/com.st.stm32cube.ide.mcu.externaltools.gnu-tools-for-stm32.10.3-2021.10.win32_1.0.0.202111181127/tools/bin/../lib/gcc/arm-none-eabi/10.3.1/../../../../arm-none-eabi/lib/thumb/v7e-m+dp/hard\libc.a
LOAD c:/myprogram/st/stm32cubeide_1.8.0/stm32cubeide/plugins/com.st.stm32cube.ide.mcu.externaltools.gnu-tools-for-stm32.10.3-2021.10.win32_1.0.0.202111181127/tools/bin/../lib/gcc/arm-none-eabi/10.3.1/../../../../arm-none-eabi/lib/thumb/v7e-m+dp/hard\libnosys.a
END GROUP
LOAD c:/myprogram/st/stm32cubeide_1.8.0/stm32cubeide/plugins/com.st.stm32cube.ide.mcu.externaltools.gnu-tools-for-stm32.10.3-2021.10.win32_1.0.0.202111181127/tools/bin/../lib/gcc/arm-none-eabi/10.3.1/thumb/v7e-m+dp/hard/crtend.o
LOAD c:/myprogram/st/stm32cubeide_1.8.0/stm32cubeide/plugins/com.st.stm32cube.ide.mcu.externaltools.gnu-tools-for-stm32.10.3-2021.10.win32_1.0.0.202111181127/tools/bin/../lib/gcc/arm-none-eabi/10.3.1/thumb/v7e-m+dp/hard/crtn.o
                0x0000000024080000                _estack = (ORIGIN (RAM_D1) + LENGTH (RAM_D1))
                0x0000000000003000                _Min_Heap_Size = 0x3000
                0x0000000000000400                _Min_Stack_Size = 0x400

.isr_vector     0x0000000008000000      0x298
                0x0000000008000000                . = ALIGN (0x4)
 *(.isr_vector)
 .isr_vector    0x0000000008000000      0x298 ./Core/Startup/startup_stm32h750vbtx.o
                0x0000000008000000                g_pfnVectors
                0x0000000008000298                . = ALIGN (0x4)

.text           0x00000000080002a0     0xd3dc
                0x00000000080002a0                . = ALIGN (0x4)
 *(.text)
 .text          0x00000000080002a0       0x40 c:/myprogram/st/stm32cubeide_1.8.0/stm32cubeide/plugins/com.st.stm32cube.ide.mcu.externaltools.gnu-tools-for-stm32.10.3-2021.10.win32_1.0.0.202111181127/tools/bin/../lib/gcc/arm-none-eabi/10.3.1/thumb/v7e-m+dp/hard/crtbegin.o
 .text          0x00000000080002e0       0xa0 c:/myprogram/st/stm32cubeide_1.8.0/stm32cubeide/plugins/com.st.stm32cube.ide.mcu.externaltools.gnu-tools-for-stm32.10.3-2021.10.win32_1.0.0.202111181127/tools/bin/../lib/gcc/arm-none-eabi/10.3.1/../../../../arm-none-eabi/lib/thumb/v7e-m+dp/hard\libc.a(lib_a-memchr.o)
                0x00000000080002e0                memchr
 .text          0x0000000008000380       0x10 c:/myprogram/st/stm32cubeide_1.8.0/stm32cubeide/plugins/com.st.stm32cube.ide.mcu.externaltools.gnu-tools-for-stm32.10.3-2021.10.win32_1.0.0.202111181127/tools/bin/../lib/gcc/arm-none-eabi/10.3.1/../../../../arm-none-eabi/lib/thumb/v7e-m+dp/hard\libc.a(lib_a-strlen.o)
                0x0000000008000380                strlen
 .text          0x0000000008000390       0x30 c:/myprogram/st/stm32cubeide_1.8.0/stm32cubeide/plugins/com.st.stm32cube.ide.mcu.externaltools.gnu-tools-for-stm32.10.3-2021.10.win32_1.0.0.202111181127/tools/bin/../lib/gcc/arm-none-eabi/10.3.1/thumb/v7e-m+dp/hard\libgcc.a(_aeabi_uldivmod.o)
                0x0000000008000390                __aeabi_uldivmod
 .text          0x00000000080003c0      0x2d0 c:/myprogram/st/stm32cubeide_1.8.0/stm32cubeide/plugins/com.st.stm32cube.ide.mcu.externaltools.gnu-tools-for-stm32.10.3-2021.10.win32_1.0.0.202111181127/tools/bin/../lib/gcc/arm-none-eabi/10.3.1/thumb/v7e-m+dp/hard\libgcc.a(_udivmoddi4.o)
                0x00000000080003c0                __udivmoddi4
 .text          0x0000000008000690        0x4 c:/myprogram/st/stm32cubeide_1.8.0/stm32cubeide/plugins/com.st.stm32cube.ide.mcu.externaltools.gnu-tools-for-stm32.10.3-2021.10.win32_1.0.0.202111181127/tools/bin/../lib/gcc/arm-none-eabi/10.3.1/thumb/v7e-m+dp/hard\libgcc.a(_dvmd_tls.o)
                0x0000000008000690                __aeabi_idiv0
                0x0000000008000690                __aeabi_ldiv0
 *(.text*)
 .text.MX_GPIO_Init
                0x0000000008000694       0x70 ./Core/Src/gpio.o
                0x0000000008000694                MX_GPIO_Init
 .text.main     0x0000000008000704       0x16 ./Core/Src/main.o
                0x0000000008000704                main
 *fill*         0x000000000800071a        0x2 
 .text.SystemClock_Config
                0x000000000800071c      0x10c ./Core/Src/main.o
                0x000000000800071c                SystemClock_Config
 .text.Error_Handler
                0x0000000008000828        0xa ./Core/Src/main.o
                0x0000000008000828                Error_Handler
 *fill*         0x0000000008000832        0x2 
 .text.HAL_MspInit
                0x0000000008000834       0x34 ./Core/Src/stm32h7xx_hal_msp.o
                0x0000000008000834                HAL_MspInit
 .text.NMI_Handler
                0x0000000008000868        0x6 ./Core/Src/stm32h7xx_it.o
                0x0000000008000868                NMI_Handler
 .text.HardFault_Handler
                0x000000000800086e        0x6 ./Core/Src/stm32h7xx_it.o
                0x000000000800086e                HardFault_Handler
 .text.MemManage_Handler
                0x0000000008000874        0x6 ./Core/Src/stm32h7xx_it.o
                0x0000000008000874                MemManage_Handler
 .text.BusFault_Handler
                0x000000000800087a        0x6 ./Core/Src/stm32h7xx_it.o
                0x000000000800087a                BusFault_Handler
 .text.UsageFault_Handler
                0x0000000008000880        0x6 ./Core/Src/stm32h7xx_it.o
                0x0000000008000880                UsageFault_Handler
 .text.SVC_Handler
                0x0000000008000886        0xe ./Core/Src/stm32h7xx_it.o
                0x0000000008000886                SVC_Handler
 .text.DebugMon_Handler
                0x0000000008000894        0xe ./Core/Src/stm32h7xx_it.o
                0x0000000008000894                DebugMon_Handler
 .text.PendSV_Handler
                0x00000000080008a2        0xe ./Core/Src/stm32h7xx_it.o
                0x00000000080008a2                PendSV_Handler
 .text.SysTick_Handler
                0x00000000080008b0        0xc ./Core/Src/stm32h7xx_it.o
                0x00000000080008b0                SysTick_Handler
 .text.OTG_FS_IRQHandler
                0x00000000080008bc       0x14 ./Core/Src/stm32h7xx_it.o
                0x00000000080008bc                OTG_FS_IRQHandler
 .text._getpid  0x00000000080008d0       0x10 ./Core/Src/syscalls.o
                0x00000000080008d0                _getpid
 .text._kill    0x00000000080008e0       0x20 ./Core/Src/syscalls.o
                0x00000000080008e0                _kill
 .text._exit    0x0000000008000900       0x14 ./Core/Src/syscalls.o
                0x0000000008000900                _exit
 .text._read    0x0000000008000914       0x3a ./Core/Src/syscalls.o
                0x0000000008000914                _read
 .text._write   0x000000000800094e       0x38 ./Core/Src/syscalls.o
                0x000000000800094e                _write
 .text._close   0x0000000008000986       0x18 ./Core/Src/syscalls.o
                0x0000000008000986                _close
 .text._fstat   0x000000000800099e       0x20 ./Core/Src/syscalls.o
                0x000000000800099e                _fstat
 .text._isatty  0x00000000080009be       0x16 ./Core/Src/syscalls.o
                0x00000000080009be                _isatty
 .text._lseek   0x00000000080009d4       0x1a ./Core/Src/syscalls.o
                0x00000000080009d4                _lseek
 *fill*         0x00000000080009ee        0x2 
 .text._sbrk    0x00000000080009f0       0x6c ./Core/Src/sysmem.o
                0x00000000080009f0                _sbrk
 .text.SystemInit
                0x0000000008000a5c      0x110 ./Core/Src/system_stm32h7xx.o
                0x0000000008000a5c                SystemInit
 .text.Reset_Handler
                0x0000000008000b6c       0x50 ./Core/Startup/startup_stm32h750vbtx.o
                0x0000000008000b6c                Reset_Handler
 .text.Default_Handler
                0x0000000008000bbc        0x2 ./Core/Startup/startup_stm32h750vbtx.o
                0x0000000008000bbc                RTC_Alarm_IRQHandler
                0x0000000008000bbc                HASH_RNG_IRQHandler
                0x0000000008000bbc                EXTI2_IRQHandler
                0x0000000008000bbc                TIM8_CC_IRQHandler
                0x0000000008000bbc                HRTIM1_Master_IRQHandler
                0x0000000008000bbc                UART8_IRQHandler
                0x0000000008000bbc                SPI4_IRQHandler
                0x0000000008000bbc                TIM1_CC_IRQHandler
                0x0000000008000bbc                BDMA_Channel6_IRQHandler
                0x0000000008000bbc                DMA2_Stream5_IRQHandler
                0x0000000008000bbc                HRTIM1_FLT_IRQHandler
                0x0000000008000bbc                JPEG_IRQHandler
                0x0000000008000bbc                DMA1_Stream5_IRQHandler
                0x0000000008000bbc                BDMA_Channel1_IRQHandler
                0x0000000008000bbc                HRTIM1_TIMD_IRQHandler
                0x0000000008000bbc                TAMP_STAMP_IRQHandler
                0x0000000008000bbc                EXTI3_IRQHandler
                0x0000000008000bbc                LPTIM4_IRQHandler
                0x0000000008000bbc                TIM8_TRG_COM_TIM14_IRQHandler
                0x0000000008000bbc                LPTIM2_IRQHandler
                0x0000000008000bbc                DFSDM1_FLT1_IRQHandler
                0x0000000008000bbc                DMAMUX2_OVR_IRQHandler
                0x0000000008000bbc                TIM8_UP_TIM13_IRQHandler
                0x0000000008000bbc                I2C3_ER_IRQHandler
                0x0000000008000bbc                DFSDM1_FLT2_IRQHandler
                0x0000000008000bbc                MDMA_IRQHandler
                0x0000000008000bbc                LPTIM3_IRQHandler
                0x0000000008000bbc                HSEM1_IRQHandler
                0x0000000008000bbc                EXTI0_IRQHandler
                0x0000000008000bbc                I2C2_EV_IRQHandler
                0x0000000008000bbc                DMA1_Stream2_IRQHandler
                0x0000000008000bbc                FPU_IRQHandler
                0x0000000008000bbc                OTG_HS_WKUP_IRQHandler
                0x0000000008000bbc                FDCAN1_IT1_IRQHandler
                0x0000000008000bbc                LTDC_ER_IRQHandler
                0x0000000008000bbc                DMA2_Stream2_IRQHandler
                0x0000000008000bbc                HRTIM1_TIME_IRQHandler
                0x0000000008000bbc                SPI1_IRQHandler
                0x0000000008000bbc                TIM6_DAC_IRQHandler
                0x0000000008000bbc                DCMI_IRQHandler
                0x0000000008000bbc                HRTIM1_TIMC_IRQHandler
                0x0000000008000bbc                DMA2_Stream3_IRQHandler
                0x0000000008000bbc                SAI2_IRQHandler
                0x0000000008000bbc                DFSDM1_FLT3_IRQHandler
                0x0000000008000bbc                USART6_IRQHandler
                0x0000000008000bbc                TIM17_IRQHandler
                0x0000000008000bbc                USART3_IRQHandler
                0x0000000008000bbc                BDMA_Channel7_IRQHandler
                0x0000000008000bbc                CRYP_IRQHandler
                0x0000000008000bbc                LPTIM5_IRQHandler
                0x0000000008000bbc                UART5_IRQHandler
                0x0000000008000bbc                ADC3_IRQHandler
                0x0000000008000bbc                DMA2_Stream0_IRQHandler
                0x0000000008000bbc                TIM4_IRQHandler
                0x0000000008000bbc                BDMA_Channel2_IRQHandler
                0x0000000008000bbc                QUADSPI_IRQHandler
                0x0000000008000bbc                I2C1_EV_IRQHandler
                0x0000000008000bbc                DMA1_Stream6_IRQHandler
                0x0000000008000bbc                DMAMUX1_OVR_IRQHandler
                0x0000000008000bbc                DMA1_Stream1_IRQHandler
                0x0000000008000bbc                TIM16_IRQHandler
                0x0000000008000bbc                UART4_IRQHandler
                0x0000000008000bbc                BDMA_Channel5_IRQHandler
                0x0000000008000bbc                TIM3_IRQHandler
                0x0000000008000bbc                RCC_IRQHandler
                0x0000000008000bbc                TIM8_BRK_TIM12_IRQHandler
                0x0000000008000bbc                TIM1_TRG_COM_IRQHandler
                0x0000000008000bbc                Default_Handler
                0x0000000008000bbc                ECC_IRQHandler
                0x0000000008000bbc                CEC_IRQHandler
                0x0000000008000bbc                EXTI15_10_IRQHandler
                0x0000000008000bbc                BDMA_Channel0_IRQHandler
                0x0000000008000bbc                ADC_IRQHandler
                0x0000000008000bbc                DMA1_Stream7_IRQHandler
                0x0000000008000bbc                HRTIM1_TIMA_IRQHandler
                0x0000000008000bbc                SPI5_IRQHandler
                0x0000000008000bbc                TIM7_IRQHandler
                0x0000000008000bbc                SDMMC1_IRQHandler
                0x0000000008000bbc                TIM5_IRQHandler
                0x0000000008000bbc                DMA2_Stream7_IRQHandler
                0x0000000008000bbc                TIM15_IRQHandler
                0x0000000008000bbc                PVD_AVD_IRQHandler
                0x0000000008000bbc                I2C3_EV_IRQHandler
                0x0000000008000bbc                EXTI9_5_IRQHandler
                0x0000000008000bbc                RTC_WKUP_IRQHandler
                0x0000000008000bbc                LTDC_IRQHandler
                0x0000000008000bbc                SAI3_IRQHandler
                0x0000000008000bbc                ETH_WKUP_IRQHandler
                0x0000000008000bbc                SPDIF_RX_IRQHandler
                0x0000000008000bbc                SPI2_IRQHandler
                0x0000000008000bbc                OTG_HS_EP1_IN_IRQHandler
                0x0000000008000bbc                DMA1_Stream0_IRQHandler
                0x0000000008000bbc                CRS_IRQHandler
                0x0000000008000bbc                EXTI4_IRQHandler
                0x0000000008000bbc                HRTIM1_TIMB_IRQHandler
                0x0000000008000bbc                FDCAN2_IT1_IRQHandler
                0x0000000008000bbc                ETH_IRQHandler
                0x0000000008000bbc                TIM1_UP_IRQHandler
                0x0000000008000bbc                BDMA_Channel4_IRQHandler
                0x0000000008000bbc                OTG_HS_EP1_OUT_IRQHandler
                0x0000000008000bbc                WWDG_IRQHandler
                0x0000000008000bbc                SPI6_IRQHandler
                0x0000000008000bbc                MDIOS_IRQHandler
                0x0000000008000bbc                I2C4_EV_IRQHandler
                0x0000000008000bbc                FDCAN2_IT0_IRQHandler
                0x0000000008000bbc                LPUART1_IRQHandler
                0x0000000008000bbc                FDCAN1_IT0_IRQHandler
                0x0000000008000bbc                TIM2_IRQHandler
                0x0000000008000bbc                OTG_FS_WKUP_IRQHandler
                0x0000000008000bbc                OTG_HS_IRQHandler
                0x0000000008000bbc                DMA2D_IRQHandler
                0x0000000008000bbc                TIM1_BRK_IRQHandler
                0x0000000008000bbc                EXTI1_IRQHandler
                0x0000000008000bbc                SDMMC2_IRQHandler
                0x0000000008000bbc                OTG_FS_EP1_OUT_IRQHandler
                0x0000000008000bbc                BDMA_Channel3_IRQHandler
                0x0000000008000bbc                UART7_IRQHandler
                0x0000000008000bbc                MDIOS_WKUP_IRQHandler
                0x0000000008000bbc                USART2_IRQHandler
                0x0000000008000bbc                DFSDM1_FLT0_IRQHandler
                0x0000000008000bbc                SAI4_IRQHandler
                0x0000000008000bbc                I2C2_ER_IRQHandler
                0x0000000008000bbc                DMA2_Stream1_IRQHandler
                0x0000000008000bbc                FLASH_IRQHandler
                0x0000000008000bbc                DMA2_Stream4_IRQHandler
                0x0000000008000bbc                USART1_IRQHandler
                0x0000000008000bbc                SPI3_IRQHandler
                0x0000000008000bbc                WAKEUP_PIN_IRQHandler
                0x0000000008000bbc                DMA1_Stream4_IRQHandler
                0x0000000008000bbc                OTG_FS_EP1_IN_IRQHandler
                0x0000000008000bbc                I2C1_ER_IRQHandler
                0x0000000008000bbc                FMC_IRQHandler
                0x0000000008000bbc                FDCAN_CAL_IRQHandler
                0x0000000008000bbc                SWPMI1_IRQHandler
                0x0000000008000bbc                COMP1_IRQHandler
                0x0000000008000bbc                LPTIM1_IRQHandler
                0x0000000008000bbc                I2C4_ER_IRQHandler
                0x0000000008000bbc                DMA2_Stream6_IRQHandler
                0x0000000008000bbc                SAI1_IRQHandler
                0x0000000008000bbc                DMA1_Stream3_IRQHandler
 *fill*         0x0000000008000bbe        0x2 
 .text.HAL_Init
                0x0000000008000bc0       0x78 ./Drivers/STM32H7xx_HAL_Driver/Src/stm32h7xx_hal.o
                0x0000000008000bc0                HAL_Init
 .text.HAL_InitTick
                0x0000000008000c38       0x6c ./Drivers/STM32H7xx_HAL_Driver/Src/stm32h7xx_hal.o
                0x0000000008000c38                HAL_InitTick
 .text.HAL_IncTick
                0x0000000008000ca4       0x28 ./Drivers/STM32H7xx_HAL_Driver/Src/stm32h7xx_hal.o
                0x0000000008000ca4                HAL_IncTick
 .text.HAL_GetTick
                0x0000000008000ccc       0x18 ./Drivers/STM32H7xx_HAL_Driver/Src/stm32h7xx_hal.o
                0x0000000008000ccc                HAL_GetTick
 .text.HAL_Delay
                0x0000000008000ce4       0x48 ./Drivers/STM32H7xx_HAL_Driver/Src/stm32h7xx_hal.o
                0x0000000008000ce4                HAL_Delay
 .text.HAL_GetREVID
                0x0000000008000d2c       0x18 ./Drivers/STM32H7xx_HAL_Driver/Src/stm32h7xx_hal.o
                0x0000000008000d2c                HAL_GetREVID
 .text.__NVIC_SetPriorityGrouping
                0x0000000008000d44       0x48 ./Drivers/STM32H7xx_HAL_Driver/Src/stm32h7xx_hal_cortex.o
 .text.__NVIC_GetPriorityGrouping
                0x0000000008000d8c       0x1c ./Drivers/STM32H7xx_HAL_Driver/Src/stm32h7xx_hal_cortex.o
 .text.__NVIC_EnableIRQ
                0x0000000008000da8       0x3c ./Drivers/STM32H7xx_HAL_Driver/Src/stm32h7xx_hal_cortex.o
 .text.__NVIC_SetPriority
                0x0000000008000de4       0x54 ./Drivers/STM32H7xx_HAL_Driver/Src/stm32h7xx_hal_cortex.o
 .text.NVIC_EncodePriority
                0x0000000008000e38       0x66 ./Drivers/STM32H7xx_HAL_Driver/Src/stm32h7xx_hal_cortex.o
 *fill*         0x0000000008000e9e        0x2 
 .text.SysTick_Config
                0x0000000008000ea0       0x44 ./Drivers/STM32H7xx_HAL_Driver/Src/stm32h7xx_hal_cortex.o
 .text.HAL_NVIC_SetPriorityGrouping
                0x0000000008000ee4       0x16 ./Drivers/STM32H7xx_HAL_Driver/Src/stm32h7xx_hal_cortex.o
                0x0000000008000ee4                HAL_NVIC_SetPriorityGrouping
 .text.HAL_NVIC_SetPriority
                0x0000000008000efa       0x34 ./Drivers/STM32H7xx_HAL_Driver/Src/stm32h7xx_hal_cortex.o
                0x0000000008000efa                HAL_NVIC_SetPriority
 .text.HAL_NVIC_EnableIRQ
                0x0000000008000f2e       0x1c ./Drivers/STM32H7xx_HAL_Driver/Src/stm32h7xx_hal_cortex.o
                0x0000000008000f2e                HAL_NVIC_EnableIRQ
 .text.HAL_SYSTICK_Config
                0x0000000008000f4a       0x18 ./Drivers/STM32H7xx_HAL_Driver/Src/stm32h7xx_hal_cortex.o
                0x0000000008000f4a                HAL_SYSTICK_Config
 *fill*         0x0000000008000f62        0x2 
 .text.HAL_GPIO_Init
                0x0000000008000f64      0x360 ./Drivers/STM32H7xx_HAL_Driver/Src/stm32h7xx_hal_gpio.o
                0x0000000008000f64                HAL_GPIO_Init
 .text.HAL_PCD_Init
                0x00000000080012c4      0x248 ./Drivers/STM32H7xx_HAL_Driver/Src/stm32h7xx_hal_pcd.o
                0x00000000080012c4                HAL_PCD_Init
 .text.HAL_PCD_Start
                0x000000000800150c       0x66 ./Drivers/STM32H7xx_HAL_Driver/Src/stm32h7xx_hal_pcd.o
                0x000000000800150c                HAL_PCD_Start
 .text.HAL_PCD_IRQHandler
                0x0000000008001572      0x998 ./Drivers/STM32H7xx_HAL_Driver/Src/stm32h7xx_hal_pcd.o
                0x0000000008001572                HAL_PCD_IRQHandler
 .text.HAL_PCD_SetAddress
                0x0000000008001f0a       0x4a ./Drivers/STM32H7xx_HAL_Driver/Src/stm32h7xx_hal_pcd.o
                0x0000000008001f0a                HAL_PCD_SetAddress
 .text.HAL_PCD_EP_Open
                0x0000000008001f54       0xd0 ./Drivers/STM32H7xx_HAL_Driver/Src/stm32h7xx_hal_pcd.o
                0x0000000008001f54                HAL_PCD_EP_Open
 .text.HAL_PCD_EP_Close
                0x0000000008002024       0x94 ./Drivers/STM32H7xx_HAL_Driver/Src/stm32h7xx_hal_pcd.o
                0x0000000008002024                HAL_PCD_EP_Close
 .text.HAL_PCD_EP_Receive
                0x00000000080020b8       0x96 ./Drivers/STM32H7xx_HAL_Driver/Src/stm32h7xx_hal_pcd.o
                0x00000000080020b8                HAL_PCD_EP_Receive
 .text.HAL_PCD_EP_GetRxCount
                0x000000000800214e       0x30 ./Drivers/STM32H7xx_HAL_Driver/Src/stm32h7xx_hal_pcd.o
                0x000000000800214e                HAL_PCD_EP_GetRxCount
 .text.HAL_PCD_EP_Transmit
                0x000000000800217e       0x94 ./Drivers/STM32H7xx_HAL_Driver/Src/stm32h7xx_hal_pcd.o
                0x000000000800217e                HAL_PCD_EP_Transmit
 .text.HAL_PCD_EP_SetStall
                0x0000000008002212       0xc8 ./Drivers/STM32H7xx_HAL_Driver/Src/stm32h7xx_hal_pcd.o
                0x0000000008002212                HAL_PCD_EP_SetStall
 .text.HAL_PCD_EP_ClrStall
                0x00000000080022da       0xac ./Drivers/STM32H7xx_HAL_Driver/Src/stm32h7xx_hal_pcd.o
                0x00000000080022da                HAL_PCD_EP_ClrStall
 .text.HAL_PCD_EP_Abort
                0x0000000008002386       0x62 ./Drivers/STM32H7xx_HAL_Driver/Src/stm32h7xx_hal_pcd.o
                0x0000000008002386                HAL_PCD_EP_Abort
 .text.PCD_WriteEmptyTxFifo
                0x00000000080023e8      0x11a ./Drivers/STM32H7xx_HAL_Driver/Src/stm32h7xx_hal_pcd.o
 *fill*         0x0000000008002502        0x2 
 .text.PCD_EP_OutXfrComplete_int
                0x0000000008002504      0x1d0 ./Drivers/STM32H7xx_HAL_Driver/Src/stm32h7xx_hal_pcd.o
 .text.PCD_EP_OutSetupPacket_int
                0x00000000080026d4       0x8c ./Drivers/STM32H7xx_HAL_Driver/Src/stm32h7xx_hal_pcd.o
 .text.HAL_PCDEx_SetTxFiFo
                0x0000000008002760       0x8e ./Drivers/STM32H7xx_HAL_Driver/Src/stm32h7xx_hal_pcd_ex.o
                0x0000000008002760                HAL_PCDEx_SetTxFiFo
 .text.HAL_PCDEx_SetRxFiFo
                0x00000000080027ee       0x22 ./Drivers/STM32H7xx_HAL_Driver/Src/stm32h7xx_hal_pcd_ex.o
                0x00000000080027ee                HAL_PCDEx_SetRxFiFo
 .text.HAL_PCDEx_ActivateLPM
                0x0000000008002810       0x48 ./Drivers/STM32H7xx_HAL_Driver/Src/stm32h7xx_hal_pcd_ex.o
                0x0000000008002810                HAL_PCDEx_ActivateLPM
 .text.HAL_PCDEx_LPM_Callback
                0x0000000008002858       0x18 ./Drivers/STM32H7xx_HAL_Driver/Src/stm32h7xx_hal_pcd_ex.o
                0x0000000008002858                HAL_PCDEx_LPM_Callback
 .text.HAL_PWREx_ConfigSupply
                0x0000000008002870       0x74 ./Drivers/STM32H7xx_HAL_Driver/Src/stm32h7xx_hal_pwr_ex.o
                0x0000000008002870                HAL_PWREx_ConfigSupply
 .text.HAL_PWREx_EnableUSBVoltageDetector
                0x00000000080028e4       0x20 ./Drivers/STM32H7xx_HAL_Driver/Src/stm32h7xx_hal_pwr_ex.o
                0x00000000080028e4                HAL_PWREx_EnableUSBVoltageDetector
 .text.HAL_RCC_OscConfig
                0x0000000008002904      0x85c ./Drivers/STM32H7xx_HAL_Driver/Src/stm32h7xx_hal_rcc.o
                0x0000000008002904                HAL_RCC_OscConfig
 .text.HAL_RCC_ClockConfig
                0x0000000008003160      0x36c ./Drivers/STM32H7xx_HAL_Driver/Src/stm32h7xx_hal_rcc.o
                0x0000000008003160                HAL_RCC_ClockConfig
 .text.HAL_RCC_EnableCSS
                0x00000000080034cc       0x20 ./Drivers/STM32H7xx_HAL_Driver/Src/stm32h7xx_hal_rcc.o
                0x00000000080034cc                HAL_RCC_EnableCSS
 .text.HAL_RCC_GetSysClockFreq
                0x00000000080034ec      0x2f4 ./Drivers/STM32H7xx_HAL_Driver/Src/stm32h7xx_hal_rcc.o
                0x00000000080034ec                HAL_RCC_GetSysClockFreq
 .text.HAL_RCC_GetHCLKFreq
                0x00000000080037e0       0x60 ./Drivers/STM32H7xx_HAL_Driver/Src/stm32h7xx_hal_rcc.o
                0x00000000080037e0                HAL_RCC_GetHCLKFreq
 .text.HAL_RCCEx_PeriphCLKConfig
                0x0000000008003840      0xe8c ./Drivers/STM32H7xx_HAL_Driver/Src/stm32h7xx_hal_rcc_ex.o
                0x0000000008003840                HAL_RCCEx_PeriphCLKConfig
 .text.RCCEx_PLL2_Config
                0x00000000080046cc      0x164 ./Drivers/STM32H7xx_HAL_Driver/Src/stm32h7xx_hal_rcc_ex.o
 .text.RCCEx_PLL3_Config
                0x0000000008004830      0x164 ./Drivers/STM32H7xx_HAL_Driver/Src/stm32h7xx_hal_rcc_ex.o
 .text.USB_CoreInit
                0x0000000008004994       0xdc ./Drivers/STM32H7xx_HAL_Driver/Src/stm32h7xx_ll_usb.o
                0x0000000008004994                USB_CoreInit
 .text.USB_SetTurnaroundTime
                0x0000000008004a70      0x144 ./Drivers/STM32H7xx_HAL_Driver/Src/stm32h7xx_ll_usb.o
                0x0000000008004a70                USB_SetTurnaroundTime
 .text.USB_EnableGlobalInt
                0x0000000008004bb4       0x22 ./Drivers/STM32H7xx_HAL_Driver/Src/stm32h7xx_ll_usb.o
                0x0000000008004bb4                USB_EnableGlobalInt
 .text.USB_DisableGlobalInt
                0x0000000008004bd6       0x22 ./Drivers/STM32H7xx_HAL_Driver/Src/stm32h7xx_ll_usb.o
                0x0000000008004bd6                USB_DisableGlobalInt
 .text.USB_SetCurrentMode
                0x0000000008004bf8       0x98 ./Drivers/STM32H7xx_HAL_Driver/Src/stm32h7xx_ll_usb.o
                0x0000000008004bf8                USB_SetCurrentMode
 .text.USB_DevInit
                0x0000000008004c90      0x2bc ./Drivers/STM32H7xx_HAL_Driver/Src/stm32h7xx_ll_usb.o
                0x0000000008004c90                USB_DevInit
 .text.USB_FlushTxFifo
                0x0000000008004f4c       0x68 ./Drivers/STM32H7xx_HAL_Driver/Src/stm32h7xx_ll_usb.o
                0x0000000008004f4c                USB_FlushTxFifo
 .text.USB_FlushRxFifo
                0x0000000008004fb4       0x60 ./Drivers/STM32H7xx_HAL_Driver/Src/stm32h7xx_ll_usb.o
                0x0000000008004fb4                USB_FlushRxFifo
 .text.USB_SetDevSpeed
                0x0000000008005014       0x32 ./Drivers/STM32H7xx_HAL_Driver/Src/stm32h7xx_ll_usb.o
                0x0000000008005014                USB_SetDevSpeed
 .text.USB_GetDevSpeed
                0x0000000008005046       0x4a ./Drivers/STM32H7xx_HAL_Driver/Src/stm32h7xx_ll_usb.o
                0x0000000008005046                USB_GetDevSpeed
 .text.USB_ActivateEndpoint
                0x0000000008005090      0x110 ./Drivers/STM32H7xx_HAL_Driver/Src/stm32h7xx_ll_usb.o
                0x0000000008005090                USB_ActivateEndpoint
 .text.USB_DeactivateEndpoint
                0x00000000080051a0      0x1b8 ./Drivers/STM32H7xx_HAL_Driver/Src/stm32h7xx_ll_usb.o
                0x00000000080051a0                USB_DeactivateEndpoint
 .text.USB_EPStartXfer
                0x0000000008005358      0x4a0 ./Drivers/STM32H7xx_HAL_Driver/Src/stm32h7xx_ll_usb.o
                0x0000000008005358                USB_EPStartXfer
 .text.USB_EP0StartXfer
                0x00000000080057f8      0x2b8 ./Drivers/STM32H7xx_HAL_Driver/Src/stm32h7xx_ll_usb.o
                0x00000000080057f8                USB_EP0StartXfer
 .text.USB_EPStopXfer
                0x0000000008005ab0      0x154 ./Drivers/STM32H7xx_HAL_Driver/Src/stm32h7xx_ll_usb.o
                0x0000000008005ab0                USB_EPStopXfer
 .text.USB_WritePacket
                0x0000000008005c04       0x7c ./Drivers/STM32H7xx_HAL_Driver/Src/stm32h7xx_ll_usb.o
                0x0000000008005c04                USB_WritePacket
 .text.USB_ReadPacket
                0x0000000008005c80       0xb0 ./Drivers/STM32H7xx_HAL_Driver/Src/stm32h7xx_ll_usb.o
                0x0000000008005c80                USB_ReadPacket
 .text.USB_EPSetStall
                0x0000000008005d30       0xdc ./Drivers/STM32H7xx_HAL_Driver/Src/stm32h7xx_ll_usb.o
                0x0000000008005d30                USB_EPSetStall
 .text.USB_EPClearStall
                0x0000000008005e0c       0xcc ./Drivers/STM32H7xx_HAL_Driver/Src/stm32h7xx_ll_usb.o
                0x0000000008005e0c                USB_EPClearStall
 .text.USB_SetDevAddress
                0x0000000008005ed8       0x4c ./Drivers/STM32H7xx_HAL_Driver/Src/stm32h7xx_ll_usb.o
                0x0000000008005ed8                USB_SetDevAddress
 .text.USB_DevConnect
                0x0000000008005f24       0x42 ./Drivers/STM32H7xx_HAL_Driver/Src/stm32h7xx_ll_usb.o
                0x0000000008005f24                USB_DevConnect
 .text.USB_DevDisconnect
                0x0000000008005f66       0x42 ./Drivers/STM32H7xx_HAL_Driver/Src/stm32h7xx_ll_usb.o
                0x0000000008005f66                USB_DevDisconnect
 .text.USB_ReadInterrupts
                0x0000000008005fa8       0x26 ./Drivers/STM32H7xx_HAL_Driver/Src/stm32h7xx_ll_usb.o
                0x0000000008005fa8                USB_ReadInterrupts
 .text.USB_ReadDevAllOutEpInterrupt
                0x0000000008005fce       0x34 ./Drivers/STM32H7xx_HAL_Driver/Src/stm32h7xx_ll_usb.o
                0x0000000008005fce                USB_ReadDevAllOutEpInterrupt
 .text.USB_ReadDevAllInEpInterrupt
                0x0000000008006002       0x34 ./Drivers/STM32H7xx_HAL_Driver/Src/stm32h7xx_ll_usb.o
                0x0000000008006002                USB_ReadDevAllInEpInterrupt
 .text.USB_ReadDevOutEPInterrupt
                0x0000000008006036       0x3c ./Drivers/STM32H7xx_HAL_Driver/Src/stm32h7xx_ll_usb.o
                0x0000000008006036                USB_ReadDevOutEPInterrupt
 .text.USB_ReadDevInEPInterrupt
                0x0000000008006072       0x5c ./Drivers/STM32H7xx_HAL_Driver/Src/stm32h7xx_ll_usb.o
                0x0000000008006072                USB_ReadDevInEPInterrupt
 .text.USB_GetMode
                0x00000000080060ce       0x1c ./Drivers/STM32H7xx_HAL_Driver/Src/stm32h7xx_ll_usb.o
                0x00000000080060ce                USB_GetMode
 *fill*         0x00000000080060ea        0x2 
 .text.USB_ActivateSetup
                0x00000000080060ec       0x48 ./Drivers/STM32H7xx_HAL_Driver/Src/stm32h7xx_ll_usb.o
                0x00000000080060ec                USB_ActivateSetup
 .text.USB_EP0_OutStart
                0x0000000008006134       0xbc ./Drivers/STM32H7xx_HAL_Driver/Src/stm32h7xx_ll_usb.o
                0x0000000008006134                USB_EP0_OutStart
 .text.USB_CoreReset
                0x00000000080061f0       0x68 ./Drivers/STM32H7xx_HAL_Driver/Src/stm32h7xx_ll_usb.o
 .text.USBD_CDC_Init
                0x0000000008006258      0x1f0 ./Middlewares/ST/STM32_USB_Device_Library/Class/CDC/Src/usbd_cdc.o
 .text.USBD_CDC_DeInit
                0x0000000008006448      0x104 ./Middlewares/ST/STM32_USB_Device_Library/Class/CDC/Src/usbd_cdc.o
 .text.USBD_CDC_Setup
                0x000000000800654c      0x1b8 ./Middlewares/ST/STM32_USB_Device_Library/Class/CDC/Src/usbd_cdc.o
 .text.USBD_CDC_DataIn
                0x0000000008006704       0xfe ./Middlewares/ST/STM32_USB_Device_Library/Class/CDC/Src/usbd_cdc.o
 .text.USBD_CDC_DataOut
                0x0000000008006802       0x70 ./Middlewares/ST/STM32_USB_Device_Library/Class/CDC/Src/usbd_cdc.o
 .text.USBD_CDC_EP0_RxReady
                0x0000000008006872       0x76 ./Middlewares/ST/STM32_USB_Device_Library/Class/CDC/Src/usbd_cdc.o
 .text.USBD_CDC_GetFSCfgDesc
                0x00000000080068e8       0x70 ./Middlewares/ST/STM32_USB_Device_Library/Class/CDC/Src/usbd_cdc.o
 .text.USBD_CDC_GetHSCfgDesc
                0x0000000008006958       0x70 ./Middlewares/ST/STM32_USB_Device_Library/Class/CDC/Src/usbd_cdc.o
 .text.USBD_CDC_GetOtherSpeedCfgDesc
                0x00000000080069c8       0x70 ./Middlewares/ST/STM32_USB_Device_Library/Class/CDC/Src/usbd_cdc.o
 .text.USBD_CDC_GetDeviceQualifierDescriptor
                0x0000000008006a38       0x20 ./Middlewares/ST/STM32_USB_Device_Library/Class/CDC/Src/usbd_cdc.o
                0x0000000008006a38                USBD_CDC_GetDeviceQualifierDescriptor
 .text.USBD_CDC_RegisterInterface
                0x0000000008006a58       0x34 ./Middlewares/ST/STM32_USB_Device_Library/Class/CDC/Src/usbd_cdc.o
                0x0000000008006a58                USBD_CDC_RegisterInterface
 .text.USBD_CDC_SetTxBuffer
                0x0000000008006a8c       0x44 ./Middlewares/ST/STM32_USB_Device_Library/Class/CDC/Src/usbd_cdc.o
                0x0000000008006a8c                USBD_CDC_SetTxBuffer
 .text.USBD_CDC_SetRxBuffer
                0x0000000008006ad0       0x3a ./Middlewares/ST/STM32_USB_Device_Library/Class/CDC/Src/usbd_cdc.o
                0x0000000008006ad0                USBD_CDC_SetRxBuffer
 *fill*         0x0000000008006b0a        0x2 
 .text.USBD_CDC_TransmitPacket
                0x0000000008006b0c       0x8c ./Middlewares/ST/STM32_USB_Device_Library/Class/CDC/Src/usbd_cdc.o
                0x0000000008006b0c                USBD_CDC_TransmitPacket
 .text.USBD_CDC_ReceivePacket
                0x0000000008006b98       0x6c ./Middlewares/ST/STM32_USB_Device_Library/Class/CDC/Src/usbd_cdc.o
                0x0000000008006b98                USBD_CDC_ReceivePacket
 .text.USBD_Init
                0x0000000008006c04       0x60 ./Middlewares/ST/STM32_USB_Device_Library/Core/Src/usbd_core.o
                0x0000000008006c04                USBD_Init
 .text.USBD_RegisterClass
                0x0000000008006c64       0x6c ./Middlewares/ST/STM32_USB_Device_Library/Core/Src/usbd_core.o
                0x0000000008006c64                USBD_RegisterClass
 .text.USBD_Start
                0x0000000008006cd0       0x18 ./Middlewares/ST/STM32_USB_Device_Library/Core/Src/usbd_core.o
                0x0000000008006cd0                USBD_Start
 .text.USBD_RunTestMode
                0x0000000008006ce8       0x16 ./Middlewares/ST/STM32_USB_Device_Library/Core/Src/usbd_core.o
                0x0000000008006ce8                USBD_RunTestMode
 .text.USBD_SetClassConfig
                0x0000000008006cfe       0x38 ./Middlewares/ST/STM32_USB_Device_Library/Core/Src/usbd_core.o
                0x0000000008006cfe                USBD_SetClassConfig
 .text.USBD_ClrClassConfig
                0x0000000008006d36       0x34 ./Middlewares/ST/STM32_USB_Device_Library/Core/Src/usbd_core.o
                0x0000000008006d36                USBD_ClrClassConfig
 .text.USBD_LL_SetupStage
                0x0000000008006d6a       0xaa ./Middlewares/ST/STM32_USB_Device_Library/Core/Src/usbd_core.o
                0x0000000008006d6a                USBD_LL_SetupStage
 .text.USBD_LL_DataOutStage
                0x0000000008006e14      0x166 ./Middlewares/ST/STM32_USB_Device_Library/Core/Src/usbd_core.o
                0x0000000008006e14                USBD_LL_DataOutStage
 .text.USBD_LL_DataInStage
                0x0000000008006f7a      0x164 ./Middlewares/ST/STM32_USB_Device_Library/Core/Src/usbd_core.o
                0x0000000008006f7a                USBD_LL_DataInStage
 .text.USBD_LL_Reset
                0x00000000080070de       0xa4 ./Middlewares/ST/STM32_USB_Device_Library/Core/Src/usbd_core.o
                0x00000000080070de                USBD_LL_Reset
 .text.USBD_LL_SetSpeed
                0x0000000008007182       0x20 ./Middlewares/ST/STM32_USB_Device_Library/Core/Src/usbd_core.o
                0x0000000008007182                USBD_LL_SetSpeed
 .text.USBD_LL_Suspend
                0x00000000080071a2       0x2c ./Middlewares/ST/STM32_USB_Device_Library/Core/Src/usbd_core.o
                0x00000000080071a2                USBD_LL_Suspend
 .text.USBD_LL_Resume
                0x00000000080071ce       0x30 ./Middlewares/ST/STM32_USB_Device_Library/Core/Src/usbd_core.o
                0x00000000080071ce                USBD_LL_Resume
 .text.USBD_LL_SOF
                0x00000000080071fe       0x40 ./Middlewares/ST/STM32_USB_Device_Library/Core/Src/usbd_core.o
                0x00000000080071fe                USBD_LL_SOF
 .text.USBD_LL_IsoINIncomplete
                0x000000000800723e       0x64 ./Middlewares/ST/STM32_USB_Device_Library/Core/Src/usbd_core.o
                0x000000000800723e                USBD_LL_IsoINIncomplete
 .text.USBD_LL_IsoOUTIncomplete
                0x00000000080072a2       0x64 ./Middlewares/ST/STM32_USB_Device_Library/Core/Src/usbd_core.o
                0x00000000080072a2                USBD_LL_IsoOUTIncomplete
 .text.USBD_LL_DevConnected
                0x0000000008007306       0x16 ./Middlewares/ST/STM32_USB_Device_Library/Core/Src/usbd_core.o
                0x0000000008007306                USBD_LL_DevConnected
 .text.USBD_LL_DevDisconnected
                0x000000000800731c       0x46 ./Middlewares/ST/STM32_USB_Device_Library/Core/Src/usbd_core.o
                0x000000000800731c                USBD_LL_DevDisconnected
 .text.USBD_CoreFindIF
                0x0000000008007362       0x1a ./Middlewares/ST/STM32_USB_Device_Library/Core/Src/usbd_core.o
                0x0000000008007362                USBD_CoreFindIF
 .text.USBD_CoreFindEP
                0x000000000800737c       0x1a ./Middlewares/ST/STM32_USB_Device_Library/Core/Src/usbd_core.o
                0x000000000800737c                USBD_CoreFindEP
 .text.USBD_GetEpDesc
                0x0000000008007396       0x74 ./Middlewares/ST/STM32_USB_Device_Library/Core/Src/usbd_core.o
                0x0000000008007396                USBD_GetEpDesc
 .text.USBD_GetNextDesc
                0x000000000800740a       0x3a ./Middlewares/ST/STM32_USB_Device_Library/Core/Src/usbd_core.o
                0x000000000800740a                USBD_GetNextDesc
 .text.SWAPBYTE
                0x0000000008007444       0x3c ./Middlewares/ST/STM32_USB_Device_Library/Core/Src/usbd_ctlreq.o
 .text.USBD_StdDevReq
                0x0000000008007480       0xe4 ./Middlewares/ST/STM32_USB_Device_Library/Core/Src/usbd_ctlreq.o
                0x0000000008007480                USBD_StdDevReq
 .text.USBD_StdItfReq
                0x0000000008007564       0xd8 ./Middlewares/ST/STM32_USB_Device_Library/Core/Src/usbd_ctlreq.o
                0x0000000008007564                USBD_StdItfReq
 .text.USBD_StdEPReq
                0x000000000800763c      0x33a ./Middlewares/ST/STM32_USB_Device_Library/Core/Src/usbd_ctlreq.o
                0x000000000800763c                USBD_StdEPReq
 *fill*         0x0000000008007976        0x2 
 .text.USBD_GetDescriptor
                0x0000000008007978      0x2d4 ./Middlewares/ST/STM32_USB_Device_Library/Core/Src/usbd_ctlreq.o
 .text.USBD_SetAddress
                0x0000000008007c4c       0x88 ./Middlewares/ST/STM32_USB_Device_Library/Core/Src/usbd_ctlreq.o
 .text.USBD_SetConfig
                0x0000000008007cd4      0x154 ./Middlewares/ST/STM32_USB_Device_Library/Core/Src/usbd_ctlreq.o
 .text.USBD_GetConfig
                0x0000000008007e28       0x6c ./Middlewares/ST/STM32_USB_Device_Library/Core/Src/usbd_ctlreq.o
 .text.USBD_GetStatus
                0x0000000008007e94       0x68 ./Middlewares/ST/STM32_USB_Device_Library/Core/Src/usbd_ctlreq.o
 .text.USBD_SetFeature
                0x0000000008007efc       0x52 ./Middlewares/ST/STM32_USB_Device_Library/Core/Src/usbd_ctlreq.o
 .text.USBD_ClrFeature
                0x0000000008007f4e       0x44 ./Middlewares/ST/STM32_USB_Device_Library/Core/Src/usbd_ctlreq.o
 .text.USBD_ParseSetupRequest
                0x0000000008007f92       0x74 ./Middlewares/ST/STM32_USB_Device_Library/Core/Src/usbd_ctlreq.o
                0x0000000008007f92                USBD_ParseSetupRequest
 .text.USBD_CtlError
                0x0000000008008006       0x22 ./Middlewares/ST/STM32_USB_Device_Library/Core/Src/usbd_ctlreq.o
                0x0000000008008006                USBD_CtlError
 .text.USBD_GetString
                0x0000000008008028       0x8c ./Middlewares/ST/STM32_USB_Device_Library/Core/Src/usbd_ctlreq.o
                0x0000000008008028                USBD_GetString
 .text.USBD_GetLen
                0x00000000080080b4       0x34 ./Middlewares/ST/STM32_USB_Device_Library/Core/Src/usbd_ctlreq.o
 .text.USBD_CtlSendData
                0x00000000080080e8       0x36 ./Middlewares/ST/STM32_USB_Device_Library/Core/Src/usbd_ioreq.o
                0x00000000080080e8                USBD_CtlSendData
 .text.USBD_CtlContinueSendData
                0x000000000800811e       0x22 ./Middlewares/ST/STM32_USB_Device_Library/Core/Src/usbd_ioreq.o
                0x000000000800811e                USBD_CtlContinueSendData
 .text.USBD_CtlPrepareRx
                0x0000000008008140       0x3a ./Middlewares/ST/STM32_USB_Device_Library/Core/Src/usbd_ioreq.o
                0x0000000008008140                USBD_CtlPrepareRx
 .text.USBD_CtlContinueRx
                0x000000000800817a       0x22 ./Middlewares/ST/STM32_USB_Device_Library/Core/Src/usbd_ioreq.o
                0x000000000800817a                USBD_CtlContinueRx
 .text.USBD_CtlSendStatus
                0x000000000800819c       0x26 ./Middlewares/ST/STM32_USB_Device_Library/Core/Src/usbd_ioreq.o
                0x000000000800819c                USBD_CtlSendStatus
 .text.USBD_CtlReceiveStatus
                0x00000000080081c2       0x26 ./Middlewares/ST/STM32_USB_Device_Library/Core/Src/usbd_ioreq.o
                0x00000000080081c2                USBD_CtlReceiveStatus
 .text.MX_USB_DEVICE_Init
                0x00000000080081e8       0x64 ./USB_DEVICE/App/usb_device.o
                0x00000000080081e8                MX_USB_DEVICE_Init
 .text.CDC_Init_FS
                0x000000000800824c       0x28 ./USB_DEVICE/App/usbd_cdc_if.o
 .text.CDC_DeInit_FS
                0x0000000008008274       0x10 ./USB_DEVICE/App/usbd_cdc_if.o
 .text.CDC_Control_FS
                0x0000000008008284       0xbc ./USB_DEVICE/App/usbd_cdc_if.o
 .text.CDC_Receive_FS
                0x0000000008008340       0x30 ./USB_DEVICE/App/usbd_cdc_if.o
 .text.CDC_Transmit_FS
                0x0000000008008370       0x4c ./USB_DEVICE/App/usbd_cdc_if.o
                0x0000000008008370                CDC_Transmit_FS
 .text.CDC_TransmitCplt_FS
                0x00000000080083bc       0x22 ./USB_DEVICE/App/usbd_cdc_if.o
 *fill*         0x00000000080083de        0x2 
 .text.usb_debug
                0x00000000080083e0       0x40 ./USB_DEVICE/App/usbd_cdc_if.o
                0x00000000080083e0                usb_debug
 .text.USBD_FS_DeviceDescriptor
                0x0000000008008420       0x24 ./USB_DEVICE/App/usbd_desc.o
                0x0000000008008420                USBD_FS_DeviceDescriptor
 .text.USBD_FS_LangIDStrDescriptor
                0x0000000008008444       0x24 ./USB_DEVICE/App/usbd_desc.o
                0x0000000008008444                USBD_FS_LangIDStrDescriptor
 .text.USBD_FS_ProductStrDescriptor
                0x0000000008008468       0x3c ./USB_DEVICE/App/usbd_desc.o
                0x0000000008008468                USBD_FS_ProductStrDescriptor
 .text.USBD_FS_ManufacturerStrDescriptor
                0x00000000080084a4       0x28 ./USB_DEVICE/App/usbd_desc.o
                0x00000000080084a4                USBD_FS_ManufacturerStrDescriptor
 .text.USBD_FS_SerialStrDescriptor
                0x00000000080084cc       0x24 ./USB_DEVICE/App/usbd_desc.o
                0x00000000080084cc                USBD_FS_SerialStrDescriptor
 .text.USBD_FS_ConfigStrDescriptor
                0x00000000080084f0       0x3c ./USB_DEVICE/App/usbd_desc.o
                0x00000000080084f0                USBD_FS_ConfigStrDescriptor
 .text.USBD_FS_InterfaceStrDescriptor
                0x000000000800852c       0x3c ./USB_DEVICE/App/usbd_desc.o
                0x000000000800852c                USBD_FS_InterfaceStrDescriptor
 .text.Get_SerialNum
                0x0000000008008568       0x58 ./USB_DEVICE/App/usbd_desc.o
 .text.IntToUnicode
                0x00000000080085c0       0x7e ./USB_DEVICE/App/usbd_desc.o
 *fill*         0x000000000800863e        0x2 
 .text.HAL_PCD_MspInit
                0x0000000008008640      0x100 ./USB_DEVICE/Target/usbd_conf.o
                0x0000000008008640                HAL_PCD_MspInit
 .text.HAL_PCD_SetupStageCallback
                0x0000000008008740       0x24 ./USB_DEVICE/Target/usbd_conf.o
                0x0000000008008740                HAL_PCD_SetupStageCallback
 .text.HAL_PCD_DataOutStageCallback
                0x0000000008008764       0x36 ./USB_DEVICE/Target/usbd_conf.o
                0x0000000008008764                HAL_PCD_DataOutStageCallback
 .text.HAL_PCD_DataInStageCallback
                0x000000000800879a       0x34 ./USB_DEVICE/Target/usbd_conf.o
                0x000000000800879a                HAL_PCD_DataInStageCallback
 .text.HAL_PCD_SOFCallback
                0x00000000080087ce       0x1c ./USB_DEVICE/Target/usbd_conf.o
                0x00000000080087ce                HAL_PCD_SOFCallback
 .text.HAL_PCD_ResetCallback
                0x00000000080087ea       0x50 ./USB_DEVICE/Target/usbd_conf.o
                0x00000000080087ea                HAL_PCD_ResetCallback
 *fill*         0x000000000800883a        0x2 
 .text.HAL_PCD_SuspendCallback
                0x000000000800883c       0x4c ./USB_DEVICE/Target/usbd_conf.o
                0x000000000800883c                HAL_PCD_SuspendCallback
 .text.HAL_PCD_ResumeCallback
                0x0000000008008888       0x1c ./USB_DEVICE/Target/usbd_conf.o
                0x0000000008008888                HAL_PCD_ResumeCallback
 .text.HAL_PCD_ISOOUTIncompleteCallback
                0x00000000080088a4       0x24 ./USB_DEVICE/Target/usbd_conf.o
                0x00000000080088a4                HAL_PCD_ISOOUTIncompleteCallback
 .text.HAL_PCD_ISOINIncompleteCallback
                0x00000000080088c8       0x24 ./USB_DEVICE/Target/usbd_conf.o
                0x00000000080088c8                HAL_PCD_ISOINIncompleteCallback
 .text.HAL_PCD_ConnectCallback
                0x00000000080088ec       0x1c ./USB_DEVICE/Target/usbd_conf.o
                0x00000000080088ec                HAL_PCD_ConnectCallback
 .text.HAL_PCD_DisconnectCallback
                0x0000000008008908       0x1c ./USB_DEVICE/Target/usbd_conf.o
                0x0000000008008908                HAL_PCD_DisconnectCallback
 .text.USBD_LL_Init
                0x0000000008008924       0xa0 ./USB_DEVICE/Target/usbd_conf.o
                0x0000000008008924                USBD_LL_Init
 .text.USBD_LL_Start
                0x00000000080089c4       0x36 ./USB_DEVICE/Target/usbd_conf.o
                0x00000000080089c4                USBD_LL_Start
 .text.USBD_LL_OpenEP
                0x00000000080089fa       0x4c ./USB_DEVICE/Target/usbd_conf.o
                0x00000000080089fa                USBD_LL_OpenEP
 .text.USBD_LL_CloseEP
                0x0000000008008a46       0x3e ./USB_DEVICE/Target/usbd_conf.o
                0x0000000008008a46                USBD_LL_CloseEP
 .text.USBD_LL_StallEP
                0x0000000008008a84       0x3e ./USB_DEVICE/Target/usbd_conf.o
                0x0000000008008a84                USBD_LL_StallEP
 .text.USBD_LL_ClearStallEP
                0x0000000008008ac2       0x3e ./USB_DEVICE/Target/usbd_conf.o
                0x0000000008008ac2                USBD_LL_ClearStallEP
 .text.USBD_LL_IsStallEP
                0x0000000008008b00       0x58 ./USB_DEVICE/Target/usbd_conf.o
                0x0000000008008b00                USBD_LL_IsStallEP
 .text.USBD_LL_SetUSBAddress
                0x0000000008008b58       0x3e ./USB_DEVICE/Target/usbd_conf.o
                0x0000000008008b58                USBD_LL_SetUSBAddress
 .text.USBD_LL_Transmit
                0x0000000008008b96       0x42 ./USB_DEVICE/Target/usbd_conf.o
                0x0000000008008b96                USBD_LL_Transmit
 .text.USBD_LL_PrepareReceive
                0x0000000008008bd8       0x42 ./USB_DEVICE/Target/usbd_conf.o
                0x0000000008008bd8                USBD_LL_PrepareReceive
 .text.USBD_LL_GetRxDataSize
                0x0000000008008c1a       0x26 ./USB_DEVICE/Target/usbd_conf.o
                0x0000000008008c1a                USBD_LL_GetRxDataSize
 .text.USBD_static_malloc
                0x0000000008008c40       0x1c ./USB_DEVICE/Target/usbd_conf.o
                0x0000000008008c40                USBD_static_malloc
 .text.USBD_static_free
                0x0000000008008c5c       0x14 ./USB_DEVICE/Target/usbd_conf.o
                0x0000000008008c5c                USBD_static_free
 .text.USBD_Get_USB_Status
                0x0000000008008c70       0x58 ./USB_DEVICE/Target/usbd_conf.o
                0x0000000008008c70                USBD_Get_USB_Status
 .text.__errno  0x0000000008008cc8        0xc c:/myprogram/st/stm32cubeide_1.8.0/stm32cubeide/plugins/com.st.stm32cube.ide.mcu.externaltools.gnu-tools-for-stm32.10.3-2021.10.win32_1.0.0.202111181127/tools/bin/../lib/gcc/arm-none-eabi/10.3.1/../../../../arm-none-eabi/lib/thumb/v7e-m+dp/hard\libc.a(lib_a-errno.o)
                0x0000000008008cc8                __errno
 .text.__libc_init_array
                0x0000000008008cd4       0x48 c:/myprogram/st/stm32cubeide_1.8.0/stm32cubeide/plugins/com.st.stm32cube.ide.mcu.externaltools.gnu-tools-for-stm32.10.3-2021.10.win32_1.0.0.202111181127/tools/bin/../lib/gcc/arm-none-eabi/10.3.1/../../../../arm-none-eabi/lib/thumb/v7e-m+dp/hard\libc.a(lib_a-init.o)
                0x0000000008008cd4                __libc_init_array
 .text.memset   0x0000000008008d1c       0x10 c:/myprogram/st/stm32cubeide_1.8.0/stm32cubeide/plugins/com.st.stm32cube.ide.mcu.externaltools.gnu-tools-for-stm32.10.3-2021.10.win32_1.0.0.202111181127/tools/bin/../lib/gcc/arm-none-eabi/10.3.1/../../../../arm-none-eabi/lib/thumb/v7e-m+dp/hard\libc.a(lib_a-memset.o)
                0x0000000008008d1c                memset
 .text._vsnprintf_r
                0x0000000008008d2c       0x56 c:/myprogram/st/stm32cubeide_1.8.0/stm32cubeide/plugins/com.st.stm32cube.ide.mcu.externaltools.gnu-tools-for-stm32.10.3-2021.10.win32_1.0.0.202111181127/tools/bin/../lib/gcc/arm-none-eabi/10.3.1/../../../../arm-none-eabi/lib/thumb/v7e-m+dp/hard\libc.a(lib_a-vsnprintf.o)
                0x0000000008008d2c                _vsnprintf_r
 *fill*         0x0000000008008d82        0x2 
 .text.vsnprintf
                0x0000000008008d84       0x1c c:/myprogram/st/stm32cubeide_1.8.0/stm32cubeide/plugins/com.st.stm32cube.ide.mcu.externaltools.gnu-tools-for-stm32.10.3-2021.10.win32_1.0.0.202111181127/tools/bin/../lib/gcc/arm-none-eabi/10.3.1/../../../../arm-none-eabi/lib/thumb/v7e-m+dp/hard\libc.a(lib_a-vsnprintf.o)
                0x0000000008008d84                vsnprintf
 .text.startup.register_fini
                0x0000000008008da0       0x14 c:/myprogram/st/stm32cubeide_1.8.0/stm32cubeide/plugins/com.st.stm32cube.ide.mcu.externaltools.gnu-tools-for-stm32.10.3-2021.10.win32_1.0.0.202111181127/tools/bin/../lib/gcc/arm-none-eabi/10.3.1/../../../../arm-none-eabi/lib/thumb/v7e-m+dp/hard\libc.a(lib_a-__call_atexit.o)
 .text.atexit   0x0000000008008db4        0xc c:/myprogram/st/stm32cubeide_1.8.0/stm32cubeide/plugins/com.st.stm32cube.ide.mcu.externaltools.gnu-tools-for-stm32.10.3-2021.10.win32_1.0.0.202111181127/tools/bin/../lib/gcc/arm-none-eabi/10.3.1/../../../../arm-none-eabi/lib/thumb/v7e-m+dp/hard\libc.a(lib_a-atexit.o)
                0x0000000008008db4                atexit
 .text.__libc_fini_array
                0x0000000008008dc0       0x28 c:/myprogram/st/stm32cubeide_1.8.0/stm32cubeide/plugins/com.st.stm32cube.ide.mcu.externaltools.gnu-tools-for-stm32.10.3-2021.10.win32_1.0.0.202111181127/tools/bin/../lib/gcc/arm-none-eabi/10.3.1/../../../../arm-none-eabi/lib/thumb/v7e-m+dp/hard\libc.a(lib_a-fini.o)
                0x0000000008008dc0                __libc_fini_array
 .text.__retarget_lock_init_recursive
                0x0000000008008de8        0x2 c:/myprogram/st/stm32cubeide_1.8.0/stm32cubeide/plugins/com.st.stm32cube.ide.mcu.externaltools.gnu-tools-for-stm32.10.3-2021.10.win32_1.0.0.202111181127/tools/bin/../lib/gcc/arm-none-eabi/10.3.1/../../../../arm-none-eabi/lib/thumb/v7e-m+dp/hard\libc.a(lib_a-lock.o)
                0x0000000008008de8                __retarget_lock_init_recursive
 .text.__retarget_lock_close_recursive
                0x0000000008008dea        0x2 c:/myprogram/st/stm32cubeide_1.8.0/stm32cubeide/plugins/com.st.stm32cube.ide.mcu.externaltools.gnu-tools-for-stm32.10.3-2021.10.win32_1.0.0.202111181127/tools/bin/../lib/gcc/arm-none-eabi/10.3.1/../../../../arm-none-eabi/lib/thumb/v7e-m+dp/hard\libc.a(lib_a-lock.o)
                0x0000000008008dea                __retarget_lock_close_recursive
 .text.__retarget_lock_acquire_recursive
                0x0000000008008dec        0x2 c:/myprogram/st/stm32cubeide_1.8.0/stm32cubeide/plugins/com.st.stm32cube.ide.mcu.externaltools.gnu-tools-for-stm32.10.3-2021.10.win32_1.0.0.202111181127/tools/bin/../lib/gcc/arm-none-eabi/10.3.1/../../../../arm-none-eabi/lib/thumb/v7e-m+dp/hard\libc.a(lib_a-lock.o)
                0x0000000008008dec                __retarget_lock_acquire_recursive
 .text.__retarget_lock_release_recursive
                0x0000000008008dee        0x2 c:/myprogram/st/stm32cubeide_1.8.0/stm32cubeide/plugins/com.st.stm32cube.ide.mcu.externaltools.gnu-tools-for-stm32.10.3-2021.10.win32_1.0.0.202111181127/tools/bin/../lib/gcc/arm-none-eabi/10.3.1/../../../../arm-none-eabi/lib/thumb/v7e-m+dp/hard\libc.a(lib_a-lock.o)
                0x0000000008008dee                __retarget_lock_release_recursive
 .text._svfprintf_r
                0x0000000008008df0     0x139c c:/myprogram/st/stm32cubeide_1.8.0/stm32cubeide/plugins/com.st.stm32cube.ide.mcu.externaltools.gnu-tools-for-stm32.10.3-2021.10.win32_1.0.0.202111181127/tools/bin/../lib/gcc/arm-none-eabi/10.3.1/../../../../arm-none-eabi/lib/thumb/v7e-m+dp/hard\libc.a(lib_a-svfprintf.o)
                0x0000000008008df0                _svfprintf_r
 .text.__register_exitproc
                0x000000000800a18c       0x84 c:/myprogram/st/stm32cubeide_1.8.0/stm32cubeide/plugins/com.st.stm32cube.ide.mcu.externaltools.gnu-tools-for-stm32.10.3-2021.10.win32_1.0.0.202111181127/tools/bin/../lib/gcc/arm-none-eabi/10.3.1/../../../../arm-none-eabi/lib/thumb/v7e-m+dp/hard\libc.a(lib_a-__atexit.o)
                0x000000000800a18c                __register_exitproc
 .text.quorem   0x000000000800a210      0x116 c:/myprogram/st/stm32cubeide_1.8.0/stm32cubeide/plugins/com.st.stm32cube.ide.mcu.externaltools.gnu-tools-for-stm32.10.3-2021.10.win32_1.0.0.202111181127/tools/bin/../lib/gcc/arm-none-eabi/10.3.1/../../../../arm-none-eabi/lib/thumb/v7e-m+dp/hard\libc.a(lib_a-dtoa.o)
 *fill*         0x000000000800a326        0x2 
 .text._dtoa_r  0x000000000800a328      0xaac c:/myprogram/st/stm32cubeide_1.8.0/stm32cubeide/plugins/com.st.stm32cube.ide.mcu.externaltools.gnu-tools-for-stm32.10.3-2021.10.win32_1.0.0.202111181127/tools/bin/../lib/gcc/arm-none-eabi/10.3.1/../../../../arm-none-eabi/lib/thumb/v7e-m+dp/hard\libc.a(lib_a-dtoa.o)
                0x000000000800a328                _dtoa_r
 .text._malloc_trim_r
                0x000000000800add4       0xa8 c:/myprogram/st/stm32cubeide_1.8.0/stm32cubeide/plugins/com.st.stm32cube.ide.mcu.externaltools.gnu-tools-for-stm32.10.3-2021.10.win32_1.0.0.202111181127/tools/bin/../lib/gcc/arm-none-eabi/10.3.1/../../../../arm-none-eabi/lib/thumb/v7e-m+dp/hard\libc.a(lib_a-freer.o)
                0x000000000800add4                _malloc_trim_r
 .text._free_r  0x000000000800ae7c      0x180 c:/myprogram/st/stm32cubeide_1.8.0/stm32cubeide/plugins/com.st.stm32cube.ide.mcu.externaltools.gnu-tools-for-stm32.10.3-2021.10.win32_1.0.0.202111181127/tools/bin/../lib/gcc/arm-none-eabi/10.3.1/../../../../arm-none-eabi/lib/thumb/v7e-m+dp/hard\libc.a(lib_a-freer.o)
                0x000000000800ae7c                _free_r
 .text._localeconv_r
                0x000000000800affc        0x8 c:/myprogram/st/stm32cubeide_1.8.0/stm32cubeide/plugins/com.st.stm32cube.ide.mcu.externaltools.gnu-tools-for-stm32.10.3-2021.10.win32_1.0.0.202111181127/tools/bin/../lib/gcc/arm-none-eabi/10.3.1/../../../../arm-none-eabi/lib/thumb/v7e-m+dp/hard\libc.a(lib_a-localeconv.o)
                0x000000000800affc                _localeconv_r
 .text._malloc_r
                0x000000000800b004      0x478 c:/myprogram/st/stm32cubeide_1.8.0/stm32cubeide/plugins/com.st.stm32cube.ide.mcu.externaltools.gnu-tools-for-stm32.10.3-2021.10.win32_1.0.0.202111181127/tools/bin/../lib/gcc/arm-none-eabi/10.3.1/../../../../arm-none-eabi/lib/thumb/v7e-m+dp/hard\libc.a(lib_a-mallocr.o)
                0x000000000800b004                _malloc_r
 .text.memcpy   0x000000000800b47c       0x1c c:/myprogram/st/stm32cubeide_1.8.0/stm32cubeide/plugins/com.st.stm32cube.ide.mcu.externaltools.gnu-tools-for-stm32.10.3-2021.10.win32_1.0.0.202111181127/tools/bin/../lib/gcc/arm-none-eabi/10.3.1/../../../../arm-none-eabi/lib/thumb/v7e-m+dp/hard\libc.a(lib_a-memcpy-stub.o)
                0x000000000800b47c                memcpy
 .text.__malloc_lock
                0x000000000800b498        0xc c:/myprogram/st/stm32cubeide_1.8.0/stm32cubeide/plugins/com.st.stm32cube.ide.mcu.externaltools.gnu-tools-for-stm32.10.3-2021.10.win32_1.0.0.202111181127/tools/bin/../lib/gcc/arm-none-eabi/10.3.1/../../../../arm-none-eabi/lib/thumb/v7e-m+dp/hard\libc.a(lib_a-mlock.o)
                0x000000000800b498                __malloc_lock
 .text.__malloc_unlock
                0x000000000800b4a4        0xc c:/myprogram/st/stm32cubeide_1.8.0/stm32cubeide/plugins/com.st.stm32cube.ide.mcu.externaltools.gnu-tools-for-stm32.10.3-2021.10.win32_1.0.0.202111181127/tools/bin/../lib/gcc/arm-none-eabi/10.3.1/../../../../arm-none-eabi/lib/thumb/v7e-m+dp/hard\libc.a(lib_a-mlock.o)
                0x000000000800b4a4                __malloc_unlock
 .text._Balloc  0x000000000800b4b0       0x4a c:/myprogram/st/stm32cubeide_1.8.0/stm32cubeide/plugins/com.st.stm32cube.ide.mcu.externaltools.gnu-tools-for-stm32.10.3-2021.10.win32_1.0.0.202111181127/tools/bin/../lib/gcc/arm-none-eabi/10.3.1/../../../../arm-none-eabi/lib/thumb/v7e-m+dp/hard\libc.a(lib_a-mprec.o)
                0x000000000800b4b0                _Balloc
 .text._Bfree   0x000000000800b4fa       0x12 c:/myprogram/st/stm32cubeide_1.8.0/stm32cubeide/plugins/com.st.stm32cube.ide.mcu.externaltools.gnu-tools-for-stm32.10.3-2021.10.win32_1.0.0.202111181127/tools/bin/../lib/gcc/arm-none-eabi/10.3.1/../../../../arm-none-eabi/lib/thumb/v7e-m+dp/hard\libc.a(lib_a-mprec.o)
                0x000000000800b4fa                _Bfree
 .text.__multadd
                0x000000000800b50c       0x8c c:/myprogram/st/stm32cubeide_1.8.0/stm32cubeide/plugins/com.st.stm32cube.ide.mcu.externaltools.gnu-tools-for-stm32.10.3-2021.10.win32_1.0.0.202111181127/tools/bin/../lib/gcc/arm-none-eabi/10.3.1/../../../../arm-none-eabi/lib/thumb/v7e-m+dp/hard\libc.a(lib_a-mprec.o)
                0x000000000800b50c                __multadd
 .text.__hi0bits
                0x000000000800b598       0x40 c:/myprogram/st/stm32cubeide_1.8.0/stm32cubeide/plugins/com.st.stm32cube.ide.mcu.externaltools.gnu-tools-for-stm32.10.3-2021.10.win32_1.0.0.202111181127/tools/bin/../lib/gcc/arm-none-eabi/10.3.1/../../../../arm-none-eabi/lib/thumb/v7e-m+dp/hard\libc.a(lib_a-mprec.o)
                0x000000000800b598                __hi0bits
 .text.__lo0bits
                0x000000000800b5d8       0x5e c:/myprogram/st/stm32cubeide_1.8.0/stm32cubeide/plugins/com.st.stm32cube.ide.mcu.externaltools.gnu-tools-for-stm32.10.3-2021.10.win32_1.0.0.202111181127/tools/bin/../lib/gcc/arm-none-eabi/10.3.1/../../../../arm-none-eabi/lib/thumb/v7e-m+dp/hard\libc.a(lib_a-mprec.o)
                0x000000000800b5d8                __lo0bits
 *fill*         0x000000000800b636        0x2 
 .text.__i2b    0x000000000800b638       0x2c c:/myprogram/st/stm32cubeide_1.8.0/stm32cubeide/plugins/com.st.stm32cube.ide.mcu.externaltools.gnu-tools-for-stm32.10.3-2021.10.win32_1.0.0.202111181127/tools/bin/../lib/gcc/arm-none-eabi/10.3.1/../../../../arm-none-eabi/lib/thumb/v7e-m+dp/hard\libc.a(lib_a-mprec.o)
                0x000000000800b638                __i2b
 .text.__multiply
                0x000000000800b664      0x154 c:/myprogram/st/stm32cubeide_1.8.0/stm32cubeide/plugins/com.st.stm32cube.ide.mcu.externaltools.gnu-tools-for-stm32.10.3-2021.10.win32_1.0.0.202111181127/tools/bin/../lib/gcc/arm-none-eabi/10.3.1/../../../../arm-none-eabi/lib/thumb/v7e-m+dp/hard\libc.a(lib_a-mprec.o)
                0x000000000800b664                __multiply
 .text.__pow5mult
                0x000000000800b7b8       0x80 c:/myprogram/st/stm32cubeide_1.8.0/stm32cubeide/plugins/com.st.stm32cube.ide.mcu.externaltools.gnu-tools-for-stm32.10.3-2021.10.win32_1.0.0.202111181127/tools/bin/../lib/gcc/arm-none-eabi/10.3.1/../../../../arm-none-eabi/lib/thumb/v7e-m+dp/hard\libc.a(lib_a-mprec.o)
                0x000000000800b7b8                __pow5mult
 .text.__lshift
                0x000000000800b838       0xe0 c:/myprogram/st/stm32cubeide_1.8.0/stm32cubeide/plugins/com.st.stm32cube.ide.mcu.externaltools.gnu-tools-for-stm32.10.3-2021.10.win32_1.0.0.202111181127/tools/bin/../lib/gcc/arm-none-eabi/10.3.1/../../../../arm-none-eabi/lib/thumb/v7e-m+dp/hard\libc.a(lib_a-mprec.o)
                0x000000000800b838                __lshift
 .text.__mcmp   0x000000000800b918       0x38 c:/myprogram/st/stm32cubeide_1.8.0/stm32cubeide/plugins/com.st.stm32cube.ide.mcu.externaltools.gnu-tools-for-stm32.10.3-2021.10.win32_1.0.0.202111181127/tools/bin/../lib/gcc/arm-none-eabi/10.3.1/../../../../arm-none-eabi/lib/thumb/v7e-m+dp/hard\libc.a(lib_a-mprec.o)
                0x000000000800b918                __mcmp
 .text.__mdiff  0x000000000800b950      0x114 c:/myprogram/st/stm32cubeide_1.8.0/stm32cubeide/plugins/com.st.stm32cube.ide.mcu.externaltools.gnu-tools-for-stm32.10.3-2021.10.win32_1.0.0.202111181127/tools/bin/../lib/gcc/arm-none-eabi/10.3.1/../../../../arm-none-eabi/lib/thumb/v7e-m+dp/hard\libc.a(lib_a-mprec.o)
                0x000000000800b950                __mdiff
 .text.__d2b    0x000000000800ba64       0xb8 c:/myprogram/st/stm32cubeide_1.8.0/stm32cubeide/plugins/com.st.stm32cube.ide.mcu.externaltools.gnu-tools-for-stm32.10.3-2021.10.win32_1.0.0.202111181127/tools/bin/../lib/gcc/arm-none-eabi/10.3.1/../../../../arm-none-eabi/lib/thumb/v7e-m+dp/hard\libc.a(lib_a-mprec.o)
                0x000000000800ba64                __d2b
 *fill*         0x000000000800bb1c        0x4 
 .text.frexp    0x000000000800bb20       0x70 c:/myprogram/st/stm32cubeide_1.8.0/stm32cubeide/plugins/com.st.stm32cube.ide.mcu.externaltools.gnu-tools-for-stm32.10.3-2021.10.win32_1.0.0.202111181127/tools/bin/../lib/gcc/arm-none-eabi/10.3.1/../../../../arm-none-eabi/lib/thumb/v7e-m+dp/hard\libc.a(lib_a-s_frexp.o)
                0x000000000800bb20                frexp
 .text._sbrk_r  0x000000000800bb90       0x20 c:/myprogram/st/stm32cubeide_1.8.0/stm32cubeide/plugins/com.st.stm32cube.ide.mcu.externaltools.gnu-tools-for-stm32.10.3-2021.10.win32_1.0.0.202111181127/tools/bin/../lib/gcc/arm-none-eabi/10.3.1/../../../../arm-none-eabi/lib/thumb/v7e-m+dp/hard\libc.a(lib_a-sbrkr.o)
                0x000000000800bb90                _sbrk_r
 .text.strncpy  0x000000000800bbb0       0x26 c:/myprogram/st/stm32cubeide_1.8.0/stm32cubeide/plugins/com.st.stm32cube.ide.mcu.externaltools.gnu-tools-for-stm32.10.3-2021.10.win32_1.0.0.202111181127/tools/bin/../lib/gcc/arm-none-eabi/10.3.1/../../../../arm-none-eabi/lib/thumb/v7e-m+dp/hard\libc.a(lib_a-strncpy.o)
                0x000000000800bbb0                strncpy
 .text.__ssprint_r
                0x000000000800bbd6       0xf6 c:/myprogram/st/stm32cubeide_1.8.0/stm32cubeide/plugins/com.st.stm32cube.ide.mcu.externaltools.gnu-tools-for-stm32.10.3-2021.10.win32_1.0.0.202111181127/tools/bin/../lib/gcc/arm-none-eabi/10.3.1/../../../../arm-none-eabi/lib/thumb/v7e-m+dp/hard\libc.a(lib_a-svfiprintf.o)
                0x000000000800bbd6                __ssprint_r
 .text.sysconf  0x000000000800bccc       0x1a c:/myprogram/st/stm32cubeide_1.8.0/stm32cubeide/plugins/com.st.stm32cube.ide.mcu.externaltools.gnu-tools-for-stm32.10.3-2021.10.win32_1.0.0.202111181127/tools/bin/../lib/gcc/arm-none-eabi/10.3.1/../../../../arm-none-eabi/lib/thumb/v7e-m+dp/hard\libc.a(lib_a-sysconf.o)
                0x000000000800bccc                sysconf
 *fill*         0x000000000800bce6        0x2 
 .text.__assert_func
                0x000000000800bce8       0x3c c:/myprogram/st/stm32cubeide_1.8.0/stm32cubeide/plugins/com.st.stm32cube.ide.mcu.externaltools.gnu-tools-for-stm32.10.3-2021.10.win32_1.0.0.202111181127/tools/bin/../lib/gcc/arm-none-eabi/10.3.1/../../../../arm-none-eabi/lib/thumb/v7e-m+dp/hard\libc.a(lib_a-assert.o)
                0x000000000800bce8                __assert_func
 .text._calloc_r
                0x000000000800bd24       0x6a c:/myprogram/st/stm32cubeide_1.8.0/stm32cubeide/plugins/com.st.stm32cube.ide.mcu.externaltools.gnu-tools-for-stm32.10.3-2021.10.win32_1.0.0.202111181127/tools/bin/../lib/gcc/arm-none-eabi/10.3.1/../../../../arm-none-eabi/lib/thumb/v7e-m+dp/hard\libc.a(lib_a-callocr.o)
                0x000000000800bd24                _calloc_r
 *fill*         0x000000000800bd8e        0x2 
 .text.fiprintf
                0x000000000800bd90       0x24 c:/myprogram/st/stm32cubeide_1.8.0/stm32cubeide/plugins/com.st.stm32cube.ide.mcu.externaltools.gnu-tools-for-stm32.10.3-2021.10.win32_1.0.0.202111181127/tools/bin/../lib/gcc/arm-none-eabi/10.3.1/../../../../arm-none-eabi/lib/thumb/v7e-m+dp/hard\libc.a(lib_a-fiprintf.o)
                0x000000000800bd90                fiprintf
 .text.__locale_mb_cur_max
                0x000000000800bdb4        0xc c:/myprogram/st/stm32cubeide_1.8.0/stm32cubeide/plugins/com.st.stm32cube.ide.mcu.externaltools.gnu-tools-for-stm32.10.3-2021.10.win32_1.0.0.202111181127/tools/bin/../lib/gcc/arm-none-eabi/10.3.1/../../../../arm-none-eabi/lib/thumb/v7e-m+dp/hard\libc.a(lib_a-locale.o)
                0x000000000800bdb4                __locale_mb_cur_max
 .text.__ascii_mbtowc
                0x000000000800bdc0       0x24 c:/myprogram/st/stm32cubeide_1.8.0/stm32cubeide/plugins/com.st.stm32cube.ide.mcu.externaltools.gnu-tools-for-stm32.10.3-2021.10.win32_1.0.0.202111181127/tools/bin/../lib/gcc/arm-none-eabi/10.3.1/../../../../arm-none-eabi/lib/thumb/v7e-m+dp/hard\libc.a(lib_a-mbtowc_r.o)
                0x000000000800bdc0                __ascii_mbtowc
 .text.memmove  0x000000000800bde4       0x34 c:/myprogram/st/stm32cubeide_1.8.0/stm32cubeide/plugins/com.st.stm32cube.ide.mcu.externaltools.gnu-tools-for-stm32.10.3-2021.10.win32_1.0.0.202111181127/tools/bin/../lib/gcc/arm-none-eabi/10.3.1/../../../../arm-none-eabi/lib/thumb/v7e-m+dp/hard\libc.a(lib_a-memmove.o)
                0x000000000800bde4                memmove
 .text._realloc_r
                0x000000000800be18      0x348 c:/myprogram/st/stm32cubeide_1.8.0/stm32cubeide/plugins/com.st.stm32cube.ide.mcu.externaltools.gnu-tools-for-stm32.10.3-2021.10.win32_1.0.0.202111181127/tools/bin/../lib/gcc/arm-none-eabi/10.3.1/../../../../arm-none-eabi/lib/thumb/v7e-m+dp/hard\libc.a(lib_a-reallocr.o)
                0x000000000800be18                _realloc_r
 .text.__sprint_r
                0x000000000800c160       0x64 c:/myprogram/st/stm32cubeide_1.8.0/stm32cubeide/plugins/com.st.stm32cube.ide.mcu.externaltools.gnu-tools-for-stm32.10.3-2021.10.win32_1.0.0.202111181127/tools/bin/../lib/gcc/arm-none-eabi/10.3.1/../../../../arm-none-eabi/lib/thumb/v7e-m+dp/hard\libc.a(lib_a-vfiprintf.o)
                0x000000000800c160                __sprint_r
 .text._vfiprintf_r
                0x000000000800c1c4      0x92c c:/myprogram/st/stm32cubeide_1.8.0/stm32cubeide/plugins/com.st.stm32cube.ide.mcu.externaltools.gnu-tools-for-stm32.10.3-2021.10.win32_1.0.0.202111181127/tools/bin/../lib/gcc/arm-none-eabi/10.3.1/../../../../arm-none-eabi/lib/thumb/v7e-m+dp/hard\libc.a(lib_a-vfiprintf.o)
                0x000000000800c1c4                _vfiprintf_r
 .text.__sbprintf
                0x000000000800caf0       0x80 c:/myprogram/st/stm32cubeide_1.8.0/stm32cubeide/plugins/com.st.stm32cube.ide.mcu.externaltools.gnu-tools-for-stm32.10.3-2021.10.win32_1.0.0.202111181127/tools/bin/../lib/gcc/arm-none-eabi/10.3.1/../../../../arm-none-eabi/lib/thumb/v7e-m+dp/hard\libc.a(lib_a-vfiprintf.o)
 .text.__ascii_wctomb
                0x000000000800cb70       0x1a c:/myprogram/st/stm32cubeide_1.8.0/stm32cubeide/plugins/com.st.stm32cube.ide.mcu.externaltools.gnu-tools-for-stm32.10.3-2021.10.win32_1.0.0.202111181127/tools/bin/../lib/gcc/arm-none-eabi/10.3.1/../../../../arm-none-eabi/lib/thumb/v7e-m+dp/hard\libc.a(lib_a-wctomb_r.o)
                0x000000000800cb70                __ascii_wctomb
 *fill*         0x000000000800cb8a        0x2 
 .text.__swsetup_r
                0x000000000800cb8c       0xb0 c:/myprogram/st/stm32cubeide_1.8.0/stm32cubeide/plugins/com.st.stm32cube.ide.mcu.externaltools.gnu-tools-for-stm32.10.3-2021.10.win32_1.0.0.202111181127/tools/bin/../lib/gcc/arm-none-eabi/10.3.1/../../../../arm-none-eabi/lib/thumb/v7e-m+dp/hard\libc.a(lib_a-wsetup.o)
                0x000000000800cb8c                __swsetup_r
 .text.abort    0x000000000800cc3c        0xe c:/myprogram/st/stm32cubeide_1.8.0/stm32cubeide/plugins/com.st.stm32cube.ide.mcu.externaltools.gnu-tools-for-stm32.10.3-2021.10.win32_1.0.0.202111181127/tools/bin/../lib/gcc/arm-none-eabi/10.3.1/../../../../arm-none-eabi/lib/thumb/v7e-m+dp/hard\libc.a(lib_a-abort.o)
                0x000000000800cc3c                abort
 *fill*         0x000000000800cc4a        0x2 
 .text.__sflush_r
                0x000000000800cc4c      0x11c c:/myprogram/st/stm32cubeide_1.8.0/stm32cubeide/plugins/com.st.stm32cube.ide.mcu.externaltools.gnu-tools-for-stm32.10.3-2021.10.win32_1.0.0.202111181127/tools/bin/../lib/gcc/arm-none-eabi/10.3.1/../../../../arm-none-eabi/lib/thumb/v7e-m+dp/hard\libc.a(lib_a-fflush.o)
                0x000000000800cc4c                __sflush_r
 .text._fflush_r
                0x000000000800cd68       0x4a c:/myprogram/st/stm32cubeide_1.8.0/stm32cubeide/plugins/com.st.stm32cube.ide.mcu.externaltools.gnu-tools-for-stm32.10.3-2021.10.win32_1.0.0.202111181127/tools/bin/../lib/gcc/arm-none-eabi/10.3.1/../../../../arm-none-eabi/lib/thumb/v7e-m+dp/hard\libc.a(lib_a-fflush.o)
                0x000000000800cd68                _fflush_r
 *fill*         0x000000000800cdb2        0x2 
 .text.std      0x000000000800cdb4       0x50 c:/myprogram/st/stm32cubeide_1.8.0/stm32cubeide/plugins/com.st.stm32cube.ide.mcu.externaltools.gnu-tools-for-stm32.10.3-2021.10.win32_1.0.0.202111181127/tools/bin/../lib/gcc/arm-none-eabi/10.3.1/../../../../arm-none-eabi/lib/thumb/v7e-m+dp/hard\libc.a(lib_a-findfp.o)
 .text._cleanup_r
                0x000000000800ce04        0xc c:/myprogram/st/stm32cubeide_1.8.0/stm32cubeide/plugins/com.st.stm32cube.ide.mcu.externaltools.gnu-tools-for-stm32.10.3-2021.10.win32_1.0.0.202111181127/tools/bin/../lib/gcc/arm-none-eabi/10.3.1/../../../../arm-none-eabi/lib/thumb/v7e-m+dp/hard\libc.a(lib_a-findfp.o)
                0x000000000800ce04                _cleanup_r
 .text.__sfp_lock_acquire
                0x000000000800ce10        0xc c:/myprogram/st/stm32cubeide_1.8.0/stm32cubeide/plugins/com.st.stm32cube.ide.mcu.externaltools.gnu-tools-for-stm32.10.3-2021.10.win32_1.0.0.202111181127/tools/bin/../lib/gcc/arm-none-eabi/10.3.1/../../../../arm-none-eabi/lib/thumb/v7e-m+dp/hard\libc.a(lib_a-findfp.o)
                0x000000000800ce10                __sfp_lock_acquire
 .text.__sfp_lock_release
                0x000000000800ce1c        0xc c:/myprogram/st/stm32cubeide_1.8.0/stm32cubeide/plugins/com.st.stm32cube.ide.mcu.externaltools.gnu-tools-for-stm32.10.3-2021.10.win32_1.0.0.202111181127/tools/bin/../lib/gcc/arm-none-eabi/10.3.1/../../../../arm-none-eabi/lib/thumb/v7e-m+dp/hard\libc.a(lib_a-findfp.o)
                0x000000000800ce1c                __sfp_lock_release
 .text.__sinit_lock_acquire
                0x000000000800ce28        0xc c:/myprogram/st/stm32cubeide_1.8.0/stm32cubeide/plugins/com.st.stm32cube.ide.mcu.externaltools.gnu-tools-for-stm32.10.3-2021.10.win32_1.0.0.202111181127/tools/bin/../lib/gcc/arm-none-eabi/10.3.1/../../../../arm-none-eabi/lib/thumb/v7e-m+dp/hard\libc.a(lib_a-findfp.o)
                0x000000000800ce28                __sinit_lock_acquire
 .text.__sinit_lock_release
                0x000000000800ce34        0xc c:/myprogram/st/stm32cubeide_1.8.0/stm32cubeide/plugins/com.st.stm32cube.ide.mcu.externaltools.gnu-tools-for-stm32.10.3-2021.10.win32_1.0.0.202111181127/tools/bin/../lib/gcc/arm-none-eabi/10.3.1/../../../../arm-none-eabi/lib/thumb/v7e-m+dp/hard\libc.a(lib_a-findfp.o)
                0x000000000800ce34                __sinit_lock_release
 .text.__sinit  0x000000000800ce40       0x50 c:/myprogram/st/stm32cubeide_1.8.0/stm32cubeide/plugins/com.st.stm32cube.ide.mcu.externaltools.gnu-tools-for-stm32.10.3-2021.10.win32_1.0.0.202111181127/tools/bin/../lib/gcc/arm-none-eabi/10.3.1/../../../../arm-none-eabi/lib/thumb/v7e-m+dp/hard\libc.a(lib_a-findfp.o)
                0x000000000800ce40                __sinit
 .text.__fputwc
                0x000000000800ce90       0x82 c:/myprogram/st/stm32cubeide_1.8.0/stm32cubeide/plugins/com.st.stm32cube.ide.mcu.externaltools.gnu-tools-for-stm32.10.3-2021.10.win32_1.0.0.202111181127/tools/bin/../lib/gcc/arm-none-eabi/10.3.1/../../../../arm-none-eabi/lib/thumb/v7e-m+dp/hard\libc.a(lib_a-fputwc.o)
                0x000000000800ce90                __fputwc
 .text._fputwc_r
                0x000000000800cf12       0x54 c:/myprogram/st/stm32cubeide_1.8.0/stm32cubeide/plugins/com.st.stm32cube.ide.mcu.externaltools.gnu-tools-for-stm32.10.3-2021.10.win32_1.0.0.202111181127/tools/bin/../lib/gcc/arm-none-eabi/10.3.1/../../../../arm-none-eabi/lib/thumb/v7e-m+dp/hard\libc.a(lib_a-fputwc.o)
                0x000000000800cf12                _fputwc_r
 *fill*         0x000000000800cf66        0x2 
 .text.__sfvwrite_r
                0x000000000800cf68      0x294 c:/myprogram/st/stm32cubeide_1.8.0/stm32cubeide/plugins/com.st.stm32cube.ide.mcu.externaltools.gnu-tools-for-stm32.10.3-2021.10.win32_1.0.0.202111181127/tools/bin/../lib/gcc/arm-none-eabi/10.3.1/../../../../arm-none-eabi/lib/thumb/v7e-m+dp/hard\libc.a(lib_a-fvwrite.o)
                0x000000000800cf68                __sfvwrite_r
 .text._fwalk_reent
                0x000000000800d1fc       0x3e c:/myprogram/st/stm32cubeide_1.8.0/stm32cubeide/plugins/com.st.stm32cube.ide.mcu.externaltools.gnu-tools-for-stm32.10.3-2021.10.win32_1.0.0.202111181127/tools/bin/../lib/gcc/arm-none-eabi/10.3.1/../../../../arm-none-eabi/lib/thumb/v7e-m+dp/hard\libc.a(lib_a-fwalk.o)
                0x000000000800d1fc                _fwalk_reent
 .text.__swhatbuf_r
                0x000000000800d23a       0x58 c:/myprogram/st/stm32cubeide_1.8.0/stm32cubeide/plugins/com.st.stm32cube.ide.mcu.externaltools.gnu-tools-for-stm32.10.3-2021.10.win32_1.0.0.202111181127/tools/bin/../lib/gcc/arm-none-eabi/10.3.1/../../../../arm-none-eabi/lib/thumb/v7e-m+dp/hard\libc.a(lib_a-makebuf.o)
                0x000000000800d23a                __swhatbuf_r
 *fill*         0x000000000800d292        0x2 
 .text.__smakebuf_r
                0x000000000800d294       0x80 c:/myprogram/st/stm32cubeide_1.8.0/stm32cubeide/plugins/com.st.stm32cube.ide.mcu.externaltools.gnu-tools-for-stm32.10.3-2021.10.win32_1.0.0.202111181127/tools/bin/../lib/gcc/arm-none-eabi/10.3.1/../../../../arm-none-eabi/lib/thumb/v7e-m+dp/hard\libc.a(lib_a-makebuf.o)
                0x000000000800d294                __smakebuf_r
 .text._raise_r
                0x000000000800d314       0x52 c:/myprogram/st/stm32cubeide_1.8.0/stm32cubeide/plugins/com.st.stm32cube.ide.mcu.externaltools.gnu-tools-for-stm32.10.3-2021.10.win32_1.0.0.202111181127/tools/bin/../lib/gcc/arm-none-eabi/10.3.1/../../../../arm-none-eabi/lib/thumb/v7e-m+dp/hard\libc.a(lib_a-signal.o)
                0x000000000800d314                _raise_r
 *fill*         0x000000000800d366        0x2 
 .text.raise    0x000000000800d368       0x10 c:/myprogram/st/stm32cubeide_1.8.0/stm32cubeide/plugins/com.st.stm32cube.ide.mcu.externaltools.gnu-tools-for-stm32.10.3-2021.10.win32_1.0.0.202111181127/tools/bin/../lib/gcc/arm-none-eabi/10.3.1/../../../../arm-none-eabi/lib/thumb/v7e-m+dp/hard\libc.a(lib_a-signal.o)
                0x000000000800d368                raise
 .text._kill_r  0x000000000800d378       0x24 c:/myprogram/st/stm32cubeide_1.8.0/stm32cubeide/plugins/com.st.stm32cube.ide.mcu.externaltools.gnu-tools-for-stm32.10.3-2021.10.win32_1.0.0.202111181127/tools/bin/../lib/gcc/arm-none-eabi/10.3.1/../../../../arm-none-eabi/lib/thumb/v7e-m+dp/hard\libc.a(lib_a-signalr.o)
                0x000000000800d378                _kill_r
 .text._getpid_r
                0x000000000800d39c        0x4 c:/myprogram/st/stm32cubeide_1.8.0/stm32cubeide/plugins/com.st.stm32cube.ide.mcu.externaltools.gnu-tools-for-stm32.10.3-2021.10.win32_1.0.0.202111181127/tools/bin/../lib/gcc/arm-none-eabi/10.3.1/../../../../arm-none-eabi/lib/thumb/v7e-m+dp/hard\libc.a(lib_a-signalr.o)
                0x000000000800d39c                _getpid_r
 .text.__sread  0x000000000800d3a0       0x22 c:/myprogram/st/stm32cubeide_1.8.0/stm32cubeide/plugins/com.st.stm32cube.ide.mcu.externaltools.gnu-tools-for-stm32.10.3-2021.10.win32_1.0.0.202111181127/tools/bin/../lib/gcc/arm-none-eabi/10.3.1/../../../../arm-none-eabi/lib/thumb/v7e-m+dp/hard\libc.a(lib_a-stdio.o)
                0x000000000800d3a0                __sread
 .text.__swrite
                0x000000000800d3c2       0x38 c:/myprogram/st/stm32cubeide_1.8.0/stm32cubeide/plugins/com.st.stm32cube.ide.mcu.externaltools.gnu-tools-for-stm32.10.3-2021.10.win32_1.0.0.202111181127/tools/bin/../lib/gcc/arm-none-eabi/10.3.1/../../../../arm-none-eabi/lib/thumb/v7e-m+dp/hard\libc.a(lib_a-stdio.o)
                0x000000000800d3c2                __swrite
 .text.__sseek  0x000000000800d3fa       0x24 c:/myprogram/st/stm32cubeide_1.8.0/stm32cubeide/plugins/com.st.stm32cube.ide.mcu.externaltools.gnu-tools-for-stm32.10.3-2021.10.win32_1.0.0.202111181127/tools/bin/../lib/gcc/arm-none-eabi/10.3.1/../../../../arm-none-eabi/lib/thumb/v7e-m+dp/hard\libc.a(lib_a-stdio.o)
                0x000000000800d3fa                __sseek
 .text.__sclose
                0x000000000800d41e        0x8 c:/myprogram/st/stm32cubeide_1.8.0/stm32cubeide/plugins/com.st.stm32cube.ide.mcu.externaltools.gnu-tools-for-stm32.10.3-2021.10.win32_1.0.0.202111181127/tools/bin/../lib/gcc/arm-none-eabi/10.3.1/../../../../arm-none-eabi/lib/thumb/v7e-m+dp/hard\libc.a(lib_a-stdio.o)
                0x000000000800d41e                __sclose
 .text.__swbuf_r
                0x000000000800d426       0x92 c:/myprogram/st/stm32cubeide_1.8.0/stm32cubeide/plugins/com.st.stm32cube.ide.mcu.externaltools.gnu-tools-for-stm32.10.3-2021.10.win32_1.0.0.202111181127/tools/bin/../lib/gcc/arm-none-eabi/10.3.1/../../../../arm-none-eabi/lib/thumb/v7e-m+dp/hard\libc.a(lib_a-wbuf.o)
                0x000000000800d426                __swbuf_r
 .text._wcrtomb_r
                0x000000000800d4b8       0x2c c:/myprogram/st/stm32cubeide_1.8.0/stm32cubeide/plugins/com.st.stm32cube.ide.mcu.externaltools.gnu-tools-for-stm32.10.3-2021.10.win32_1.0.0.202111181127/tools/bin/../lib/gcc/arm-none-eabi/10.3.1/../../../../arm-none-eabi/lib/thumb/v7e-m+dp/hard\libc.a(lib_a-wcrtomb.o)
                0x000000000800d4b8                _wcrtomb_r
 .text._write_r
                0x000000000800d4e4       0x24 c:/myprogram/st/stm32cubeide_1.8.0/stm32cubeide/plugins/com.st.stm32cube.ide.mcu.externaltools.gnu-tools-for-stm32.10.3-2021.10.win32_1.0.0.202111181127/tools/bin/../lib/gcc/arm-none-eabi/10.3.1/../../../../arm-none-eabi/lib/thumb/v7e-m+dp/hard\libc.a(lib_a-writer.o)
                0x000000000800d4e4                _write_r
 .text._close_r
                0x000000000800d508       0x20 c:/myprogram/st/stm32cubeide_1.8.0/stm32cubeide/plugins/com.st.stm32cube.ide.mcu.externaltools.gnu-tools-for-stm32.10.3-2021.10.win32_1.0.0.202111181127/tools/bin/../lib/gcc/arm-none-eabi/10.3.1/../../../../arm-none-eabi/lib/thumb/v7e-m+dp/hard\libc.a(lib_a-closer.o)
                0x000000000800d508                _close_r
 .text._fclose_r
                0x000000000800d528       0xae c:/myprogram/st/stm32cubeide_1.8.0/stm32cubeide/plugins/com.st.stm32cube.ide.mcu.externaltools.gnu-tools-for-stm32.10.3-2021.10.win32_1.0.0.202111181127/tools/bin/../lib/gcc/arm-none-eabi/10.3.1/../../../../arm-none-eabi/lib/thumb/v7e-m+dp/hard\libc.a(lib_a-fclose.o)
                0x000000000800d528                _fclose_r
 *fill*         0x000000000800d5d6        0x2 
 .text._fstat_r
                0x000000000800d5d8       0x24 c:/myprogram/st/stm32cubeide_1.8.0/stm32cubeide/plugins/com.st.stm32cube.ide.mcu.externaltools.gnu-tools-for-stm32.10.3-2021.10.win32_1.0.0.202111181127/tools/bin/../lib/gcc/arm-none-eabi/10.3.1/../../../../arm-none-eabi/lib/thumb/v7e-m+dp/hard\libc.a(lib_a-fstatr.o)
                0x000000000800d5d8                _fstat_r
 .text._isatty_r
                0x000000000800d5fc       0x20 c:/myprogram/st/stm32cubeide_1.8.0/stm32cubeide/plugins/com.st.stm32cube.ide.mcu.externaltools.gnu-tools-for-stm32.10.3-2021.10.win32_1.0.0.202111181127/tools/bin/../lib/gcc/arm-none-eabi/10.3.1/../../../../arm-none-eabi/lib/thumb/v7e-m+dp/hard\libc.a(lib_a-isattyr.o)
                0x000000000800d5fc                _isatty_r
 .text._lseek_r
                0x000000000800d61c       0x24 c:/myprogram/st/stm32cubeide_1.8.0/stm32cubeide/plugins/com.st.stm32cube.ide.mcu.externaltools.gnu-tools-for-stm32.10.3-2021.10.win32_1.0.0.202111181127/tools/bin/../lib/gcc/arm-none-eabi/10.3.1/../../../../arm-none-eabi/lib/thumb/v7e-m+dp/hard\libc.a(lib_a-lseekr.o)
                0x000000000800d61c                _lseek_r
 .text._read_r  0x000000000800d640       0x24 c:/myprogram/st/stm32cubeide_1.8.0/stm32cubeide/plugins/com.st.stm32cube.ide.mcu.externaltools.gnu-tools-for-stm32.10.3-2021.10.win32_1.0.0.202111181127/tools/bin/../lib/gcc/arm-none-eabi/10.3.1/../../../../arm-none-eabi/lib/thumb/v7e-m+dp/hard\libc.a(lib_a-readr.o)
                0x000000000800d640                _read_r
 *(.glue_7)
 .glue_7        0x000000000800d664        0x0 linker stubs
 *(.glue_7t)
 .glue_7t       0x000000000800d664        0x0 linker stubs
 *(.eh_frame)
 .eh_frame      0x000000000800d664        0x0 c:/myprogram/st/stm32cubeide_1.8.0/stm32cubeide/plugins/com.st.stm32cube.ide.mcu.externaltools.gnu-tools-for-stm32.10.3-2021.10.win32_1.0.0.202111181127/tools/bin/../lib/gcc/arm-none-eabi/10.3.1/thumb/v7e-m+dp/hard/crtbegin.o
 *(.init)
 .init          0x000000000800d664        0x4 c:/myprogram/st/stm32cubeide_1.8.0/stm32cubeide/plugins/com.st.stm32cube.ide.mcu.externaltools.gnu-tools-for-stm32.10.3-2021.10.win32_1.0.0.202111181127/tools/bin/../lib/gcc/arm-none-eabi/10.3.1/thumb/v7e-m+dp/hard/crti.o
                0x000000000800d664                _init
 .init          0x000000000800d668        0x8 c:/myprogram/st/stm32cubeide_1.8.0/stm32cubeide/plugins/com.st.stm32cube.ide.mcu.externaltools.gnu-tools-for-stm32.10.3-2021.10.win32_1.0.0.202111181127/tools/bin/../lib/gcc/arm-none-eabi/10.3.1/thumb/v7e-m+dp/hard/crtn.o
 *(.fini)
 .fini          0x000000000800d670        0x4 c:/myprogram/st/stm32cubeide_1.8.0/stm32cubeide/plugins/com.st.stm32cube.ide.mcu.externaltools.gnu-tools-for-stm32.10.3-2021.10.win32_1.0.0.202111181127/tools/bin/../lib/gcc/arm-none-eabi/10.3.1/thumb/v7e-m+dp/hard/crti.o
                0x000000000800d670                _fini
 .fini          0x000000000800d674        0x8 c:/myprogram/st/stm32cubeide_1.8.0/stm32cubeide/plugins/com.st.stm32cube.ide.mcu.externaltools.gnu-tools-for-stm32.10.3-2021.10.win32_1.0.0.202111181127/tools/bin/../lib/gcc/arm-none-eabi/10.3.1/thumb/v7e-m+dp/hard/crtn.o
                0x000000000800d67c                . = ALIGN (0x4)
                0x000000000800d67c                _etext = .

.vfp11_veneer   0x000000000800d67c        0x0
 .vfp11_veneer  0x000000000800d67c        0x0 linker stubs

.v4_bx          0x000000000800d67c        0x0
 .v4_bx         0x000000000800d67c        0x0 linker stubs

.iplt           0x000000000800d67c        0x0
 .iplt          0x000000000800d67c        0x0 c:/myprogram/st/stm32cubeide_1.8.0/stm32cubeide/plugins/com.st.stm32cube.ide.mcu.externaltools.gnu-tools-for-stm32.10.3-2021.10.win32_1.0.0.202111181127/tools/bin/../lib/gcc/arm-none-eabi/10.3.1/thumb/v7e-m+dp/hard/crtbegin.o

.rodata         0x000000000800d680      0x404
                0x000000000800d680                . = ALIGN (0x4)
 *(.rodata)
 .rodata        0x000000000800d680       0x11 ./USB_DEVICE/App/usbd_cdc_if.o
 *fill*         0x000000000800d691        0x3 
 .rodata        0x000000000800d694       0x46 ./USB_DEVICE/App/usbd_desc.o
 *(.rodata*)
 *fill*         0x000000000800d6da        0x2 
 .rodata.D1CorePrescTable
                0x000000000800d6dc       0x10 ./Core/Src/system_stm32h7xx.o
                0x000000000800d6dc                D1CorePrescTable
 .rodata._global_impure_ptr
                0x000000000800d6ec        0x4 c:/myprogram/st/stm32cubeide_1.8.0/stm32cubeide/plugins/com.st.stm32cube.ide.mcu.externaltools.gnu-tools-for-stm32.10.3-2021.10.win32_1.0.0.202111181127/tools/bin/../lib/gcc/arm-none-eabi/10.3.1/../../../../arm-none-eabi/lib/thumb/v7e-m+dp/hard\libc.a(lib_a-impure.o)
                0x000000000800d6ec                _global_impure_ptr
 .rodata._svfprintf_r.str1.1
                0x000000000800d6f0       0x34 c:/myprogram/st/stm32cubeide_1.8.0/stm32cubeide/plugins/com.st.stm32cube.ide.mcu.externaltools.gnu-tools-for-stm32.10.3-2021.10.win32_1.0.0.202111181127/tools/bin/../lib/gcc/arm-none-eabi/10.3.1/../../../../arm-none-eabi/lib/thumb/v7e-m+dp/hard\libc.a(lib_a-svfprintf.o)
 .rodata.blanks.1
                0x000000000800d724       0x10 c:/myprogram/st/stm32cubeide_1.8.0/stm32cubeide/plugins/com.st.stm32cube.ide.mcu.externaltools.gnu-tools-for-stm32.10.3-2021.10.win32_1.0.0.202111181127/tools/bin/../lib/gcc/arm-none-eabi/10.3.1/../../../../arm-none-eabi/lib/thumb/v7e-m+dp/hard\libc.a(lib_a-svfprintf.o)
 .rodata.zeroes.0
                0x000000000800d734       0x10 c:/myprogram/st/stm32cubeide_1.8.0/stm32cubeide/plugins/com.st.stm32cube.ide.mcu.externaltools.gnu-tools-for-stm32.10.3-2021.10.win32_1.0.0.202111181127/tools/bin/../lib/gcc/arm-none-eabi/10.3.1/../../../../arm-none-eabi/lib/thumb/v7e-m+dp/hard\libc.a(lib_a-svfprintf.o)
 .rodata._dtoa_r.str1.1
                0x000000000800d744       0x79 c:/myprogram/st/stm32cubeide_1.8.0/stm32cubeide/plugins/com.st.stm32cube.ide.mcu.externaltools.gnu-tools-for-stm32.10.3-2021.10.win32_1.0.0.202111181127/tools/bin/../lib/gcc/arm-none-eabi/10.3.1/../../../../arm-none-eabi/lib/thumb/v7e-m+dp/hard\libc.a(lib_a-dtoa.o)
                                         0x7b (size before relaxing)
 .rodata.__multadd.str1.1
                0x000000000800d7bd       0x5c c:/myprogram/st/stm32cubeide_1.8.0/stm32cubeide/plugins/com.st.stm32cube.ide.mcu.externaltools.gnu-tools-for-stm32.10.3-2021.10.win32_1.0.0.202111181127/tools/bin/../lib/gcc/arm-none-eabi/10.3.1/../../../../arm-none-eabi/lib/thumb/v7e-m+dp/hard\libc.a(lib_a-mprec.o)
                                         0x6d (size before relaxing)
 *fill*         0x000000000800d819        0x7 
 .rodata.__mprec_bigtens
                0x000000000800d820       0x28 c:/myprogram/st/stm32cubeide_1.8.0/stm32cubeide/plugins/com.st.stm32cube.ide.mcu.externaltools.gnu-tools-for-stm32.10.3-2021.10.win32_1.0.0.202111181127/tools/bin/../lib/gcc/arm-none-eabi/10.3.1/../../../../arm-none-eabi/lib/thumb/v7e-m+dp/hard\libc.a(lib_a-mprec.o)
                0x000000000800d820                __mprec_bigtens
 .rodata.__mprec_tens
                0x000000000800d848       0xc8 c:/myprogram/st/stm32cubeide_1.8.0/stm32cubeide/plugins/com.st.stm32cube.ide.mcu.externaltools.gnu-tools-for-stm32.10.3-2021.10.win32_1.0.0.202111181127/tools/bin/../lib/gcc/arm-none-eabi/10.3.1/../../../../arm-none-eabi/lib/thumb/v7e-m+dp/hard\libc.a(lib_a-mprec.o)
                0x000000000800d848                __mprec_tens
 .rodata.p05.0  0x000000000800d910        0xc c:/myprogram/st/stm32cubeide_1.8.0/stm32cubeide/plugins/com.st.stm32cube.ide.mcu.externaltools.gnu-tools-for-stm32.10.3-2021.10.win32_1.0.0.202111181127/tools/bin/../lib/gcc/arm-none-eabi/10.3.1/../../../../arm-none-eabi/lib/thumb/v7e-m+dp/hard\libc.a(lib_a-mprec.o)
 .rodata.__assert_func.str1.1
                0x000000000800d91c       0x3c c:/myprogram/st/stm32cubeide_1.8.0/stm32cubeide/plugins/com.st.stm32cube.ide.mcu.externaltools.gnu-tools-for-stm32.10.3-2021.10.win32_1.0.0.202111181127/tools/bin/../lib/gcc/arm-none-eabi/10.3.1/../../../../arm-none-eabi/lib/thumb/v7e-m+dp/hard\libc.a(lib_a-assert.o)
                                         0x3d (size before relaxing)